OpenJDK 64-Bit Server VM (25.191-b12) for linux-amd64 JRE (1.8.0_191-b12), built on Nov 19 2018 16:07:16 by "mockbuild" with gcc 4.8.5 20150623 (Red Hat 4.8.5-36)
Memory: 4k page, physical 50130908k(11733540k free), swap 3354620k(3303420k free)
CommandLine flags: -XX:ConcGCThreads=14 -XX:G1HeapRegionSize=4194304 -XX:GCLogFileSize=10485760 -XX:+HeapDumpOnOutOfMemoryError -XX:HeapDumpPath=/home/tomcat/server/SecServer/ -XX:InitialHeapSize=10485760000 -XX:InitiatingHeapOccupancyPercent=50 -XX:MaxHeapSize=10485760000 -XX:NumberOfGCLogFiles=5 -XX:ParallelGCThreads=14 -XX:+PrintGC -XX:+PrintGCDateStamps -XX:+PrintGCDetails -XX:+PrintGCTimeStamps -XX:+UseCompressedClassPointers -XX:+UseCompressedOops -XX:+UseG1GC -XX:+UseGCLogFileRotation
2021-03-29T01:00:43.468+0800: 2.051: [GC pause (G1 Evacuation Pause) (young), 0.0621553 secs]
   [Parallel Time: 19.0 ms, GC Workers: 14]
      [GC Worker Start (ms): Min: 2050.9, Avg: 2061.7, Max: 2069.6, Diff: 18.8]
      [Ext Root Scanning (ms): Min: 0.0, Avg: 0.4, Max: 2.0, Diff: 2.0, Sum: 5.2]
      [Update RS (ms): Min: 0.0, Avg: 0.0, Max: 0.0, Diff: 0.0, Sum: 0.0]
         [Processed Buffers: Min: 0, Avg: 0.0, Max: 0, Diff: 0, Sum: 0]
      [Scan RS (ms): Min: 0.0, Avg: 0.0, Max: 0.1, Diff: 0.1, Sum: 0.2]
      [Code Root Scanning (ms): Min: 0.0, Avg: 1.5, Max: 14.7, Diff: 14.7, Sum: 21.6]
      [Object Copy (ms): Min: 0.0, Avg: 5.6, Max: 16.1, Diff: 16.1, Sum: 78.4]
      [Termination (ms): Min: 0.0, Avg: 0.4, Max: 0.6, Diff: 0.6, Sum: 5.8]
         [Termination Attempts: Min: 1, Avg: 14.6, Max: 50, Diff: 49, Sum: 205]
      [GC Worker Other (ms): Min: 0.0, Avg: 0.0, Max: 0.0, Diff: 0.0, Sum: 0.1]
      [GC Worker Total (ms): Min: 0.0, Avg: 8.0, Max: 18.8, Diff: 18.8, Sum: 111.4]
      [GC Worker End (ms): Min: 2069.7, Avg: 2069.7, Max: 2069.7, Diff: 0.0]
   [Code Root Fixup: 0.1 ms]
   [Code Root Purge: 0.0 ms]
   [Clear CT: 0.4 ms]
   [Other: 42.6 ms]
      [Choose CSet: 0.0 ms]
      [Ref Proc: 41.2 ms]
      [Ref Enq: 0.3 ms]
      [Redirty Cards: 0.2 ms]
      [Humongous Register: 0.1 ms]
      [Humongous Reclaim: 0.0 ms]
      [Free CSet: 0.3 ms]
   [Eden: 500.0M(500.0M)->0.0B(448.0M) Survivors: 0.0B->52.0M Heap: 500.0M(10000.0M)->48.4M(10000.0M)]
 [Times: user=0.30 sys=0.02, real=0.06 secs]
2021-03-29T01:00:44.246+0800: 2.829: [GC pause (G1 Evacuation Pause) (young), 0.0747387 secs]
   [Parallel Time: 31.2 ms, GC Workers: 14]
      [GC Worker Start (ms): Min: 2829.0, Avg: 2840.0, Max: 2851.2, Diff: 22.2]
      [Ext Root Scanning (ms): Min: 0.0, Avg: 1.1, Max: 12.4, Diff: 12.4, Sum: 14.8]
      [Update RS (ms): Min: 0.0, Avg: 0.0, Max: 0.0, Diff: 0.0, Sum: 0.0]
         [Processed Buffers: Min: 0, Avg: 0.0, Max: 0, Diff: 0, Sum: 0]
      [Scan RS (ms): Min: 0.0, Avg: 0.0, Max: 0.1, Diff: 0.1, Sum: 0.2]
      [Code Root Scanning (ms): Min: 0.0, Avg: 0.2, Max: 2.1, Diff: 2.1, Sum: 2.2]
      [Object Copy (ms): Min: 0.0, Avg: 3.2, Max: 11.9, Diff: 11.9, Sum: 44.6]
      [Termination (ms): Min: 0.0, Avg: 6.9, Max: 9.9, Diff: 9.9, Sum: 96.3]
         [Termination Attempts: Min: 1, Avg: 6.9, Max: 30, Diff: 29, Sum: 96]
      [GC Worker Other (ms): Min: 0.0, Avg: 0.0, Max: 0.0, Diff: 0.0, Sum: 0.1]
      [GC Worker Total (ms): Min: 0.0, Avg: 11.3, Max: 22.3, Diff: 22.2, Sum: 158.2]
      [GC Worker End (ms): Min: 2851.3, Avg: 2851.3, Max: 2851.3, Diff: 0.0]
   [Code Root Fixup: 0.1 ms]
   [Code Root Purge: 0.0 ms]
   [Clear CT: 0.4 ms]
   [Other: 43.0 ms]
      [Choose CSet: 0.0 ms]
      [Ref Proc: 41.7 ms]
      [Ref Enq: 0.2 ms]
      [Redirty Cards: 0.3 ms]
      [Humongous Register: 0.2 ms]
      [Humongous Reclaim: 0.0 ms]
      [Free CSet: 0.2 ms]
   [Eden: 448.0M(448.0M)->0.0B(436.0M) Survivors: 52.0M->64.0M Heap: 496.4M(10000.0M)->64.2M(10000.0M)]
 [Times: user=0.45 sys=0.01, real=0.08 secs]
2021-03-29T01:00:44.944+0800: 3.527: [GC pause (G1 Evacuation Pause) (young), 0.0410808 secs]
   [Parallel Time: 11.8 ms, GC Workers: 14]
      [GC Worker Start (ms): Min: 3527.1, Avg: 3532.5, Max: 3538.7, Diff: 11.6]
      [Ext Root Scanning (ms): Min: 0.0, Avg: 0.2, Max: 1.1, Diff: 1.1, Sum: 2.4]
      [Update RS (ms): Min: 0.0, Avg: 0.0, Max: 0.1, Diff: 0.1, Sum: 0.1]
         [Processed Buffers: Min: 0, Avg: 0.1, Max: 1, Diff: 1, Sum: 1]
      [Scan RS (ms): Min: 0.0, Avg: 0.0, Max: 0.1, Diff: 0.1, Sum: 0.2]
      [Code Root Scanning (ms): Min: 0.0, Avg: 0.9, Max: 10.1, Diff: 10.1, Sum: 12.8]
      [Object Copy (ms): Min: 0.0, Avg: 4.7, Max: 10.3, Diff: 10.3, Sum: 66.4]
      [Termination (ms): Min: 0.0, Avg: 0.4, Max: 0.6, Diff: 0.6, Sum: 5.3]
         [Termination Attempts: Min: 1, Avg: 2.0, Max: 5, Diff: 4, Sum: 28]
      [GC Worker Other (ms): Min: 0.0, Avg: 0.0, Max: 0.0, Diff: 0.0, Sum: 0.1]
      [GC Worker Total (ms): Min: 0.0, Avg: 6.2, Max: 11.6, Diff: 11.6, Sum: 87.2]
      [GC Worker End (ms): Min: 3538.7, Avg: 3538.7, Max: 3538.7, Diff: 0.0]
   [Code Root Fixup: 0.1 ms]
   [Code Root Purge: 0.0 ms]
   [Clear CT: 0.5 ms]
   [Other: 28.7 ms]
      [Choose CSet: 0.0 ms]
      [Ref Proc: 27.5 ms]
      [Ref Enq: 0.1 ms]
      [Redirty Cards: 0.3 ms]
      [Humongous Register: 0.1 ms]
      [Humongous Reclaim: 0.0 ms]
      [Free CSet: 0.2 ms]
   [Eden: 436.0M(436.0M)->0.0B(436.0M) Survivors: 64.0M->64.0M Heap: 500.2M(10000.0M)->64.2M(10000.0M)]
 [Times: user=0.26 sys=0.01, real=0.04 secs]
2021-03-29T01:00:45.795+0800: 4.378: [GC pause (G1 Evacuation Pause) (young), 0.1511510 secs]
   [Parallel Time: 9.4 ms, GC Workers: 14]
      [GC Worker Start (ms): Min: 4377.9, Avg: 4381.1, Max: 4387.1, Diff: 9.2]
      [Ext Root Scanning (ms): Min: 0.0, Avg: 0.2, Max: 1.2, Diff: 1.2, Sum: 2.4]
      [Update RS (ms): Min: 0.0, Avg: 0.0, Max: 0.1, Diff: 0.1, Sum: 0.1]
         [Processed Buffers: Min: 0, Avg: 0.1, Max: 1, Diff: 1, Sum: 1]
      [Scan RS (ms): Min: 0.0, Avg: 0.0, Max: 0.1, Diff: 0.0, Sum: 0.2]
      [Code Root Scanning (ms): Min: 0.0, Avg: 1.3, Max: 8.7, Diff: 8.7, Sum: 17.9]
      [Object Copy (ms): Min: 0.0, Avg: 3.8, Max: 7.8, Diff: 7.8, Sum: 52.9]
      [Termination (ms): Min: 0.0, Avg: 0.9, Max: 1.2, Diff: 1.2, Sum: 12.5]
         [Termination Attempts: Min: 1, Avg: 1.0, Max: 1, Diff: 0, Sum: 14]
      [GC Worker Other (ms): Min: 0.0, Avg: 0.0, Max: 0.0, Diff: 0.0, Sum: 0.2]
      [GC Worker Total (ms): Min: 0.2, Avg: 6.2, Max: 9.3, Diff: 9.2, Sum: 86.2]
      [GC Worker End (ms): Min: 4387.3, Avg: 4387.3, Max: 4387.3, Diff: 0.0]
   [Code Root Fixup: 0.0 ms]
   [Code Root Purge: 0.0 ms]
   [Clear CT: 0.5 ms]
   [Other: 141.2 ms]
      [Choose CSet: 0.0 ms]
      [Ref Proc: 139.7 ms]
      [Ref Enq: 0.1 ms]
      [Redirty Cards: 0.6 ms]
      [Humongous Register: 0.1 ms]
      [Humongous Reclaim: 0.0 ms]
      [Free CSet: 0.2 ms]
   [Eden: 436.0M(436.0M)->0.0B(436.0M) Survivors: 64.0M->64.0M Heap: 500.2M(10000.0M)->112.4M(10000.0M)]
 [Times: user=0.20 sys=0.01, real=0.15 secs]
2021-03-29T01:00:46.701+0800: 5.284: [GC pause (G1 Evacuation Pause) (young), 0.0398354 secs]
   [Parallel Time: 20.1 ms, GC Workers: 14]
      [GC Worker Start (ms): Min: 5283.7, Avg: 5293.0, Max: 5303.5, Diff: 19.8]
      [Ext Root Scanning (ms): Min: 0.0, Avg: 0.2, Max: 1.2, Diff: 1.2, Sum: 2.5]
      [Update RS (ms): Min: 0.0, Avg: 0.1, Max: 0.4, Diff: 0.4, Sum: 1.8]
         [Processed Buffers: Min: 0, Avg: 1.1, Max: 4, Diff: 4, Sum: 16]
      [Scan RS (ms): Min: 0.0, Avg: 3.1, Max: 7.6, Diff: 7.6, Sum: 43.7]
      [Code Root Scanning (ms): Min: 0.0, Avg: 0.2, Max: 0.8, Diff: 0.8, Sum: 2.4]
      [Object Copy (ms): Min: 0.0, Avg: 6.7, Max: 11.3, Diff: 11.3, Sum: 93.2]
      [Termination (ms): Min: 0.0, Avg: 0.2, Max: 0.3, Diff: 0.3, Sum: 3.4]
         [Termination Attempts: Min: 1, Avg: 2.0, Max: 5, Diff: 4, Sum: 28]
      [GC Worker Other (ms): Min: 0.0, Avg: 0.0, Max: 0.0, Diff: 0.0, Sum: 0.2]
      [GC Worker Total (ms): Min: 0.0, Avg: 10.5, Max: 19.9, Diff: 19.8, Sum: 147.3]
      [GC Worker End (ms): Min: 5303.5, Avg: 5303.5, Max: 5303.6, Diff: 0.0]
   [Code Root Fixup: 0.1 ms]
   [Code Root Purge: 0.0 ms]
   [Clear CT: 0.5 ms]
   [Other: 19.1 ms]
      [Choose CSet: 0.0 ms]
      [Ref Proc: 17.4 ms]
      [Ref Enq: 0.2 ms]
      [Redirty Cards: 0.4 ms]
      [Humongous Register: 0.1 ms]
      [Humongous Reclaim: 0.0 ms]
      [Free CSet: 0.2 ms]
   [Eden: 436.0M(436.0M)->0.0B(436.0M) Survivors: 64.0M->64.0M Heap: 548.4M(10000.0M)->126.0M(10000.0M)]
 [Times: user=0.15 sys=0.01, real=0.04 secs]
2021-03-29T01:00:47.421+0800: 6.004: [GC pause (G1 Evacuation Pause) (young), 0.0664267 secs]
   [Parallel Time: 34.7 ms, GC Workers: 14]
      [GC Worker Start (ms): Min: 6004.1, Avg: 6016.5, Max: 6033.5, Diff: 29.4]
      [Ext Root Scanning (ms): Min: 0.0, Avg: 0.2, Max: 1.3, Diff: 1.3, Sum: 2.9]
      [Update RS (ms): Min: 0.0, Avg: 0.3, Max: 0.8, Diff: 0.8, Sum: 4.0]
         [Processed Buffers: Min: 0, Avg: 1.5, Max: 5, Diff: 5, Sum: 21]
      [Scan RS (ms): Min: 0.0, Avg: 3.1, Max: 7.6, Diff: 7.6, Sum: 43.3]
      [Code Root Scanning (ms): Min: 0.0, Avg: 0.2, Max: 1.2, Diff: 1.2, Sum: 2.6]
      [Object Copy (ms): Min: 0.0, Avg: 14.9, Max: 24.6, Diff: 24.6, Sum: 208.5]
      [Termination (ms): Min: 0.3, Avg: 3.3, Max: 5.4, Diff: 5.1, Sum: 46.4]
         [Termination Attempts: Min: 1, Avg: 289.4, Max: 514, Diff: 513, Sum: 4051]
      [GC Worker Other (ms): Min: 0.0, Avg: 0.0, Max: 0.1, Diff: 0.1, Sum: 0.3]
      [GC Worker Total (ms): Min: 5.1, Avg: 22.0, Max: 34.4, Diff: 29.4, Sum: 308.0]
      [GC Worker End (ms): Min: 6038.5, Avg: 6038.5, Max: 6038.6, Diff: 0.1]
   [Code Root Fixup: 0.2 ms]
   [Code Root Purge: 0.0 ms]
   [Clear CT: 0.5 ms]
   [Other: 31.1 ms]
      [Choose CSet: 0.0 ms]
      [Ref Proc: 29.5 ms]
      [Ref Enq: 0.2 ms]
      [Redirty Cards: 0.4 ms]
      [Humongous Register: 0.2 ms]
      [Humongous Reclaim: 0.0 ms]
      [Free CSet: 0.2 ms]
   [Eden: 436.0M(436.0M)->0.0B(440.0M) Survivors: 64.0M->60.0M Heap: 562.0M(10000.0M)->155.5M(10000.0M)]
 [Times: user=0.32 sys=0.00, real=0.06 secs]
2021-03-29T01:00:48.165+0800: 6.747: [GC pause (G1 Evacuation Pause) (young), 0.0386070 secs]
   [Parallel Time: 10.8 ms, GC Workers: 14]
      [GC Worker Start (ms): Min: 6747.4, Avg: 6753.5, Max: 6757.9, Diff: 10.5]
      [Ext Root Scanning (ms): Min: 0.0, Avg: 0.1, Max: 0.4, Diff: 0.4, Sum: 1.6]
      [Update RS (ms): Min: 0.0, Avg: 0.8, Max: 5.5, Diff: 5.5, Sum: 10.7]
         [Processed Buffers: Min: 0, Avg: 1.8, Max: 11, Diff: 11, Sum: 25]
      [Scan RS (ms): Min: 0.0, Avg: 0.2, Max: 0.6, Diff: 0.6, Sum: 2.2]
      [Code Root Scanning (ms): Min: 0.0, Avg: 0.0, Max: 0.1, Diff: 0.1, Sum: 0.1]
      [Object Copy (ms): Min: 0.0, Avg: 3.0, Max: 7.8, Diff: 7.8, Sum: 42.4]
      [Termination (ms): Min: 0.0, Avg: 0.4, Max: 0.5, Diff: 0.5, Sum: 5.0]
         [Termination Attempts: Min: 1, Avg: 1.0, Max: 1, Diff: 0, Sum: 14]
      [GC Worker Other (ms): Min: 0.0, Avg: 0.0, Max: 0.0, Diff: 0.0, Sum: 0.1]
      [GC Worker Total (ms): Min: 0.0, Avg: 4.4, Max: 10.6, Diff: 10.5, Sum: 62.2]
      [GC Worker End (ms): Min: 6757.9, Avg: 6757.9, Max: 6758.0, Diff: 0.0]
   [Code Root Fixup: 0.0 ms]
   [Code Root Purge: 0.0 ms]
   [Clear CT: 0.5 ms]
   [Other: 27.3 ms]
      [Choose CSet: 0.0 ms]
      [Ref Proc: 26.0 ms]
      [Ref Enq: 0.2 ms]
      [Redirty Cards: 0.3 ms]
      [Humongous Register: 0.1 ms]
      [Humongous Reclaim: 0.0 ms]
      [Free CSet: 0.1 ms]
   [Eden: 440.0M(440.0M)->0.0B(440.0M) Survivors: 60.0M->60.0M Heap: 595.5M(10000.0M)->155.5M(10000.0M)]
 [Times: user=0.13 sys=0.00, real=0.04 secs]
2021-03-29T01:00:48.958+0800: 7.541: [GC pause (G1 Evacuation Pause) (young), 0.0346456 secs]
   [Parallel Time: 10.2 ms, GC Workers: 14]
      [GC Worker Start (ms): Min: 7540.9, Avg: 7546.7, Max: 7550.9, Diff: 10.0]
      [Ext Root Scanning (ms): Min: 0.0, Avg: 0.1, Max: 0.5, Diff: 0.5, Sum: 1.6]
      [Update RS (ms): Min: 0.0, Avg: 0.2, Max: 0.9, Diff: 0.9, Sum: 3.1]
         [Processed Buffers: Min: 0, Avg: 1.7, Max: 11, Diff: 11, Sum: 24]
      [Scan RS (ms): Min: 0.0, Avg: 0.0, Max: 0.1, Diff: 0.1, Sum: 0.4]
      [Code Root Scanning (ms): Min: 0.0, Avg: 0.0, Max: 0.1, Diff: 0.1, Sum: 0.1]
      [Object Copy (ms): Min: 0.0, Avg: 3.5, Max: 8.2, Diff: 8.2, Sum: 49.0]
      [Termination (ms): Min: 0.0, Avg: 0.4, Max: 0.5, Diff: 0.5, Sum: 4.9]
         [Termination Attempts: Min: 1, Avg: 1.0, Max: 1, Diff: 0, Sum: 14]
      [GC Worker Other (ms): Min: 0.0, Avg: 0.0, Max: 0.0, Diff: 0.0, Sum: 0.1]
      [GC Worker Total (ms): Min: 0.0, Avg: 4.2, Max: 10.0, Diff: 10.0, Sum: 59.3]
      [GC Worker End (ms): Min: 7550.9, Avg: 7550.9, Max: 7551.0, Diff: 0.0]
   [Code Root Fixup: 0.0 ms]
   [Code Root Purge: 0.0 ms]
   [Clear CT: 0.5 ms]
   [Other: 23.9 ms]
      [Choose CSet: 0.0 ms]
      [Ref Proc: 22.5 ms]
      [Ref Enq: 0.3 ms]
      [Redirty Cards: 0.3 ms]
      [Humongous Register: 0.1 ms]
      [Humongous Reclaim: 0.0 ms]
      [Free CSet: 0.1 ms]
   [Eden: 440.0M(440.0M)->0.0B(1364.0M) Survivors: 60.0M->64.0M Heap: 595.5M(10000.0M)->166.2M(10000.0M)]
 [Times: user=0.08 sys=0.00, real=0.04 secs]
2021-03-29T01:00:50.520+0800: 9.103: [GC pause (Metadata GC Threshold) (young) (initial-mark), 0.0592755 secs]
   [Parallel Time: 13.4 ms, GC Workers: 14]
      [GC Worker Start (ms): Min: 9103.0, Avg: 9104.2, Max: 9104.7, Diff: 1.7]
      [Ext Root Scanning (ms): Min: 0.1, Avg: 8.3, Max: 12.4, Diff: 12.3, Sum: 115.8]
      [Update RS (ms): Min: 0.0, Avg: 0.4, Max: 1.5, Diff: 1.5, Sum: 5.4]
         [Processed Buffers: Min: 0, Avg: 2.1, Max: 10, Diff: 10, Sum: 30]
      [Scan RS (ms): Min: 0.0, Avg: 0.2, Max: 0.9, Diff: 0.9, Sum: 3.3]
      [Code Root Scanning (ms): Min: 0.0, Avg: 0.0, Max: 0.2, Diff: 0.2, Sum: 0.3]
      [Object Copy (ms): Min: 0.0, Avg: 2.6, Max: 9.0, Diff: 9.0, Sum: 35.9]
      [Termination (ms): Min: 0.0, Avg: 0.5, Max: 0.8, Diff: 0.8, Sum: 6.5]
         [Termination Attempts: Min: 1, Avg: 6.6, Max: 26, Diff: 25, Sum: 92]
      [GC Worker Other (ms): Min: 0.0, Avg: 0.0, Max: 0.0, Diff: 0.0, Sum: 0.2]
      [GC Worker Total (ms): Min: 11.5, Avg: 12.0, Max: 13.2, Diff: 1.7, Sum: 167.5]
      [GC Worker End (ms): Min: 9116.1, Avg: 9116.2, Max: 9116.2, Diff: 0.0]
   [Code Root Fixup: 0.0 ms]
   [Code Root Purge: 0.0 ms]
   [Clear CT: 0.5 ms]
   [Other: 45.3 ms]
      [Choose CSet: 0.0 ms]
      [Ref Proc: 43.3 ms]
      [Ref Enq: 0.6 ms]
      [Redirty Cards: 0.3 ms]
      [Humongous Register: 0.1 ms]
      [Humongous Reclaim: 0.0 ms]
      [Free CSet: 0.3 ms]
   [Eden: 880.0M(1364.0M)->0.0B(5908.0M) Survivors: 64.0M->92.0M Heap: 1044.2M(10000.0M)->194.2M(10000.0M)]
 [Times: user=0.09 sys=0.01, real=0.06 secs]
2021-03-29T01:00:50.579+0800: 9.162: [GC concurrent-root-region-scan-start]
2021-03-29T01:00:50.590+0800: 9.172: [GC concurrent-root-region-scan-end, 0.0100483 secs]
2021-03-29T01:00:50.590+0800: 9.172: [GC concurrent-mark-start]
2021-03-29T01:00:50.605+0800: 9.187: [GC concurrent-mark-end, 0.0153623 secs]
2021-03-29T01:00:50.605+0800: 9.188: [GC remark 2021-03-29T01:00:50.605+0800: 9.188: [Finalize Marking, 0.0005021 secs] 2021-03-29T01:00:50.606+0800: 9.188: [GC ref-proc, 0.0005562 secs] 2021-03-29T01:00:50.607+0800: 9.189: [Unloading, 0.0033037 secs], 0.0050913 secs]
 [Times: user=0.02 sys=0.00, real=0.01 secs]
2021-03-29T01:00:50.611+0800: 9.193: [GC cleanup 200M->138M(10000M), 0.0040619 secs]
 [Times: user=0.01 sys=0.00, real=0.00 secs]
2021-03-29T01:00:50.615+0800: 9.198: [GC concurrent-cleanup-start]
2021-03-29T01:00:50.615+0800: 9.198: [GC concurrent-cleanup-end, 0.0000531 secs]
2021-03-29T01:00:52.382+0800: 10.964: [GC pause (Metadata GC Threshold) (young) (initial-mark), 0.0262642 secs] [Parallel Time: 21.7 ms, GC Workers: 14] [GC Worker Start (ms): Min: 10964.6, Avg: 10965.3, Max: 10965.6, Diff: 1.1] [Ext Root Scanning (ms): Min: 1.5, Avg: 8.2, Max: 20.3, Diff: 18.8, Sum: 114.6]
      [Update RS (ms): Min: 0.0, Avg: 0.3, Max: 1.1, Diff: 1.1, Sum: 4.1]
         [Processed Buffers: Min: 0, Avg: 2.3, Max: 14, Diff: 14, Sum: 32]
      [Scan RS (ms): Min: 0.0, Avg: 0.1, Max: 0.3, Diff: 0.3, Sum: 1.1]
      [Code Root Scanning (ms): Min: 0.0, Avg: 1.3, Max: 8.8, Diff: 8.8, Sum: 18.4]
      [Object Copy (ms): Min: 0.0, Avg: 3.9, Max: 8.4, Diff: 8.4, Sum: 54.1]
      [Termination (ms): Min: 0.0, Avg: 6.3, Max: 9.6, Diff: 9.6, Sum: 88.3]
         [Termination Attempts: Min: 1, Avg: 11.4, Max: 29, Diff: 28, Sum: 159]
      [GC Worker Other (ms): Min: 0.0, Avg: 0.0, Max: 0.0, Diff: 0.0, Sum: 0.1]
      [GC Worker Total (ms): Min: 19.6, Avg: 20.0, Max: 20.7, Diff: 1.1, Sum: 280.7]
      [GC Worker End (ms): Min: 10985.3, Avg: 10985.3, Max: 10986.1, Diff: 0.8]
   [Code Root Fixup: 0.0 ms]
   [Code Root Purge: 0.0 ms]
   [Clear CT: 0.4 ms]
   [Other: 4.1 ms]
      [Choose CSet: 0.0 ms]
      [Ref Proc: 2.6 ms]
      [Ref Enq: 0.2 ms]
      [Redirty Cards: 0.3 ms]
      [Humongous Register: 0.1 ms]
      [Humongous Reclaim: 0.0 ms]
      [Free CSet: 0.3 ms]
   [Eden: 740.0M(5908.0M)->0.0B(4272.0M) Survivors: 92.0M->40.0M Heap: 870.0M(10000.0M)->80.0M(10000.0M)]
 [Times: user=0.12 sys=0.01, real=0.02 secs]
2021-03-29T01:00:52.408+0800: 10.991: [GC concurrent-root-region-scan-start]
2021-03-29T01:00:52.414+0800: 10.997: [GC concurrent-root-region-scan-end, 0.0060991 secs]
2021-03-29T01:00:52.414+0800: 10.997: [GC concurrent-mark-start]
2021-03-29T01:00:52.483+0800: 11.066: [GC concurrent-mark-end, 0.0691120 secs]
2021-03-29T01:00:52.487+0800: 11.069: [GC remark 2021-03-29T01:00:52.487+0800: 11.069: [Finalize Marking, 0.0125440 secs] 2021-03-29T01:00:52.499+0800: 11.082: [GC ref-proc, 0.0006540 secs] 2021-03-29T01:00:52.500+0800: 11.082: [Unloading, 0.0068326 secs], 0.0208460 secs]
 [Times: user=0.08 sys=0.00, real=0.02 secs]
2021-03-29T01:00:52.508+0800: 11.090: [GC cleanup 110M->110M(10000M), 0.0059248 secs]
 [Times: user=0.01 sys=0.00, real=0.01 secs]
2021-03-29T01:00:57.214+0800: 15.796: [GC pause (Metadata GC Threshold) (young) (initial-mark), 0.0700598 secs]
   [Parallel Time: 57.8 ms, GC Workers: 14]
      [GC Worker Start (ms): Min: 15804.1, Avg: 15807.7, Max: 15808.5, Diff: 4.4]
      [Ext Root Scanning (ms): Min: 0.6, Avg: 19.9, Max: 37.4, Diff: 36.8, Sum: 278.8]
      [Update RS (ms): Min: 0.0, Avg: 0.2, Max: 3.5, Diff: 3.5, Sum: 3.5]
         [Processed Buffers: Min: 0, Avg: 1.9, Max: 26, Diff: 26, Sum: 26]
      [Scan RS (ms): Min: 0.0, Avg: 0.1, Max: 0.4, Diff: 0.3, Sum: 1.0]
      [Code Root Scanning (ms): Min: 0.0, Avg: 0.2, Max: 2.7, Diff: 2.7, Sum: 2.7]
      [Object Copy (ms): Min: 0.0, Avg: 17.7, Max: 30.5, Diff: 30.5, Sum: 247.1]
      [Termination (ms): Min: 0.0, Avg: 3.1, Max: 3.5, Diff: 3.5, Sum: 44.1]
         [Termination Attempts: Min: 1, Avg: 1.6, Max: 6, Diff: 5, Sum: 22]
      [GC Worker Other (ms): Min: 0.0, Avg: 1.6, Max: 5.4, Diff: 5.4, Sum: 21.9]
      [GC Worker Total (ms): Min: 40.4, Avg: 42.8, Max: 50.2, Diff: 9.8, Sum: 599.0]
      [GC Worker End (ms): Min: 15848.9, Avg: 15850.5, Max: 15854.3, Diff: 5.4]
   [Code Root Fixup: 0.1 ms]
   [Code Root Purge: 0.1 ms]
   [Clear CT: 0.6 ms]
   [Other: 11.5 ms]
      [Choose CSet: 0.0 ms]
      [Ref Proc: 9.3 ms]
      [Ref Enq: 0.4 ms]
      [Redirty Cards: 0.3 ms]
      [Humongous Register: 0.0 ms]
      [Humongous Reclaim: 0.0 ms]
      [Free CSet: 0.8 ms]
   [Eden: 2284.0M(4272.0M)->0.0B(3472.0M) Survivors: 40.0M->88.0M Heap: 2362.0M(10000.0M)->126.0M(10000.0M)]
 [Times: user=0.31 sys=0.01, real=0.07 secs]
2021-03-29T01:00:57.284+0800: 15.867: [GC concurrent-root-region-scan-start]
2021-03-29T01:00:57.308+0800: 15.891: [GC concurrent-root-region-scan-end, 0.0241303 secs]
2021-03-29T01:00:57.308+0800: 15.891: [GC concurrent-mark-start]
2021-03-29T01:00:57.333+0800: 15.915: [GC concurrent-mark-end, 0.0246832 secs]
2021-03-29T01:00:57.333+0800: 15.916: [GC remark 2021-03-29T01:00:57.333+0800: 15.916: [Finalize Marking, 0.0054667 secs] 2021-03-29T01:00:57.339+0800: 15.921: [GC ref-proc, 0.0006337 secs] 2021-03-29T01:00:57.339+0800: 15.922: [Unloading, 0.0089920 secs], 0.0159704 secs]
 [Times: user=0.07 sys=0.00, real=0.01 secs]
2021-03-29T01:00:57.349+0800: 15.932: [GC cleanup 148M->148M(10000M), 0.0081771 secs]
 [Times: user=0.01 sys=0.00, real=0.01 secs]
2021-03-29T01:01:02.365+0800: 20.947: [GC pause (G1 Evacuation Pause) (young), 0.1009093 secs]
   [Parallel Time: 90.2 ms, GC Workers: 14]
      [GC Worker Start (ms): Min: 20947.4, Avg: 20950.3, Max: 20965.1, Diff: 17.7]
      [Ext Root Scanning (ms): Min: 0.0, Avg: 0.5, Max: 3.8, Diff: 3.8, Sum: 6.8]
      [Update RS (ms): Min: 0.0, Avg: 0.3, Max: 0.9, Diff: 0.9, Sum: 4.1]
         [Processed Buffers: Min: 0, Avg: 1.8, Max: 9, Diff: 9, Sum: 25]
      [Scan RS (ms): Min: 0.0, Avg: 0.1, Max: 0.3, Diff: 0.2, Sum: 1.6]
      [Code Root Scanning (ms): Min: 0.0, Avg: 3.6, Max: 22.5, Diff: 22.5, Sum: 51.0]
      [Object Copy (ms): Min: 28.7, Avg: 50.3, Max: 86.2, Diff: 57.5, Sum: 704.3]
      [Termination (ms): Min: 0.0, Avg: 32.2, Max: 37.0, Diff: 37.0, Sum: 450.4]
         [Termination Attempts: Min: 1, Avg: 24.8, Max: 57, Diff: 56, Sum: 347]
      [GC Worker Other (ms): Min: 0.0, Avg: 0.0, Max: 0.1, Diff: 0.1, Sum: 0.7]
      [GC Worker Total (ms): Min: 72.3, Avg: 87.1, Max: 90.1, Diff: 17.8, Sum: 1218.9]
      [GC Worker End (ms): Min: 21037.4, Avg: 21037.4, Max: 21037.5, Diff: 0.1]
   [Code Root Fixup: 0.1 ms]
   [Code Root Purge: 0.1 ms]
   [Clear CT: 1.2 ms]
   [Other: 9.3 ms]
      [Choose CSet: 0.0 ms]
      [Ref Proc: 7.3 ms]
      [Ref Enq: 0.2 ms]
      [Redirty Cards: 0.2 ms]
      [Humongous Register: 0.1 ms]
      [Humongous Reclaim: 0.0 ms]
      [Free CSet: 1.0 ms]
   [Eden: 3472.0M(3472.0M)->0.0B(3496.0M) Survivors: 88.0M->164.0M Heap: 3598.0M(10000.0M)->202.0M(10000.0M)]
 [Times: user=0.67 sys=0.03, real=0.10 secs]
2021-03-29T01:01:08.380+0800: 26.962: [GC pause (Metadata GC Threshold) (young) (initial-mark), 0.0813722 secs]
   [Parallel Time: 72.3 ms, GC Workers: 14]
      [GC Worker Start (ms): Min: 26962.5, Avg: 26964.2, Max: 26965.4, Diff: 2.9]
      [Ext Root Scanning (ms): Min: 2.6, Avg: 12.6, Max: 28.7, Diff: 26.1, Sum: 175.7]
      [Update RS (ms): Min: 0.0, Avg: 0.3, Max: 1.0, Diff: 1.0, Sum: 4.1]
         [Processed Buffers: Min: 0, Avg: 2.1, Max: 11, Diff: 11, Sum: 29]
      [Scan RS (ms): Min: 0.0, Avg: 0.1, Max: 0.2, Diff: 0.1, Sum: 1.0]
      [Code Root Scanning (ms): Min: 0.0, Avg: 0.6, Max: 2.2, Diff: 2.2, Sum: 7.7]
      [Object Copy (ms): Min: 40.2, Avg: 56.8, Max: 66.5, Diff: 26.3, Sum: 794.7]
      [Termination (ms): Min: 0.0, Avg: 0.1, Max: 0.2, Diff: 0.2, Sum: 1.6]
         [Termination Attempts: Min: 1, Avg: 37.2, Max: 87, Diff: 86, Sum: 521]
      [GC Worker Other (ms): Min: 0.0, Avg: 0.0, Max: 0.1, Diff: 0.1, Sum: 0.6]
      [GC Worker Total (ms): Min: 69.1, Avg: 70.4, Max: 72.0, Diff: 2.9, Sum: 985.5]
      [GC Worker End (ms): Min: 27034.5, Avg: 27034.5, Max: 27034.6, Diff: 0.1]
   [Code Root Fixup: 0.2 ms]
   [Code Root Purge: 0.1 ms]
   [Clear CT: 0.5 ms]
   [Other: 8.3 ms]
      [Choose CSet: 0.0 ms]
      [Ref Proc: 6.0 ms]
      [Ref Enq: 0.4 ms]
      [Redirty Cards: 0.4 ms]
      [Humongous Register: 0.0 ms]
      [Humongous Reclaim: 0.0 ms]
      [Free CSet: 0.9 ms]
   [Eden: 2540.0M(3496.0M)->0.0B(3352.0M) Survivors: 164.0M->204.0M Heap: 2740.0M(10000.0M)->244.0M(10000.0M)]
 [Times: user=0.55 sys=0.00, real=0.09 secs]
2021-03-29T01:01:08.461+0800: 27.044: [GC concurrent-root-region-scan-start]
2021-03-29T01:01:08.504+0800: 27.086: [GC concurrent-root-region-scan-end, 0.0426139 secs]
2021-03-29T01:01:08.504+0800: 27.086: [GC concurrent-mark-start]
2021-03-29T01:01:08.554+0800: 27.136: [GC concurrent-mark-end, 0.0500708 secs]
2021-03-29T01:01:08.554+0800: 27.137: [GC remark 2021-03-29T01:01:08.554+0800: 27.137: [Finalize Marking, 0.0039470 secs] 2021-03-29T01:01:08.558+0800: 27.141: [GC ref-proc, 0.0006442 secs] 2021-03-29T01:01:08.559+0800: 27.141: [Unloading, 0.0130801 secs], 0.0190370 secs]
 [Times: user=0.09 sys=0.01, real=0.02 secs]
2021-03-29T01:01:08.576+0800: 27.158: [GC cleanup 291M->291M(10000M), 0.0041255 secs]
 [Times: user=0.01 sys=0.00, real=0.00 secs]
2021-03-29T01:01:15.481+0800: 34.064: [GC pause (G1 Evacuation Pause) (young), 0.1080194 secs]
   [Parallel Time: 95.1 ms, GC Workers: 14]
      [GC Worker Start (ms): Min: 34064.0, Avg: 34075.2, Max: 34102.1, Diff: 38.0]
      [Ext Root Scanning (ms): Min: 0.0, Avg: 0.7, Max: 5.7, Diff: 5.7, Sum: 9.5]
      [Update RS (ms): Min: 0.0, Avg: 0.3, Max: 1.0, Diff: 1.0, Sum: 4.2]
         [Processed Buffers: Min: 0, Avg: 2.1, Max: 8, Diff: 8, Sum: 29]
      [Scan RS (ms): Min: 0.0, Avg: 0.1, Max: 0.3, Diff: 0.2, Sum: 1.5]
      [Code Root Scanning (ms): Min: 0.0, Avg: 3.2, Max: 14.3, Diff: 14.3, Sum: 44.3]
      [Object Copy (ms): Min: 56.1, Avg: 78.6, Max: 90.1, Diff: 34.0, Sum: 1100.7]
      [Termination (ms): Min: 0.0, Avg: 0.3, Max: 1.0, Diff: 1.0, Sum: 4.0]
         [Termination Attempts: Min: 1, Avg: 86.1, Max: 188, Diff: 187, Sum: 1205]
      [GC Worker Other (ms): Min: 0.0, Avg: 0.1, Max: 0.2, Diff: 0.2, Sum: 1.2]
      [GC Worker Total (ms): Min: 56.3, Avg: 83.2, Max: 94.4, Diff: 38.1, Sum: 1165.3]
      [GC Worker End (ms): Min: 34158.3, Avg: 34158.4, Max: 34159.1, Diff: 0.7]
   [Code Root Fixup: 0.3 ms]
   [Code Root Purge: 0.0 ms]
   [Clear CT: 0.7 ms]
   [Other: 11.9 ms]
      [Choose CSet: 0.0 ms]
      [Ref Proc: 9.7 ms]
      [Ref Enq: 0.3 ms]
      [Redirty Cards: 0.3 ms]
      [Humongous Register: 0.1 ms]
      [Humongous Reclaim: 0.0 ms]
      [Free CSet: 1.1 ms]
   [Eden: 3352.0M(3352.0M)->0.0B(3176.0M) Survivors: 204.0M->252.0M Heap: 3596.0M(10000.0M)->292.0M(10000.0M)]
 [Times: user=0.74 sys=0.02, real=0.10 secs]
2021-03-29T01:01:21.873+0800: 40.456: [GC pause (G1 Evacuation Pause) (young), 0.1165799 secs]
   [Parallel Time: 109.0 ms, GC Workers: 14]
      [GC Worker Start (ms): Min: 40456.1, Avg: 40459.9, Max: 40479.1, Diff: 23.0]
      [Ext Root Scanning (ms): Min: 0.0, Avg: 0.8, Max: 6.6, Diff: 6.6, Sum: 11.4]
      [Update RS (ms): Min: 0.0, Avg: 0.3, Max: 0.8, Diff: 0.8, Sum: 4.4]
         [Processed Buffers: Min: 0, Avg: 1.9, Max: 9, Diff: 9, Sum: 26]
      [Scan RS (ms): Min: 0.0, Avg: 0.1, Max: 0.3, Diff: 0.3, Sum: 1.6]
      [Code Root Scanning (ms): Min: 0.0, Avg: 9.3, Max: 40.6, Diff: 40.6, Sum: 129.7]
      [Object Copy (ms): Min: 60.9, Avg: 90.0, Max: 101.6, Diff: 40.7, Sum: 1260.6]
      [Termination (ms): Min: 0.0, Avg: 4.5, Max: 5.1, Diff: 5.0, Sum: 62.3]
         [Termination Attempts: Min: 1, Avg: 115.9, Max: 285, Diff: 284, Sum: 1623]
      [GC Worker Other (ms): Min: 0.0, Avg: 0.0, Max: 0.1, Diff: 0.1, Sum: 0.7]
      [GC Worker Total (ms): Min: 85.8, Avg: 105.0, Max: 108.9, Diff: 23.1, Sum: 1470.7]
      [GC Worker End (ms): Min: 40564.9, Avg: 40564.9, Max: 40565.0, Diff: 0.1]
   [Code Root Fixup: 0.3 ms]
   [Code Root Purge: 0.1 ms]
   [Clear CT: 0.6 ms]
   [Other: 6.6 ms]
      [Choose CSet: 0.0 ms]
      [Ref Proc: 4.5 ms]
      [Ref Enq: 0.2 ms]
      [Redirty Cards: 0.3 ms]
      [Humongous Register: 0.1 ms]
      [Humongous Reclaim: 0.0 ms]
      [Free CSet: 1.0 ms]
   [Eden: 3176.0M(3176.0M)->0.0B(2980.0M) Survivors: 252.0M->276.0M Heap: 3468.0M(10000.0M)->320.8M(10000.0M)]
 [Times: user=0.88 sys=0.01, real=0.11 secs]
2021-03-29T01:03:24.163+0800: 162.745: [GC pause (G1 Evacuation Pause) (young), 0.1606058 secs]
   [Parallel Time: 142.3 ms, GC Workers: 14]
      [GC Worker Start (ms): Min: 162745.3, Avg: 162749.3, Max: 162754.4, Diff: 9.0]
      [Ext Root Scanning (ms): Min: 0.0, Avg: 2.0, Max: 8.6, Diff: 8.6, Sum: 27.6]
      [Update RS (ms): Min: 0.0, Avg: 0.6, Max: 2.0, Diff: 2.0, Sum: 7.9]
         [Processed Buffers: Min: 0, Avg: 4.8, Max: 28, Diff: 28, Sum: 67]
      [Scan RS (ms): Min: 0.1, Avg: 0.2, Max: 0.6, Diff: 0.6, Sum: 3.5]
      [Code Root Scanning (ms): Min: 0.0, Avg: 14.5, Max: 49.6, Diff: 49.6, Sum: 202.7]
      [Object Copy (ms): Min: 85.1, Avg: 120.4, Max: 134.4, Diff: 49.2, Sum: 1685.8]
      [Termination (ms): Min: 0.0, Avg: 0.4, Max: 0.5, Diff: 0.5, Sum: 5.1]
         [Termination Attempts: Min: 1, Avg: 144.1, Max: 318, Diff: 317, Sum: 2018]
      [GC Worker Other (ms): Min: 0.0, Avg: 0.1, Max: 0.1, Diff: 0.1, Sum: 0.9]
      [GC Worker Total (ms): Min: 133.0, Avg: 138.1, Max: 142.1, Diff: 9.1, Sum: 1933.5]
      [GC Worker End (ms): Min: 162887.4, Avg: 162887.4, Max: 162887.5, Diff: 0.1]
   [Code Root Fixup: 0.6 ms]
   [Code Root Purge: 0.2 ms]
   [Clear CT: 0.7 ms]
   [Other: 16.8 ms]
      [Choose CSet: 0.0 ms]
      [Ref Proc: 14.0 ms]
      [Ref Enq: 0.2 ms]
      [Redirty Cards: 0.6 ms]
      [Humongous Register: 0.1 ms]
      [Humongous Reclaim: 0.0 ms]
      [Free CSet: 1.5 ms]
   [Eden: 2980.0M(2980.0M)->0.0B(2952.0M) Survivors: 276.0M->224.0M Heap: 3300.8M(10000.0M)->384.0M(10000.0M)]
 [Times: user=0.93 sys=0.01, real=0.16 secs]
2021-03-29T01:03:50.481+0800: 189.063: [GC pause (G1 Evacuation Pause) (young), 0.1291756 secs]
   [Parallel Time: 124.7 ms, GC Workers: 14]
      [GC Worker Start (ms): Min: 189063.5, Avg: 189072.1, Max: 189077.3, Diff: 13.8]
      [Ext Root Scanning (ms): Min: 0.0, Avg: 0.9, Max: 6.6, Diff: 6.6, Sum: 12.7]
      [Update RS (ms): Min: 0.0, Avg: 0.7, Max: 2.5, Diff: 2.5, Sum: 9.8]
         [Processed Buffers: Min: 0, Avg: 3.9, Max: 21, Diff: 21, Sum: 54]
      [Scan RS (ms): Min: 0.3, Avg: 3.0, Max: 8.9, Diff: 8.6, Sum: 41.7]
      [Code Root Scanning (ms): Min: 0.0, Avg: 3.9, Max: 16.3, Diff: 16.3, Sum: 55.2]
      [Object Copy (ms): Min: 88.2, Avg: 98.8, Max: 110.7, Diff: 22.5, Sum: 1383.7]
      [Termination (ms): Min: 0.0, Avg: 8.4, Max: 9.2, Diff: 9.2, Sum: 118.0]
         [Termination Attempts: Min: 1, Avg: 28.9, Max: 125, Diff: 124, Sum: 404]
      [GC Worker Other (ms): Min: 0.0, Avg: 0.0, Max: 0.0, Diff: 0.0, Sum: 0.2]
      [GC Worker Total (ms): Min: 110.7, Avg: 115.8, Max: 124.5, Diff: 13.8, Sum: 1621.3]
      [GC Worker End (ms): Min: 189187.9, Avg: 189188.0, Max: 189188.0, Diff: 0.0]
   [Code Root Fixup: 0.4 ms]
   [Code Root Purge: 0.0 ms]
   [Clear CT: 0.3 ms]
   [Other: 3.8 ms]
      [Choose CSet: 0.0 ms]
      [Ref Proc: 1.6 ms]
      [Ref Enq: 0.0 ms]
      [Redirty Cards: 0.7 ms]
      [Humongous Register: 0.1 ms]
      [Humongous Reclaim: 0.0 ms]
      [Free CSet: 0.4 ms]
   [Eden: 276.0M(276.0M)->0.0B(5968.0M) Survivors: 224.0M->32.0M Heap: 660.0M(10000.0M)->396.0M(10000.0M)]
 [Times: user=0.61 sys=0.04, real=0.12 secs]
2021-03-29T01:18:50.175+0800: 1088.757: [GC pause (G1 Evacuation Pause) (young), 0.0282167 secs]
   [Parallel Time: 11.3 ms, GC Workers: 14]
      [GC Worker Start (ms): Min: 1088757.7, Avg: 1088757.8, Max: 1088757.9, Diff: 0.2]
      [Ext Root Scanning (ms): Min: 0.0, Avg: 0.7, Max: 3.6, Diff: 3.6, Sum: 9.3]
      [Update RS (ms): Min: 0.0, Avg: 1.3, Max: 2.6, Diff: 2.6, Sum: 17.9]
         [Processed Buffers: Min: 0, Avg: 8.1, Max: 26, Diff: 26, Sum: 113]
      [Scan RS (ms): Min: 0.1, Avg: 0.3, Max: 0.5, Diff: 0.4, Sum: 3.5]
      [Code Root Scanning (ms): Min: 0.0, Avg: 0.8, Max: 6.1, Diff: 6.1, Sum: 10.8]
      [Object Copy (ms): Min: 0.0, Avg: 3.0, Max: 8.2, Diff: 8.2, Sum: 42.7]
      [Termination (ms): Min: 0.0, Avg: 1.8, Max: 2.1, Diff: 2.1, Sum: 25.7]
         [Termination Attempts: Min: 1, Avg: 1.0, Max: 1, Diff: 0, Sum: 14]
      [GC Worker Other (ms): Min: 0.2, Avg: 2.8, Max: 8.7, Diff: 8.5, Sum: 39.0]
      [GC Worker Total (ms): Min: 10.4, Avg: 10.6, Max: 11.0, Diff: 0.6, Sum: 148.9]
      [GC Worker End (ms): Min: 1088768.3, Avg: 1088768.5, Max: 1088768.9, Diff: 0.5]
   [Code Root Fixup: 0.0 ms]
   [Code Root Purge: 0.1 ms]
   [Clear CT: 1.1 ms]
   [Other: 15.7 ms]
      [Choose CSet: 0.0 ms]
      [Ref Proc: 13.1 ms]
      [Ref Enq: 0.1 ms]
      [Redirty Cards: 0.3 ms]
      [Humongous Register: 0.1 ms]
      [Humongous Reclaim: 0.0 ms]
      [Free CSet: 1.6 ms]
   [Eden: 5968.0M(5968.0M)->0.0B(5968.0M) Survivors: 32.0M->32.0M Heap: 6364.0M(10000.0M)->396.0M(10000.0M)]
 [Times: user=0.10 sys=0.00, real=0.03 secs]
2021-03-29T01:33:37.637+0800: 1976.219: [GC pause (G1 Evacuation Pause) (young), 0.0546645 secs]
   [Parallel Time: 39.3 ms, GC Workers: 14]
      [GC Worker Start (ms): Min: 1976219.6, Avg: 1976227.4, Max: 1976234.3, Diff: 14.7]
      [Ext Root Scanning (ms): Min: 0.0, Avg: 0.6, Max: 3.2, Diff: 3.2, Sum: 7.8]
      [Update RS (ms): Min: 0.0, Avg: 1.0, Max: 3.8, Diff: 3.8, Sum: 13.7]
         [Processed Buffers: Min: 0, Avg: 6.7, Max: 31, Diff: 31, Sum: 94]
      [Scan RS (ms): Min: 0.1, Avg: 0.2, Max: 0.4, Diff: 0.4, Sum: 2.6]
      [Code Root Scanning (ms): Min: 0.0, Avg: 1.4, Max: 8.9, Diff: 8.9, Sum: 19.1]
      [Object Copy (ms): Min: 0.0, Avg: 5.2, Max: 32.6, Diff: 32.6, Sum: 73.3]
      [Termination (ms): Min: 0.0, Avg: 22.9, Max: 24.8, Diff: 24.8, Sum: 320.2]
         [Termination Attempts: Min: 1, Avg: 2.2, Max: 4, Diff: 3, Sum: 31]
      [GC Worker Other (ms): Min: 0.0, Avg: 0.1, Max: 0.2, Diff: 0.2, Sum: 1.1]
      [GC Worker Total (ms): Min: 24.2, Avg: 31.3, Max: 39.1, Diff: 14.8, Sum: 438.0]
      [GC Worker End (ms): Min: 1976258.6, Avg: 1976258.7, Max: 1976258.8, Diff: 0.2]
   [Code Root Fixup: 0.1 ms]
   [Code Root Purge: 0.1 ms]
   [Clear CT: 1.0 ms]
   [Other: 14.3 ms]
      [Choose CSet: 0.0 ms]
      [Ref Proc: 11.8 ms]
      [Ref Enq: 0.1 ms]
      [Redirty Cards: 0.3 ms]
      [Humongous Register: 0.1 ms]
      [Humongous Reclaim: 0.0 ms]
      [Free CSet: 1.6 ms]
   [Eden: 5968.0M(5968.0M)->0.0B(5956.0M) Survivors: 32.0M->44.0M Heap: 6364.0M(10000.0M)->408.7M(10000.0M)]
 [Times: user=0.28 sys=0.01, real=0.06 secs]
2021-03-29T01:48:52.638+0800: 2891.220: [GC pause (G1 Evacuation Pause) (young), 0.0289208 secs]
   [Parallel Time: 13.4 ms, GC Workers: 14]
      [GC Worker Start (ms): Min: 2891220.7, Avg: 2891226.3, Max: 2891233.6, Diff: 13.0]
      [Ext Root Scanning (ms): Min: 0.0, Avg: 0.6, Max: 3.3, Diff: 3.3, Sum: 8.2]
      [Update RS (ms): Min: 0.0, Avg: 1.2, Max: 3.3, Diff: 3.3, Sum: 16.1]
         [Processed Buffers: Min: 0, Avg: 6.7, Max: 22, Diff: 22, Sum: 94]
      [Scan RS (ms): Min: 0.1, Avg: 0.2, Max: 0.5, Diff: 0.4, Sum: 2.5]
      [Code Root Scanning (ms): Min: 0.0, Avg: 0.8, Max: 7.6, Diff: 7.6, Sum: 11.7]
      [Object Copy (ms): Min: 0.0, Avg: 3.9, Max: 7.7, Diff: 7.7, Sum: 54.5]
      [Termination (ms): Min: 0.0, Avg: 0.7, Max: 0.9, Diff: 0.9, Sum: 10.0]
         [Termination Attempts: Min: 1, Avg: 1.7, Max: 4, Diff: 3, Sum: 24]
      [GC Worker Other (ms): Min: 0.0, Avg: 0.1, Max: 0.2, Diff: 0.2, Sum: 1.3]
      [GC Worker Total (ms): Min: 0.1, Avg: 7.5, Max: 13.2, Diff: 13.1, Sum: 104.3]
      [GC Worker End (ms): Min: 2891233.7, Avg: 2891233.8, Max: 2891233.9, Diff: 0.2]
   [Code Root Fixup: 0.0 ms]
   [Code Root Purge: 0.0 ms]
   [Clear CT: 2.0 ms]
   [Other: 13.5 ms]
      [Choose CSet: 0.0 ms]
      [Ref Proc: 11.1 ms]
      [Ref Enq: 0.1 ms]
      [Redirty Cards: 0.3 ms]
      [Humongous Register: 0.1 ms]
      [Humongous Reclaim: 0.0 ms]
      [Free CSet: 1.5 ms]
   [Eden: 5956.0M(5956.0M)->0.0B(5972.0M) Survivors: 44.0M->28.0M Heap: 6364.7M(10000.0M)->392.7M(10000.0M)]
 [Times: user=0.11 sys=0.00, real=0.03 secs]
2021-03-29T02:04:22.614+0800: 3821.196: [GC pause (G1 Evacuation Pause) (young), 0.0456697 secs]
   [Parallel Time: 32.4 ms, GC Workers: 14]
      [GC Worker Start (ms): Min: 3821196.6, Avg: 3821204.0, Max: 3821211.1, Diff: 14.5]
      [Ext Root Scanning (ms): Min: 0.0, Avg: 0.5, Max: 3.1, Diff: 3.1, Sum: 7.6]
      [Update RS (ms): Min: 0.0, Avg: 1.2, Max: 3.6, Diff: 3.6, Sum: 16.1]
         [Processed Buffers: Min: 0, Avg: 6.8, Max: 18, Diff: 18, Sum: 95]
      [Scan RS (ms): Min: 0.1, Avg: 0.2, Max: 0.4, Diff: 0.4, Sum: 3.0]
      [Code Root Scanning (ms): Min: 0.0, Avg: 0.2, Max: 1.2, Diff: 1.2, Sum: 2.4]
      [Object Copy (ms): Min: 0.0, Avg: 6.1, Max: 26.5, Diff: 26.5, Sum: 85.6]
      [Termination (ms): Min: 0.0, Avg: 16.5, Max: 17.8, Diff: 17.8, Sum: 230.8]
         [Termination Attempts: Min: 1, Avg: 8.2, Max: 22, Diff: 21, Sum: 115]
      [GC Worker Other (ms): Min: 0.0, Avg: 0.1, Max: 0.2, Diff: 0.2, Sum: 1.0]
      [GC Worker Total (ms): Min: 17.6, Avg: 24.8, Max: 32.2, Diff: 14.5, Sum: 346.6]
      [GC Worker End (ms): Min: 3821228.7, Avg: 3821228.7, Max: 3821228.8, Diff: 0.2]
   [Code Root Fixup: 0.1 ms]
   [Code Root Purge: 0.0 ms]
   [Clear CT: 1.5 ms]
   [Other: 11.7 ms]
      [Choose CSet: 0.0 ms]
      [Ref Proc: 9.3 ms]
      [Ref Enq: 0.0 ms]
      [Redirty Cards: 0.4 ms]
      [Humongous Register: 0.1 ms]
      [Humongous Reclaim: 0.0 ms]
      [Free CSet: 1.5 ms]
   [Eden: 5972.0M(5972.0M)->0.0B(5956.0M) Survivors: 28.0M->44.0M Heap: 6364.7M(10000.0M)->408.8M(10000.0M)]
 [Times: user=0.24 sys=0.00, real=0.04 secs]
2021-03-29T02:19:52.548+0800: 4751.131: [GC pause (G1 Evacuation Pause) (young), 0.0281150 secs]
   [Parallel Time: 16.4 ms, GC Workers: 14]
      [GC Worker Start (ms): Min: 4751130.9, Avg: 4751138.8, Max: 4751145.8, Diff: 14.9]
      [Ext Root Scanning (ms): Min: 0.0, Avg: 0.6, Max: 3.2, Diff: 3.2, Sum: 8.1]
      [Update RS (ms): Min: 0.0, Avg: 1.2, Max: 3.8, Diff: 3.8, Sum: 17.3]
         [Processed Buffers: Min: 0, Avg: 7.1, Max: 34, Diff: 34, Sum: 99]
      [Scan RS (ms): Min: 0.1, Avg: 0.2, Max: 0.4, Diff: 0.4, Sum: 2.6]
      [Code Root Scanning (ms): Min: 0.0, Avg: 0.8, Max: 10.4, Diff: 10.4, Sum: 11.1]
      [Object Copy (ms): Min: 0.0, Avg: 4.0, Max: 9.1, Diff: 9.1, Sum: 56.4]
      [Termination (ms): Min: 0.0, Avg: 1.4, Max: 1.6, Diff: 1.6, Sum: 19.2]
         [Termination Attempts: Min: 1, Avg: 1.9, Max: 4, Diff: 3, Sum: 26]
      [GC Worker Other (ms): Min: 0.0, Avg: 0.1, Max: 0.2, Diff: 0.2, Sum: 1.7]
      [GC Worker Total (ms): Min: 1.3, Avg: 8.3, Max: 16.2, Diff: 14.9, Sum: 116.3]
      [GC Worker End (ms): Min: 4751147.0, Avg: 4751147.1, Max: 4751147.2, Diff: 0.2]
   [Code Root Fixup: 0.0 ms]
   [Code Root Purge: 0.0 ms]
   [Clear CT: 0.8 ms]
   [Other: 10.9 ms]
      [Choose CSet: 0.0 ms]
      [Ref Proc: 8.7 ms]
      [Ref Enq: 0.0 ms]
      [Redirty Cards: 0.3 ms]
      [Humongous Register: 0.1 ms]
      [Humongous Reclaim: 0.0 ms]
      [Free CSet: 1.4 ms]
   [Eden: 5956.0M(5956.0M)->0.0B(5960.0M) Survivors: 44.0M->40.0M Heap: 6364.8M(10000.0M)->403.4M(10000.0M)]
 [Times: user=0.11 sys=0.00, real=0.03 secs]
2021-03-29T02:35:22.592+0800: 5681.174: [GC pause (G1 Evacuation Pause) (young), 0.0273249 secs]
   [Parallel Time: 15.0 ms, GC Workers: 14]
      [GC Worker Start (ms): Min: 5681174.5, Avg: 5681182.4, Max: 5681189.0, Diff: 14.5]
      [Ext Root Scanning (ms): Min: 0.0, Avg: 0.6, Max: 3.3, Diff: 3.2, Sum: 8.1]
      [Update RS (ms): Min: 0.0, Avg: 1.3, Max: 4.1, Diff: 4.1, Sum: 17.5]
         [Processed Buffers: Min: 0, Avg: 7.1, Max: 25, Diff: 25, Sum: 99]
      [Scan RS (ms): Min: 0.1, Avg: 0.2, Max: 0.4, Diff: 0.4, Sum: 2.6]
      [Code Root Scanning (ms): Min: 0.0, Avg: 0.2, Max: 1.7, Diff: 1.7, Sum: 3.2]
      [Object Copy (ms): Min: 0.0, Avg: 4.0, Max: 8.6, Diff: 8.6, Sum: 56.6]
      [Termination (ms): Min: 0.0, Avg: 0.4, Max: 0.6, Diff: 0.6, Sum: 6.1]
         [Termination Attempts: Min: 1, Avg: 3.8, Max: 12, Diff: 11, Sum: 53]
      [GC Worker Other (ms): Min: 0.0, Avg: 0.1, Max: 0.2, Diff: 0.2, Sum: 1.3]
      [GC Worker Total (ms): Min: 0.1, Avg: 6.8, Max: 14.8, Diff: 14.7, Sum: 95.4]
      [GC Worker End (ms): Min: 5681189.2, Avg: 5681189.3, Max: 5681189.4, Diff: 0.2]
   [Code Root Fixup: 0.1 ms]
   [Code Root Purge: 0.0 ms]
   [Clear CT: 1.2 ms]
   [Other: 11.1 ms]
      [Choose CSet: 0.0 ms]
      [Ref Proc: 8.7 ms]
      [Ref Enq: 0.0 ms]
      [Redirty Cards: 0.3 ms]
      [Humongous Register: 0.1 ms]
      [Humongous Reclaim: 0.0 ms]
      [Free CSet: 1.5 ms]
   [Eden: 5960.0M(5960.0M)->0.0B(5960.0M) Survivors: 40.0M->40.0M Heap: 6363.4M(10000.0M)->403.5M(10000.0M)]
 [Times: user=0.11 sys=0.00, real=0.02 secs]
2021-03-29T02:51:07.564+0800: 6626.146: [GC pause (G1 Evacuation Pause) (young), 0.0282064 secs]
   [Parallel Time: 16.6 ms, GC Workers: 14]
      [GC Worker Start (ms): Min: 6626146.5, Avg: 6626155.2, Max: 6626162.7, Diff: 16.2]
      [Ext Root Scanning (ms): Min: 0.0, Avg: 0.5, Max: 2.8, Diff: 2.8, Sum: 7.3]
      [Update RS (ms): Min: 0.0, Avg: 1.2, Max: 4.3, Diff: 4.3, Sum: 17.1]
         [Processed Buffers: Min: 0, Avg: 6.9, Max: 26, Diff: 26, Sum: 96]
      [Scan RS (ms): Min: 0.1, Avg: 0.2, Max: 0.5, Diff: 0.4, Sum: 2.7]
      [Code Root Scanning (ms): Min: 0.0, Avg: 0.8, Max: 9.4, Diff: 9.4, Sum: 10.9]
      [Object Copy (ms): Min: 0.0, Avg: 4.0, Max: 8.8, Diff: 8.8, Sum: 56.2]
      [Termination (ms): Min: 0.0, Avg: 0.9, Max: 1.4, Diff: 1.4, Sum: 12.9]
         [Termination Attempts: Min: 1, Avg: 4.9, Max: 18, Diff: 17, Sum: 69]
      [GC Worker Other (ms): Min: 0.0, Avg: 0.1, Max: 0.2, Diff: 0.2, Sum: 1.5]
      [GC Worker Total (ms): Min: 0.1, Avg: 7.7, Max: 16.5, Diff: 16.4, Sum: 108.5]
      [GC Worker End (ms): Min: 6626162.8, Avg: 6626162.9, Max: 6626163.0, Diff: 0.2]
   [Code Root Fixup: 0.1 ms]
   [Code Root Purge: 0.0 ms]
   [Clear CT: 0.8 ms]
   [Other: 10.7 ms]
      [Choose CSet: 0.0 ms]
      [Ref Proc: 8.5 ms]
      [Ref Enq: 0.0 ms]
      [Redirty Cards: 0.2 ms]
      [Humongous Register: 0.1 ms]
      [Humongous Reclaim: 0.0 ms]
      [Free CSet: 1.5 ms]
   [Eden: 5960.0M(5960.0M)->0.0B(5964.0M) Survivors: 40.0M->36.0M Heap: 6363.5M(10000.0M)->401.0M(10000.0M)]
 [Times: user=0.11 sys=0.00, real=0.03 secs]
2021-03-29T03:06:50.181+0800: 7568.763: [GC pause (G1 Evacuation Pause) (young), 0.0260919 secs]
   [Parallel Time: 14.6 ms, GC Workers: 14]
      [GC Worker Start (ms): Min: 7568763.5, Avg: 7568770.6, Max: 7568777.7, Diff: 14.2]
      [Ext Root Scanning (ms): Min: 0.0, Avg: 0.7, Max: 3.0, Diff: 3.0, Sum: 9.3]
      [Update RS (ms): Min: 0.0, Avg: 1.2, Max: 3.4, Diff: 3.4, Sum: 17.3]
         [Processed Buffers: Min: 0, Avg: 7.1, Max: 23, Diff: 23, Sum: 99]
      [Scan RS (ms): Min: 0.0, Avg: 0.1, Max: 0.3, Diff: 0.3, Sum: 2.0]
      [Code Root Scanning (ms): Min: 0.0, Avg: 0.2, Max: 1.8, Diff: 1.8, Sum: 2.7]
      [Object Copy (ms): Min: 0.0, Avg: 4.7, Max: 9.1, Diff: 9.1, Sum: 65.3]
      [Termination (ms): Min: 0.0, Avg: 0.2, Max: 0.3, Diff: 0.3, Sum: 3.3]
         [Termination Attempts: Min: 1, Avg: 8.6, Max: 19, Diff: 18, Sum: 120]
      [GC Worker Other (ms): Min: 0.0, Avg: 0.1, Max: 0.2, Diff: 0.2, Sum: 1.4]
      [GC Worker Total (ms): Min: 0.1, Avg: 7.2, Max: 14.4, Diff: 14.4, Sum: 101.3]
      [GC Worker End (ms): Min: 7568777.7, Avg: 7568777.8, Max: 7568778.0, Diff: 0.2]
   [Code Root Fixup: 0.0 ms]
   [Code Root Purge: 0.0 ms]
   [Clear CT: 1.1 ms]
   [Other: 10.4 ms]
      [Choose CSet: 0.0 ms]
      [Ref Proc: 7.7 ms]
      [Ref Enq: 0.0 ms]
      [Redirty Cards: 0.3 ms]
      [Humongous Register: 0.1 ms]
      [Humongous Reclaim: 0.0 ms]
      [Free CSet: 1.9 ms]
   [Eden: 5964.0M(5964.0M)->0.0B(5956.0M) Survivors: 36.0M->44.0M Heap: 6365.0M(10000.0M)->407.5M(10000.0M)]
 [Times: user=0.11 sys=0.00, real=0.02 secs]
2021-03-29T03:21:58.132+0800: 8476.714: [GC pause (G1 Evacuation Pause) (young), 0.0395096 secs]
   [Parallel Time: 13.1 ms, GC Workers: 14]
      [GC Worker Start (ms): Min: 8476714.6, Avg: 8476720.4, Max: 8476727.2, Diff: 12.6]
      [Ext Root Scanning (ms): Min: 0.0, Avg: 0.6, Max: 3.2, Diff: 3.2, Sum: 8.0]
      [Update RS (ms): Min: 0.0, Avg: 1.3, Max: 3.3, Diff: 3.3, Sum: 17.6]
         [Processed Buffers: Min: 0, Avg: 7.0, Max: 23, Diff: 23, Sum: 98]
      [Scan RS (ms): Min: 0.0, Avg: 0.1, Max: 0.3, Diff: 0.3, Sum: 2.1]
      [Code Root Scanning (ms): Min: 0.0, Avg: 0.7, Max: 8.2, Diff: 8.2, Sum: 10.1]
      [Object Copy (ms): Min: 0.0, Avg: 3.9, Max: 7.9, Diff: 7.9, Sum: 54.1]
      [Termination (ms): Min: 0.0, Avg: 0.4, Max: 0.6, Diff: 0.6, Sum: 5.7]
         [Termination Attempts: Min: 1, Avg: 5.0, Max: 10, Diff: 9, Sum: 70]
      [GC Worker Other (ms): Min: 0.0, Avg: 0.1, Max: 0.2, Diff: 0.2, Sum: 1.1]
      [GC Worker Total (ms): Min: 0.3, Avg: 7.1, Max: 13.0, Diff: 12.7, Sum: 98.8]
      [GC Worker End (ms): Min: 8476727.4, Avg: 8476727.5, Max: 8476727.6, Diff: 0.2]
   [Code Root Fixup: 0.0 ms]
   [Code Root Purge: 0.0 ms]
   [Clear CT: 1.2 ms]
   [Other: 25.1 ms]
      [Choose CSet: 0.0 ms]
      [Ref Proc: 23.2 ms]
      [Ref Enq: 0.0 ms]
      [Redirty Cards: 0.3 ms]
      [Humongous Register: 0.1 ms]
      [Humongous Reclaim: 0.0 ms]
      [Free CSet: 1.3 ms]
   [Eden: 5956.0M(5956.0M)->0.0B(5956.0M) Survivors: 44.0M->44.0M Heap: 6363.5M(10000.0M)->409.1M(10000.0M)]
 [Times: user=0.23 sys=0.00, real=0.04 secs]
2021-03-29T03:37:20.167+0800: 9398.750: [GC pause (G1 Evacuation Pause) (young), 0.0267869 secs]
   [Parallel Time: 16.4 ms, GC Workers: 14]
      [GC Worker Start (ms): Min: 9398750.1, Avg: 9398759.2, Max: 9398766.2, Diff: 16.1]
      [Ext Root Scanning (ms): Min: 0.0, Avg: 0.5, Max: 2.8, Diff: 2.8, Sum: 7.4]
      [Update RS (ms): Min: 0.0, Avg: 1.3, Max: 3.9, Diff: 3.9, Sum: 17.6]
         [Processed Buffers: Min: 0, Avg: 7.0, Max: 26, Diff: 26, Sum: 98]
      [Scan RS (ms): Min: 0.0, Avg: 0.1, Max: 0.4, Diff: 0.3, Sum: 1.7]
      [Code Root Scanning (ms): Min: 0.0, Avg: 0.5, Max: 5.4, Diff: 5.4, Sum: 7.2]
      [Object Copy (ms): Min: 0.0, Avg: 4.1, Max: 9.7, Diff: 9.7, Sum: 57.4]
      [Termination (ms): Min: 0.0, Avg: 0.4, Max: 0.6, Diff: 0.6, Sum: 6.3]
         [Termination Attempts: Min: 1, Avg: 3.9, Max: 10, Diff: 9, Sum: 55]
      [GC Worker Other (ms): Min: 0.0, Avg: 0.1, Max: 0.2, Diff: 0.2, Sum: 1.0]
      [GC Worker Total (ms): Min: 0.1, Avg: 7.0, Max: 16.3, Diff: 16.2, Sum: 98.6]
      [GC Worker End (ms): Min: 9398766.2, Avg: 9398766.3, Max: 9398766.4, Diff: 0.1]
   [Code Root Fixup: 0.0 ms]
   [Code Root Purge: 0.0 ms]
   [Clear CT: 0.9 ms]
   [Other: 9.4 ms]
      [Choose CSet: 0.0 ms]
      [Ref Proc: 7.4 ms]
      [Ref Enq: 0.0 ms]
      [Redirty Cards: 0.4 ms]
      [Humongous Register: 0.1 ms]
      [Humongous Reclaim: 0.0 ms]
      [Free CSet: 1.3 ms]
   [Eden: 5956.0M(5956.0M)->0.0B(5964.0M) Survivors: 44.0M->36.0M Heap: 6365.1M(10000.0M)->401.2M(10000.0M)]
 [Times: user=0.10 sys=0.00, real=0.03 secs]
2021-03-29T03:53:07.558+0800: 10346.140: [GC pause (G1 Evacuation Pause) (young), 0.0466406 secs]
   [Parallel Time: 13.0 ms, GC Workers: 14]
      [GC Worker Start (ms): Min: 10346140.4, Avg: 10346146.1, Max: 10346153.1, Diff: 12.7]
      [Ext Root Scanning (ms): Min: 0.0, Avg: 0.6, Max: 2.9, Diff: 2.9, Sum: 7.9]
      [Update RS (ms): Min: 0.0, Avg: 1.2, Max: 3.2, Diff: 3.2, Sum: 17.4]
         [Processed Buffers: Min: 0, Avg: 6.5, Max: 21, Diff: 21, Sum: 91]
      [Scan RS (ms): Min: 0.0, Avg: 0.1, Max: 0.3, Diff: 0.3, Sum: 2.0]
      [Code Root Scanning (ms): Min: 0.0, Avg: 0.8, Max: 8.7, Diff: 8.7, Sum: 10.8]
      [Object Copy (ms): Min: 0.0, Avg: 4.0, Max: 8.4, Diff: 8.4, Sum: 55.9]
      [Termination (ms): Min: 0.0, Avg: 0.3, Max: 0.5, Diff: 0.5, Sum: 4.7]
         [Termination Attempts: Min: 1, Avg: 1.7, Max: 4, Diff: 3, Sum: 24]
      [GC Worker Other (ms): Min: 0.0, Avg: 0.1, Max: 0.2, Diff: 0.2, Sum: 1.3]
      [GC Worker Total (ms): Min: 0.1, Avg: 7.1, Max: 12.8, Diff: 12.7, Sum: 100.0]
      [GC Worker End (ms): Min: 10346153.2, Avg: 10346153.3, Max: 10346153.4, Diff: 0.2]
   [Code Root Fixup: 0.0 ms]
   [Code Root Purge: 0.0 ms]
   [Clear CT: 1.0 ms]
   [Other: 32.6 ms]
      [Choose CSet: 0.0 ms]
      [Ref Proc: 30.6 ms]
      [Ref Enq: 0.0 ms]
      [Redirty Cards: 0.3 ms]
      [Humongous Register: 0.1 ms]
      [Humongous Reclaim: 0.0 ms]
      [Free CSet: 1.3 ms]
   [Eden: 5964.0M(5964.0M)->0.0B(5960.0M) Survivors: 36.0M->40.0M Heap: 6365.2M(10000.0M)->405.2M(10000.0M)]
 [Times: user=0.29 sys=0.01, real=0.05 secs]
2021-03-29T04:08:52.599+0800: 11291.182: [GC pause (G1 Evacuation Pause) (young), 0.0432534 secs]
   [Parallel Time: 22.5 ms, GC Workers: 14]
      [GC Worker Start (ms): Min: 11291181.9, Avg: 11291195.5, Max: 11291204.0, Diff: 22.1]
      [Ext Root Scanning (ms): Min: 0.0, Avg: 0.5, Max: 2.9, Diff: 2.9, Sum: 7.4]
      [Update RS (ms): Min: 0.0, Avg: 1.2, Max: 4.8, Diff: 4.8, Sum: 17.4]
         [Processed Buffers: Min: 0, Avg: 6.7, Max: 35, Diff: 35, Sum: 94]
      [Scan RS (ms): Min: 0.0, Avg: 0.1, Max: 0.4, Diff: 0.4, Sum: 1.5]
      [Code Root Scanning (ms): Min: 0.0, Avg: 1.4, Max: 9.8, Diff: 9.8, Sum: 20.2]
      [Object Copy (ms): Min: 0.0, Avg: 4.8, Max: 14.8, Diff: 14.8, Sum: 67.6]
      [Termination (ms): Min: 0.0, Avg: 0.4, Max: 0.5, Diff: 0.5, Sum: 5.5]
         [Termination Attempts: Min: 1, Avg: 7.9, Max: 21, Diff: 20, Sum: 110]
      [GC Worker Other (ms): Min: 0.0, Avg: 0.1, Max: 0.2, Diff: 0.2, Sum: 1.0]
      [GC Worker Total (ms): Min: 0.0, Avg: 8.6, Max: 22.2, Diff: 22.2, Sum: 120.7]
      [GC Worker End (ms): Min: 11291204.0, Avg: 11291204.1, Max: 11291204.2, Diff: 0.2]
   [Code Root Fixup: 0.0 ms]
   [Code Root Purge: 0.2 ms]
   [Clear CT: 1.0 ms]
   [Other: 19.5 ms]
      [Choose CSet: 0.0 ms]
      [Ref Proc: 17.4 ms]
      [Ref Enq: 0.1 ms]
      [Redirty Cards: 0.3 ms]
      [Humongous Register: 0.1 ms]
      [Humongous Reclaim: 0.0 ms]
      [Free CSet: 1.3 ms]
   [Eden: 5960.0M(5960.0M)->0.0B(5960.0M) Survivors: 40.0M->40.0M Heap: 6365.2M(10000.0M)->405.2M(10000.0M)]
 [Times: user=0.17 sys=0.00, real=0.05 secs]
2021-03-29T04:24:37.573+0800: 12236.155: [GC pause (G1 Evacuation Pause) (young), 0.0249700 secs]
   [Parallel Time: 14.3 ms, GC Workers: 14]
      [GC Worker Start (ms): Min: 12236155.3, Avg: 12236162.0, Max: 12236169.0, Diff: 13.7]
      [Ext Root Scanning (ms): Min: 0.0, Avg: 0.6, Max: 3.0, Diff: 3.0, Sum: 7.7]
      [Update RS (ms): Min: 0.0, Avg: 1.3, Max: 3.4, Diff: 3.4, Sum: 17.6]
         [Processed Buffers: Min: 0, Avg: 6.6, Max: 22, Diff: 22, Sum: 93]
      [Scan RS (ms): Min: 0.0, Avg: 0.1, Max: 0.3, Diff: 0.3, Sum: 1.9]
      [Code Root Scanning (ms): Min: 0.0, Avg: 0.8, Max: 9.0, Diff: 9.0, Sum: 10.9]
      [Object Copy (ms): Min: 0.0, Avg: 4.0, Max: 8.4, Diff: 8.4, Sum: 55.8]
      [Termination (ms): Min: 0.0, Avg: 0.6, Max: 0.8, Diff: 0.8, Sum: 8.5]
         [Termination Attempts: Min: 1, Avg: 3.3, Max: 8, Diff: 7, Sum: 46]
      [GC Worker Other (ms): Min: 0.0, Avg: 0.1, Max: 0.2, Diff: 0.2, Sum: 1.2]
      [GC Worker Total (ms): Min: 0.4, Avg: 7.4, Max: 14.1, Diff: 13.8, Sum: 103.6]
      [GC Worker End (ms): Min: 12236169.3, Avg: 12236169.4, Max: 12236169.5, Diff: 0.2]
   [Code Root Fixup: 0.0 ms]
   [Code Root Purge: 0.0 ms]
   [Clear CT: 0.9 ms]
   [Other: 9.7 ms]
      [Choose CSet: 0.0 ms]
      [Ref Proc: 7.6 ms]
      [Ref Enq: 0.0 ms]
      [Redirty Cards: 0.3 ms]
      [Humongous Register: 0.1 ms]
      [Humongous Reclaim: 0.0 ms]
      [Free CSet: 1.4 ms]
   [Eden: 5960.0M(5960.0M)->0.0B(5960.0M) Survivors: 40.0M->40.0M Heap: 6365.2M(10000.0M)->405.3M(10000.0M)]
 [Times: user=0.10 sys=0.00, real=0.02 secs]
2021-03-29T04:40:24.661+0800: 13183.244: [GC pause (G1 Evacuation Pause) (young), 0.0334415 secs]
   [Parallel Time: 21.9 ms, GC Workers: 14]
      [GC Worker Start (ms): Min: 13183244.2, Avg: 13183256.5, Max: 13183265.8, Diff: 21.6]
      [Ext Root Scanning (ms): Min: 0.0, Avg: 0.5, Max: 3.0, Diff: 3.0, Sum: 7.5]
      [Update RS (ms): Min: 0.0, Avg: 1.2, Max: 4.5, Diff: 4.5, Sum: 17.1]
         [Processed Buffers: Min: 0, Avg: 6.6, Max: 26, Diff: 26, Sum: 93]
      [Scan RS (ms): Min: 0.0, Avg: 0.1, Max: 0.4, Diff: 0.4, Sum: 1.6]
      [Code Root Scanning (ms): Min: 0.0, Avg: 1.3, Max: 10.4, Diff: 10.4, Sum: 18.6]
      [Object Copy (ms): Min: 0.0, Avg: 4.9, Max: 12.3, Diff: 12.3, Sum: 68.0]
      [Termination (ms): Min: 0.0, Avg: 1.3, Max: 1.7, Diff: 1.7, Sum: 18.6]
         [Termination Attempts: Min: 1, Avg: 7.9, Max: 20, Diff: 19, Sum: 110]
      [GC Worker Other (ms): Min: 0.0, Avg: 0.1, Max: 0.2, Diff: 0.2, Sum: 1.2]
      [GC Worker Total (ms): Min: 0.1, Avg: 9.5, Max: 21.7, Diff: 21.7, Sum: 132.6]
      [GC Worker End (ms): Min: 13183265.9, Avg: 13183265.9, Max: 13183266.0, Diff: 0.2]
   [Code Root Fixup: 0.1 ms]
   [Code Root Purge: 0.0 ms]
   [Clear CT: 1.1 ms]
   [Other: 10.4 ms]
      [Choose CSet: 0.0 ms]
      [Ref Proc: 8.3 ms]
      [Ref Enq: 0.1 ms]
      [Redirty Cards: 0.3 ms]
      [Humongous Register: 0.1 ms]
      [Humongous Reclaim: 0.0 ms]
      [Free CSet: 1.3 ms]
   [Eden: 5960.0M(5960.0M)->0.0B(5964.0M) Survivors: 40.0M->36.0M Heap: 6365.3M(10000.0M)->401.2M(10000.0M)]
 [Times: user=0.14 sys=0.00, real=0.03 secs]
2021-03-29T04:56:22.539+0800: 14141.121: [GC pause (G1 Evacuation Pause) (young), 0.0219279 secs]
   [Parallel Time: 11.5 ms, GC Workers: 14]
      [GC Worker Start (ms): Min: 14141121.7, Avg: 14141126.5, Max: 14141132.8, Diff: 11.1]
      [Ext Root Scanning (ms): Min: 0.0, Avg: 0.5, Max: 3.0, Diff: 3.0, Sum: 7.6]
      [Update RS (ms): Min: 0.0, Avg: 1.3, Max: 2.7, Diff: 2.7, Sum: 18.5]
         [Processed Buffers: Min: 0, Avg: 6.7, Max: 19, Diff: 19, Sum: 94]
      [Scan RS (ms): Min: 0.0, Avg: 0.2, Max: 0.3, Diff: 0.3, Sum: 2.1]
      [Code Root Scanning (ms): Min: 0.0, Avg: 0.2, Max: 1.3, Diff: 1.3, Sum: 2.5]
      [Object Copy (ms): Min: 0.0, Avg: 3.7, Max: 7.0, Diff: 7.0, Sum: 52.3]
      [Termination (ms): Min: 0.0, Avg: 0.4, Max: 0.6, Diff: 0.6, Sum: 5.5]
         [Termination Attempts: Min: 1, Avg: 1.5, Max: 3, Diff: 2, Sum: 21]
      [GC Worker Other (ms): Min: 0.0, Avg: 0.1, Max: 0.2, Diff: 0.2, Sum: 1.3]
      [GC Worker Total (ms): Min: 0.1, Avg: 6.4, Max: 11.2, Diff: 11.2, Sum: 89.8]
      [GC Worker End (ms): Min: 14141132.8, Avg: 14141132.9, Max: 14141133.0, Diff: 0.2]
   [Code Root Fixup: 0.1 ms]
   [Code Root Purge: 0.0 ms]
   [Clear CT: 0.9 ms]
   [Other: 9.5 ms]
      [Choose CSet: 0.0 ms]
      [Ref Proc: 7.5 ms]
      [Ref Enq: 0.0 ms]
      [Redirty Cards: 0.3 ms]
      [Humongous Register: 0.1 ms]
      [Humongous Reclaim: 0.0 ms]
      [Free CSet: 1.3 ms]
   [Eden: 5964.0M(5964.0M)->0.0B(5960.0M) Survivors: 36.0M->40.0M Heap: 6365.2M(10000.0M)->404.0M(10000.0M)]
 [Times: user=0.10 sys=0.00, real=0.03 secs]
2021-03-29T05:11:25.085+0800: 15043.667: [GC pause (G1 Evacuation Pause) (young), 0.0345875 secs]
   [Parallel Time: 23.0 ms, GC Workers: 14]
      [GC Worker Start (ms): Min: 15043667.7, Avg: 15043680.5, Max: 15043690.3, Diff: 22.6]
      [Ext Root Scanning (ms): Min: 0.0, Avg: 0.6, Max: 3.2, Diff: 3.2, Sum: 8.1]
      [Update RS (ms): Min: 0.0, Avg: 1.5, Max: 5.4, Diff: 5.4, Sum: 20.9]
         [Processed Buffers: Min: 0, Avg: 7.3, Max: 36, Diff: 36, Sum: 102]
      [Scan RS (ms): Min: 0.0, Avg: 0.1, Max: 0.4, Diff: 0.4, Sum: 1.8]
      [Code Root Scanning (ms): Min: 0.0, Avg: 0.8, Max: 8.7, Diff: 8.7, Sum: 10.8]
      [Object Copy (ms): Min: 0.0, Avg: 6.6, Max: 14.3, Diff: 14.3, Sum: 92.7]
      [Termination (ms): Min: 0.0, Avg: 0.3, Max: 0.4, Diff: 0.4, Sum: 3.9]
         [Termination Attempts: Min: 1, Avg: 8.8, Max: 22, Diff: 21, Sum: 123]
      [GC Worker Other (ms): Min: 0.0, Avg: 0.1, Max: 0.2, Diff: 0.2, Sum: 1.0]
      [GC Worker Total (ms): Min: 0.0, Avg: 9.9, Max: 22.8, Diff: 22.8, Sum: 139.2]
      [GC Worker End (ms): Min: 15043690.4, Avg: 15043690.4, Max: 15043690.5, Diff: 0.2]
   [Code Root Fixup: 0.1 ms]
   [Code Root Purge: 0.0 ms]
   [Clear CT: 0.9 ms]
   [Other: 10.6 ms]
      [Choose CSet: 0.0 ms]
      [Ref Proc: 8.4 ms]
      [Ref Enq: 0.1 ms]
      [Redirty Cards: 0.4 ms]
      [Humongous Register: 0.1 ms]
      [Humongous Reclaim: 0.0 ms]
      [Free CSet: 1.3 ms]
   [Eden: 5960.0M(5960.0M)->0.0B(5960.0M) Survivors: 40.0M->40.0M Heap: 6364.0M(10000.0M)->409.1M(10000.0M)]
 [Times: user=0.15 sys=0.00, real=0.03 secs]
2021-03-29T05:25:52.675+0800: 15911.257: [GC pause (G1 Evacuation Pause) (young), 0.0507732 secs]
   [Parallel Time: 17.0 ms, GC Workers: 14]
      [GC Worker Start (ms): Min: 15911257.7, Avg: 15911262.8, Max: 15911274.4, Diff: 16.6]
      [Ext Root Scanning (ms): Min: 0.0, Avg: 0.6, Max: 3.4, Diff: 3.4, Sum: 8.3]
      [Update RS (ms): Min: 0.0, Avg: 4.7, Max: 14.2, Diff: 14.2, Sum: 65.6]
         [Processed Buffers: Min: 0, Avg: 8.8, Max: 31, Diff: 31, Sum: 123]
      [Scan RS (ms): Min: 0.0, Avg: 0.1, Max: 0.3, Diff: 0.3, Sum: 1.8]
      [Code Root Scanning (ms): Min: 0.0, Avg: 0.1, Max: 0.6, Diff: 0.6, Sum: 1.3]
      [Object Copy (ms): Min: 0.0, Avg: 5.6, Max: 10.2, Diff: 10.2, Sum: 78.0]
      [Termination (ms): Min: 0.0, Avg: 0.5, Max: 0.9, Diff: 0.9, Sum: 7.2]
         [Termination Attempts: Min: 1, Avg: 25.6, Max: 68, Diff: 67, Sum: 359]
      [GC Worker Other (ms): Min: 0.0, Avg: 0.1, Max: 0.2, Diff: 0.2, Sum: 1.1]
      [GC Worker Total (ms): Min: 0.0, Avg: 11.7, Max: 16.8, Diff: 16.8, Sum: 163.3]
      [GC Worker End (ms): Min: 15911274.4, Avg: 15911274.5, Max: 15911274.6, Diff: 0.2]
   [Code Root Fixup: 0.0 ms]
   [Code Root Purge: 0.0 ms]
   [Clear CT: 0.8 ms]
   [Other: 32.9 ms]
      [Choose CSet: 0.0 ms]
      [Ref Proc: 30.6 ms]
      [Ref Enq: 0.1 ms]
      [Redirty Cards: 0.3 ms]
      [Humongous Register: 0.1 ms]
      [Humongous Reclaim: 0.0 ms]
      [Free CSet: 1.3 ms]
   [Eden: 5960.0M(5960.0M)->0.0B(5952.0M) Survivors: 40.0M->48.0M Heap: 6369.1M(10000.0M)->419.7M(10000.0M)]
 [Times: user=0.30 sys=0.00, real=0.05 secs]
2021-03-29T05:41:39.658+0800: 16858.241: [GC pause (G1 Evacuation Pause) (young), 0.0313544 secs]
   [Parallel Time: 20.6 ms, GC Workers: 14]
      [GC Worker Start (ms): Min: 16858241.0, Avg: 16858250.4, Max: 16858261.3, Diff: 20.3]
      [Ext Root Scanning (ms): Min: 0.0, Avg: 0.6, Max: 3.2, Diff: 3.2, Sum: 8.0]
      [Update RS (ms): Min: 0.0, Avg: 2.9, Max: 16.2, Diff: 16.2, Sum: 40.5]
         [Processed Buffers: Min: 0, Avg: 8.3, Max: 27, Diff: 27, Sum: 116]
      [Scan RS (ms): Min: 0.0, Avg: 0.2, Max: 0.4, Diff: 0.4, Sum: 2.1]
      [Code Root Scanning (ms): Min: 0.0, Avg: 0.5, Max: 6.6, Diff: 6.6, Sum: 7.0]
      [Object Copy (ms): Min: 0.0, Avg: 6.3, Max: 12.3, Diff: 12.3, Sum: 88.2]
      [Termination (ms): Min: 0.0, Avg: 0.5, Max: 0.7, Diff: 0.7, Sum: 6.8]
         [Termination Attempts: Min: 1, Avg: 5.7, Max: 16, Diff: 15, Sum: 80]
      [GC Worker Other (ms): Min: 0.0, Avg: 0.1, Max: 0.1, Diff: 0.1, Sum: 0.9]
      [GC Worker Total (ms): Min: 0.1, Avg: 11.0, Max: 20.4, Diff: 20.4, Sum: 153.6]
      [GC Worker End (ms): Min: 16858261.3, Avg: 16858261.4, Max: 16858261.5, Diff: 0.2]
   [Code Root Fixup: 0.0 ms]
   [Code Root Purge: 0.0 ms]
   [Clear CT: 1.0 ms]
   [Other: 9.8 ms]
      [Choose CSet: 0.0 ms]
      [Ref Proc: 7.8 ms]
      [Ref Enq: 0.0 ms]
      [Redirty Cards: 0.4 ms]
      [Humongous Register: 0.1 ms]
      [Humongous Reclaim: 0.0 ms]
      [Free CSet: 1.3 ms]
   [Eden: 5952.0M(5952.0M)->0.0B(5964.0M) Survivors: 48.0M->36.0M Heap: 6371.7M(10000.0M)->411.2M(10000.0M)]
 [Times: user=0.15 sys=0.00, real=0.03 secs]
2021-03-29T05:57:10.998+0800: 17789.580: [GC pause (G1 Evacuation Pause) (young), 0.0391311 secs]
   [Parallel Time: 21.5 ms, GC Workers: 14]
      [GC Worker Start (ms): Min: 17789580.6, Avg: 17789588.1, Max: 17789599.6, Diff: 19.0]
      [Ext Root Scanning (ms): Min: 0.0, Avg: 0.6, Max: 3.0, Diff: 3.0, Sum: 8.7]
      [Update RS (ms): Min: 0.0, Avg: 3.7, Max: 15.9, Diff: 15.9, Sum: 52.1]
         [Processed Buffers: Min: 0, Avg: 8.4, Max: 34, Diff: 34, Sum: 118]
      [Scan RS (ms): Min: 0.0, Avg: 0.1, Max: 0.3, Diff: 0.3, Sum: 1.6]
      [Code Root Scanning (ms): Min: 0.0, Avg: 0.7, Max: 9.2, Diff: 9.2, Sum: 9.5]
      [Object Copy (ms): Min: 0.0, Avg: 6.4, Max: 12.7, Diff: 12.7, Sum: 89.0]
      [Termination (ms): Min: 0.0, Avg: 2.2, Max: 2.5, Diff: 2.5, Sum: 30.9]
         [Termination Attempts: Min: 1, Avg: 5.9, Max: 14, Diff: 13, Sum: 82]
      [GC Worker Other (ms): Min: 0.0, Avg: 0.1, Max: 0.2, Diff: 0.2, Sum: 1.2]
      [GC Worker Total (ms): Min: 2.2, Avg: 13.8, Max: 21.3, Diff: 19.1, Sum: 193.1]
      [GC Worker End (ms): Min: 17789601.8, Avg: 17789601.9, Max: 17789602.0, Diff: 0.2]
   [Code Root Fixup: 0.0 ms]
   [Code Root Purge: 0.0 ms]
   [Clear CT: 1.4 ms]
   [Other: 16.2 ms]
      [Choose CSet: 0.0 ms]
      [Ref Proc: 14.2 ms]
      [Ref Enq: 0.0 ms]
      [Redirty Cards: 0.3 ms]
      [Humongous Register: 0.1 ms]
      [Humongous Reclaim: 0.0 ms]
      [Free CSet: 1.2 ms]
   [Eden: 5964.0M(5964.0M)->0.0B(5956.0M) Survivors: 36.0M->44.0M Heap: 6375.2M(10000.0M)->422.4M(10000.0M)]
 [Times: user=0.20 sys=0.01, real=0.04 secs]
2021-03-29T06:06:45.358+0800: 18363.941: [GC pause (Metadata GC Threshold) (young) (initial-mark), 0.0309918 secs]
   [Parallel Time: 18.6 ms, GC Workers: 14]
      [GC Worker Start (ms): Min: 18363941.4, Avg: 18363943.2, Max: 18363944.0, Diff: 2.5]
      [Ext Root Scanning (ms): Min: 2.4, Avg: 9.6, Max: 15.2, Diff: 12.8, Sum: 134.6]
      [Update RS (ms): Min: 0.0, Avg: 1.5, Max: 3.7, Diff: 3.7, Sum: 21.0]
         [Processed Buffers: Min: 0, Avg: 7.6, Max: 24, Diff: 24, Sum: 106]
      [Scan RS (ms): Min: 0.0, Avg: 0.1, Max: 0.2, Diff: 0.2, Sum: 1.1]
      [Code Root Scanning (ms): Min: 0.0, Avg: 0.0, Max: 0.2, Diff: 0.2, Sum: 0.4]
      [Object Copy (ms): Min: 0.0, Avg: 4.3, Max: 9.3, Diff: 9.3, Sum: 60.6]
      [Termination (ms): Min: 0.0, Avg: 0.5, Max: 0.7, Diff: 0.7, Sum: 7.1]
         [Termination Attempts: Min: 1, Avg: 3.7, Max: 10, Diff: 9, Sum: 52]
      [GC Worker Other (ms): Min: 0.0, Avg: 0.1, Max: 0.2, Diff: 0.2, Sum: 0.9]
      [GC Worker Total (ms): Min: 15.3, Avg: 16.1, Max: 17.9, Diff: 2.7, Sum: 225.6]
      [GC Worker End (ms): Min: 18363959.2, Avg: 18363959.3, Max: 18363959.4, Diff: 0.2]
   [Code Root Fixup: 0.0 ms]
   [Code Root Purge: 0.0 ms]
   [Clear CT: 0.8 ms]
   [Other: 11.6 ms]
      [Choose CSet: 0.0 ms]
      [Ref Proc: 9.8 ms]
      [Ref Enq: 0.0 ms]
      [Redirty Cards: 0.3 ms]
      [Humongous Register: 0.0 ms]
      [Humongous Reclaim: 0.0 ms]
      [Free CSet: 0.8 ms]
   [Eden: 3676.0M(5956.0M)->0.0B(5964.0M) Survivors: 44.0M->36.0M Heap: 4097.9M(10000.0M)->414.2M(10000.0M)]
 [Times: user=0.15 sys=0.00, real=0.03 secs]
2021-03-29T06:06:45.389+0800: 18363.972: [GC concurrent-root-region-scan-start]
2021-03-29T06:06:45.400+0800: 18363.983: [GC concurrent-root-region-scan-end, 0.0112012 secs]
2021-03-29T06:06:45.400+0800: 18363.983: [GC concurrent-mark-start]
2021-03-29T06:06:45.529+0800: 18364.112: [GC concurrent-mark-end, 0.1289056 secs]
2021-03-29T06:06:45.530+0800: 18364.112: [GC remark 2021-03-29T06:06:45.530+0800: 18364.112: [Finalize Marking, 0.0007794 secs] 2021-03-29T06:06:45.530+0800: 18364.113: [GC ref-proc, 0.0402685 secs] 2021-03-29T06:06:45.571+0800: 18364.153: [Unloading, 0.0233639 secs], 0.0663817 secs]
 [Times: user=0.18 sys=0.02, real=0.07 secs]
2021-03-29T06:06:45.597+0800: 18364.180: [GC cleanup 416M->412M(10000M), 0.0054172 secs]
 [Times: user=0.02 sys=0.00, real=0.01 secs]
2021-03-29T06:06:45.603+0800: 18364.185: [GC concurrent-cleanup-start]
2021-03-29T06:06:45.603+0800: 18364.185: [GC concurrent-cleanup-end, 0.0000162 secs]
2021-03-29T06:22:07.606+0800: 19286.188: [GC pause (G1 Evacuation Pause) (young), 0.0367995 secs]
   [Parallel Time: 22.3 ms, GC Workers: 14]
      [GC Worker Start (ms): Min: 19286188.7, Avg: 19286199.5, Max: 19286210.6, Diff: 21.9]
      [Ext Root Scanning (ms): Min: 0.0, Avg: 0.6, Max: 3.1, Diff: 3.1, Sum: 7.8]
      [Update RS (ms): Min: 0.0, Avg: 4.0, Max: 18.3, Diff: 18.3, Sum: 56.1]
         [Processed Buffers: Min: 0, Avg: 16.1, Max: 51, Diff: 51, Sum: 226]
      [Scan RS (ms): Min: 0.0, Avg: 0.8, Max: 1.4, Diff: 1.4, Sum: 10.7]
      [Code Root Scanning (ms): Min: 0.0, Avg: 0.0, Max: 0.2, Diff: 0.2, Sum: 0.4]
      [Object Copy (ms): Min: 0.0, Avg: 5.4, Max: 9.3, Diff: 9.3, Sum: 76.1]
      [Termination (ms): Min: 0.0, Avg: 0.4, Max: 0.5, Diff: 0.5, Sum: 5.3]
         [Termination Attempts: Min: 1, Avg: 20.6, Max: 39, Diff: 38, Sum: 288]
      [GC Worker Other (ms): Min: 0.0, Avg: 0.1, Max: 0.2, Diff: 0.2, Sum: 1.1]
      [GC Worker Total (ms): Min: 0.1, Avg: 11.2, Max: 22.0, Diff: 21.9, Sum: 157.4]
      [GC Worker End (ms): Min: 19286210.6, Avg: 19286210.7, Max: 19286210.8, Diff: 0.2]
   [Code Root Fixup: 0.0 ms]
   [Code Root Purge: 0.0 ms]
   [Clear CT: 1.1 ms]
   [Other: 13.3 ms]
      [Choose CSet: 0.0 ms]
      [Ref Proc: 10.8 ms]
      [Ref Enq: 0.1 ms]
      [Redirty Cards: 0.5 ms]
      [Humongous Register: 0.1 ms]
      [Humongous Reclaim: 0.0 ms]
      [Free CSet: 1.5 ms]
   [Eden: 5964.0M(5964.0M)->0.0B(5956.0M) Survivors: 36.0M->44.0M Heap: 6374.2M(10000.0M)->419.0M(10000.0M)]
 [Times: user=0.16 sys=0.00, real=0.04 secs]
2021-03-29T06:37:07.715+0800: 20186.297: [GC pause (G1 Evacuation Pause) (young), 0.0530919 secs]
   [Parallel Time: 38.9 ms, GC Workers: 14]
      [GC Worker Start (ms): Min: 20186297.5, Avg: 20186305.4, Max: 20186312.5, Diff: 15.0]
      [Ext Root Scanning (ms): Min: 0.0, Avg: 0.5, Max: 3.1, Diff: 3.1, Sum: 7.6]
      [Update RS (ms): Min: 0.0, Avg: 1.2, Max: 3.5, Diff: 3.5, Sum: 17.1]
         [Processed Buffers: Min: 0, Avg: 7.2, Max: 22, Diff: 22, Sum: 101]
      [Scan RS (ms): Min: 0.0, Avg: 0.1, Max: 0.4, Diff: 0.3, Sum: 2.0]
      [Code Root Scanning (ms): Min: 0.0, Avg: 0.4, Max: 5.1, Diff: 5.1, Sum: 5.3]
      [Object Copy (ms): Min: 0.0, Avg: 6.3, Max: 34.0, Diff: 34.0, Sum: 88.4]
      [Termination (ms): Min: 0.0, Avg: 22.2, Max: 24.0, Diff: 24.0, Sum: 310.8]
         [Termination Attempts: Min: 1, Avg: 1.0, Max: 1, Diff: 0, Sum: 14]
      [GC Worker Other (ms): Min: 0.0, Avg: 0.1, Max: 0.2, Diff: 0.2, Sum: 1.0]
      [GC Worker Total (ms): Min: 23.7, Avg: 30.9, Max: 38.8, Diff: 15.1, Sum: 432.3]
      [GC Worker End (ms): Min: 20186336.2, Avg: 20186336.2, Max: 20186336.3, Diff: 0.2]
   [Code Root Fixup: 0.0 ms]
   [Code Root Purge: 0.0 ms]
   [Clear CT: 1.0 ms]
   [Other: 13.2 ms]
      [Choose CSet: 0.0 ms]
      [Ref Proc: 11.1 ms]
      [Ref Enq: 0.1 ms]
      [Redirty Cards: 0.3 ms]
      [Humongous Register: 0.1 ms]
      [Humongous Reclaim: 0.0 ms]
      [Free CSet: 1.3 ms]
   [Eden: 5956.0M(5956.0M)->0.0B(5956.0M) Survivors: 44.0M->44.0M Heap: 6375.0M(10000.0M)->419.6M(10000.0M)]
 [Times: user=0.29 sys=0.01, real=0.05 secs]
2021-03-29T06:51:07.658+0800: 21026.240: [GC pause (G1 Evacuation Pause) (young), 0.0381392 secs]
   [Parallel Time: 14.9 ms, GC Workers: 14]
      [GC Worker Start (ms): Min: 21026240.6, Avg: 21026246.3, Max: 21026255.1, Diff: 14.5]
      [Ext Root Scanning (ms): Min: 0.0, Avg: 0.6, Max: 3.3, Diff: 3.3, Sum: 8.0]
      [Update RS (ms): Min: 0.0, Avg: 1.3, Max: 2.9, Diff: 2.9, Sum: 17.8]
         [Processed Buffers: Min: 0, Avg: 7.4, Max: 18, Diff: 18, Sum: 103]
      [Scan RS (ms): Min: 0.0, Avg: 0.2, Max: 0.3, Diff: 0.3, Sum: 2.1]
      [Code Root Scanning (ms): Min: 0.0, Avg: 0.8, Max: 10.2, Diff: 10.2, Sum: 10.7]
      [Object Copy (ms): Min: 0.0, Avg: 5.7, Max: 10.3, Diff: 10.3, Sum: 80.0]
      [Termination (ms): Min: 0.0, Avg: 0.4, Max: 0.6, Diff: 0.6, Sum: 5.8]
         [Termination Attempts: Min: 1, Avg: 5.6, Max: 10, Diff: 9, Sum: 78]
      [GC Worker Other (ms): Min: 0.0, Avg: 0.1, Max: 0.2, Diff: 0.2, Sum: 1.4]
      [GC Worker Total (ms): Min: 0.1, Avg: 9.0, Max: 14.7, Diff: 14.7, Sum: 125.8]
      [GC Worker End (ms): Min: 21026255.2, Avg: 21026255.3, Max: 21026255.4, Diff: 0.2]
   [Code Root Fixup: 0.0 ms]
   [Code Root Purge: 0.0 ms]
   [Clear CT: 0.8 ms]
   [Other: 22.4 ms]
      [Choose CSet: 0.0 ms]
      [Ref Proc: 18.6 ms]
      [Ref Enq: 0.1 ms]
      [Redirty Cards: 1.3 ms]
      [Humongous Register: 0.1 ms]
      [Humongous Reclaim: 0.0 ms]
      [Free CSet: 1.9 ms]
   [Eden: 5956.0M(5956.0M)->0.0B(5952.0M) Survivors: 44.0M->48.0M Heap: 6375.6M(10000.0M)->424.0M(10000.0M)]
 [Times: user=0.16 sys=0.00, real=0.04 secs]
2021-03-29T07:06:22.671+0800: 21941.254: [GC pause (G1 Evacuation Pause) (young), 0.0476753 secs]
   [Parallel Time: 35.8 ms, GC Workers: 14]
      [GC Worker Start (ms): Min: 21941253.7, Avg: 21941260.5, Max: 21941271.4, Diff: 17.7]
      [Ext Root Scanning (ms): Min: 0.0, Avg: 0.6, Max: 3.1, Diff: 3.1, Sum: 7.8]
      [Update RS (ms): Min: 0.0, Avg: 1.3, Max: 3.5, Diff: 3.5, Sum: 17.8]
         [Processed Buffers: Min: 0, Avg: 7.4, Max: 19, Diff: 19, Sum: 103]
      [Scan RS (ms): Min: 0.0, Avg: 0.1, Max: 0.3, Diff: 0.3, Sum: 2.0]
      [Code Root Scanning (ms): Min: 0.0, Avg: 0.9, Max: 12.8, Diff: 12.8, Sum: 13.1]
      [Object Copy (ms): Min: 0.0, Avg: 9.0, Max: 31.0, Diff: 31.0, Sum: 126.1]
      [Termination (ms): Min: 0.0, Avg: 16.8, Max: 18.2, Diff: 18.2, Sum: 234.7]
         [Termination Attempts: Min: 1, Avg: 15.7, Max: 37, Diff: 36, Sum: 220]
      [GC Worker Other (ms): Min: 0.0, Avg: 0.1, Max: 0.2, Diff: 0.2, Sum: 1.2]
      [GC Worker Total (ms): Min: 17.8, Avg: 28.8, Max: 35.6, Diff: 17.8, Sum: 402.7]
      [GC Worker End (ms): Min: 21941289.2, Avg: 21941289.3, Max: 21941289.4, Diff: 0.2]
   [Code Root Fixup: 0.0 ms]
   [Code Root Purge: 0.0 ms]
   [Clear CT: 0.8 ms]
   [Other: 11.0 ms]
      [Choose CSet: 0.0 ms]
      [Ref Proc: 8.9 ms]
      [Ref Enq: 0.0 ms]
      [Redirty Cards: 0.4 ms]
      [Humongous Register: 0.1 ms]
      [Humongous Reclaim: 0.0 ms]
      [Free CSet: 1.3 ms]
   [Eden: 5952.0M(5952.0M)->0.0B(5960.0M) Survivors: 48.0M->40.0M Heap: 6376.0M(10000.0M)->418.6M(10000.0M)]
 [Times: user=0.29 sys=0.00, real=0.04 secs]
2021-03-29T07:20:07.829+0800: 22766.411: [GC pause (G1 Evacuation Pause) (young), 0.0469360 secs]
   [Parallel Time: 20.0 ms, GC Workers: 14]
      [GC Worker Start (ms): Min: 22766411.7, Avg: 22766419.8, Max: 22766431.3, Diff: 19.6]
      [Ext Root Scanning (ms): Min: 0.0, Avg: 0.6, Max: 3.1, Diff: 3.1, Sum: 7.8]
      [Update RS (ms): Min: 0.0, Avg: 1.3, Max: 3.7, Diff: 3.7, Sum: 17.8]
         [Processed Buffers: Min: 0, Avg: 7.4, Max: 24, Diff: 24, Sum: 104]
      [Scan RS (ms): Min: 0.0, Avg: 0.1, Max: 0.3, Diff: 0.3, Sum: 1.9]
      [Code Root Scanning (ms): Min: 0.0, Avg: 0.9, Max: 11.6, Diff: 11.6, Sum: 12.0]
      [Object Copy (ms): Min: 0.0, Avg: 8.6, Max: 15.0, Diff: 15.0, Sum: 120.7]
      [Termination (ms): Min: 0.0, Avg: 0.1, Max: 0.2, Diff: 0.2, Sum: 1.8]
         [Termination Attempts: Min: 1, Avg: 23.7, Max: 54, Diff: 53, Sum: 332]
      [GC Worker Other (ms): Min: 0.0, Avg: 0.1, Max: 0.2, Diff: 0.2, Sum: 1.1]
      [GC Worker Total (ms): Min: 0.1, Avg: 11.6, Max: 19.8, Diff: 19.7, Sum: 163.1]
      [GC Worker End (ms): Min: 22766431.4, Avg: 22766431.5, Max: 22766431.6, Diff: 0.2]
   [Code Root Fixup: 0.0 ms]
   [Code Root Purge: 0.0 ms]
   [Clear CT: 0.9 ms]
   [Other: 26.0 ms]
      [Choose CSet: 0.0 ms]
      [Ref Proc: 24.0 ms]
      [Ref Enq: 0.1 ms]
      [Redirty Cards: 0.3 ms]
      [Humongous Register: 0.1 ms]
      [Humongous Reclaim: 0.0 ms]
      [Free CSet: 1.3 ms]
   [Eden: 5960.0M(5960.0M)->0.0B(5952.0M) Survivors: 40.0M->48.0M Heap: 6378.6M(10000.0M)->427.0M(10000.0M)]
 [Times: user=0.23 sys=0.00, real=0.05 secs]
2021-03-29T07:32:23.228+0800: 23501.811: [GC pause (G1 Evacuation Pause) (young), 0.0520594 secs]
   [Parallel Time: 21.7 ms, GC Workers: 14]
      [GC Worker Start (ms): Min: 23501810.8, Avg: 23501817.3, Max: 23501830.1, Diff: 19.2]
      [Ext Root Scanning (ms): Min: 0.0, Avg: 0.9, Max: 4.2, Diff: 4.2, Sum: 13.2]
      [Update RS (ms): Min: 0.0, Avg: 1.3, Max: 3.5, Diff: 3.5, Sum: 18.6]
         [Processed Buffers: Min: 0, Avg: 7.6, Max: 26, Diff: 26, Sum: 107]
      [Scan RS (ms): Min: 0.0, Avg: 0.1, Max: 0.4, Diff: 0.3, Sum: 1.9]
      [Code Root Scanning (ms): Min: 0.0, Avg: 3.0, Max: 16.1, Diff: 16.1, Sum: 42.4]
      [Object Copy (ms): Min: 0.4, Avg: 9.2, Max: 16.3, Diff: 15.9, Sum: 129.2]
      [Termination (ms): Min: 0.0, Avg: 0.3, Max: 0.3, Diff: 0.3, Sum: 3.5]
         [Termination Attempts: Min: 1, Avg: 25.2, Max: 54, Diff: 53, Sum: 353]
      [GC Worker Other (ms): Min: 0.0, Avg: 0.1, Max: 0.2, Diff: 0.2, Sum: 1.3]
      [GC Worker Total (ms): Min: 2.2, Avg: 15.0, Max: 21.5, Diff: 19.3, Sum: 210.1]
      [GC Worker End (ms): Min: 23501832.2, Avg: 23501832.3, Max: 23501832.4, Diff: 0.2]
   [Code Root Fixup: 0.1 ms]
   [Code Root Purge: 0.0 ms]
   [Clear CT: 0.9 ms]
   [Other: 29.5 ms]
      [Choose CSet: 0.0 ms]
      [Ref Proc: 27.2 ms]
      [Ref Enq: 0.1 ms]
      [Redirty Cards: 0.5 ms]
      [Humongous Register: 0.1 ms]
      [Humongous Reclaim: 0.0 ms]
      [Free CSet: 1.4 ms]
   [Eden: 5952.0M(5952.0M)->0.0B(5936.0M) Survivors: 48.0M->64.0M Heap: 6379.0M(10000.0M)->443.7M(10000.0M)]
 [Times: user=0.19 sys=0.00, real=0.05 secs]
2021-03-29T07:41:02.229+0800: 24020.812: [GC pause (G1 Evacuation Pause) (young), 0.0715996 secs]
   [Parallel Time: 49.9 ms, GC Workers: 14]
      [GC Worker Start (ms): Min: 24020812.1, Avg: 24020823.0, Max: 24020836.7, Diff: 24.6]
      [Ext Root Scanning (ms): Min: 0.0, Avg: 0.6, Max: 3.8, Diff: 3.8, Sum: 9.1]
      [Update RS (ms): Min: 0.0, Avg: 1.4, Max: 3.7, Diff: 3.7, Sum: 20.0]
         [Processed Buffers: Min: 0, Avg: 7.6, Max: 23, Diff: 23, Sum: 106]
      [Scan RS (ms): Min: 0.0, Avg: 0.1, Max: 0.3, Diff: 0.3, Sum: 1.9]
      [Code Root Scanning (ms): Min: 0.0, Avg: 0.4, Max: 4.3, Diff: 4.3, Sum: 5.5]
      [Object Copy (ms): Min: 0.0, Avg: 12.6, Max: 39.9, Diff: 39.9, Sum: 175.9]
      [Termination (ms): Min: 0.0, Avg: 23.6, Max: 25.5, Diff: 25.5, Sum: 329.9]
         [Termination Attempts: Min: 1, Avg: 1.4, Max: 3, Diff: 2, Sum: 19]
      [GC Worker Other (ms): Min: 0.0, Avg: 0.1, Max: 0.2, Diff: 0.2, Sum: 1.3]
      [GC Worker Total (ms): Min: 25.2, Avg: 38.8, Max: 49.8, Diff: 24.7, Sum: 543.6]
      [GC Worker End (ms): Min: 24020861.8, Avg: 24020861.9, Max: 24020862.0, Diff: 0.2]
   [Code Root Fixup: 0.1 ms]
   [Code Root Purge: 0.1 ms]
   [Clear CT: 1.1 ms]
   [Other: 20.5 ms]
      [Choose CSet: 0.0 ms]
      [Ref Proc: 18.2 ms]
      [Ref Enq: 0.1 ms]
      [Redirty Cards: 0.3 ms]
      [Humongous Register: 0.1 ms]
      [Humongous Reclaim: 0.0 ms]
      [Free CSet: 1.4 ms]
   [Eden: 5936.0M(5936.0M)->0.0B(5940.0M) Survivors: 64.0M->60.0M Heap: 6379.7M(10000.0M)->437.9M(10000.0M)]
 [Times: user=0.40 sys=0.00, real=0.08 secs]
2021-03-29T07:44:17.008+0800: 24215.590: [GC pause (G1 Evacuation Pause) (young), 0.0687461 secs]
   [Parallel Time: 57.4 ms, GC Workers: 14]
      [GC Worker Start (ms): Min: 24215590.5, Avg: 24215604.8, Max: 24215622.8, Diff: 32.3]
      [Ext Root Scanning (ms): Min: 0.0, Avg: 0.6, Max: 3.3, Diff: 3.3, Sum: 8.7]
      [Update RS (ms): Min: 0.0, Avg: 1.4, Max: 5.5, Diff: 5.5, Sum: 19.4]
         [Processed Buffers: Min: 0, Avg: 7.6, Max: 34, Diff: 34, Sum: 106]
      [Scan RS (ms): Min: 0.0, Avg: 0.1, Max: 0.3, Diff: 0.3, Sum: 1.9]
      [Code Root Scanning (ms): Min: 0.0, Avg: 0.4, Max: 4.8, Diff: 4.8, Sum: 5.7]
      [Object Copy (ms): Min: 0.0, Avg: 17.1, Max: 47.5, Diff: 47.5, Sum: 239.4]
      [Termination (ms): Min: 0.0, Avg: 23.0, Max: 24.9, Diff: 24.9, Sum: 322.7]
         [Termination Attempts: Min: 1, Avg: 23.1, Max: 51, Diff: 50, Sum: 323]
      [GC Worker Other (ms): Min: 0.0, Avg: 0.1, Max: 0.2, Diff: 0.2, Sum: 1.2]
      [GC Worker Total (ms): Min: 24.9, Avg: 42.8, Max: 57.2, Diff: 32.3, Sum: 599.0]
      [GC Worker End (ms): Min: 24215647.5, Avg: 24215647.6, Max: 24215647.7, Diff: 0.2]
   [Code Root Fixup: 0.1 ms]
   [Code Root Purge: 0.0 ms]
   [Clear CT: 0.8 ms]
   [Other: 10.5 ms]
      [Choose CSet: 0.0 ms]
      [Ref Proc: 7.7 ms]
      [Ref Enq: 0.2 ms]
      [Redirty Cards: 0.3 ms]
      [Humongous Register: 0.1 ms]
      [Humongous Reclaim: 0.0 ms]
      [Free CSet: 1.9 ms]
   [Eden: 5940.0M(5940.0M)->0.0B(5936.0M) Survivors: 60.0M->64.0M Heap: 6377.9M(10000.0M)->442.0M(10000.0M)]
 [Times: user=0.41 sys=0.01, real=0.07 secs]
2021-03-29T07:51:23.965+0800: 24642.548: [GC pause (G1 Evacuation Pause) (young), 0.0492693 secs]
   [Parallel Time: 24.6 ms, GC Workers: 14]
      [GC Worker Start (ms): Min: 24642548.4, Avg: 24642557.3, Max: 24642572.2, Diff: 23.9]
      [Ext Root Scanning (ms): Min: 0.0, Avg: 0.6, Max: 3.6, Diff: 3.6, Sum: 8.6]
      [Update RS (ms): Min: 0.0, Avg: 1.4, Max: 3.6, Diff: 3.6, Sum: 20.1]
         [Processed Buffers: Min: 0, Avg: 7.6, Max: 21, Diff: 21, Sum: 106]
      [Scan RS (ms): Min: 0.0, Avg: 0.1, Max: 0.3, Diff: 0.3, Sum: 2.0]
      [Code Root Scanning (ms): Min: 0.0, Avg: 0.9, Max: 11.3, Diff: 11.3, Sum: 12.1]
      [Object Copy (ms): Min: 0.0, Avg: 11.6, Max: 19.0, Diff: 19.0, Sum: 161.9]
      [Termination (ms): Min: 0.0, Avg: 0.3, Max: 0.4, Diff: 0.4, Sum: 4.6]
         [Termination Attempts: Min: 1, Avg: 2.1, Max: 6, Diff: 5, Sum: 29]
      [GC Worker Other (ms): Min: 0.0, Avg: 0.1, Max: 0.3, Diff: 0.2, Sum: 1.5]
      [GC Worker Total (ms): Min: 0.1, Avg: 15.1, Max: 24.1, Diff: 24.0, Sum: 210.9]
      [GC Worker End (ms): Min: 24642572.3, Avg: 24642572.4, Max: 24642572.5, Diff: 0.2]
   [Code Root Fixup: 0.1 ms]
   [Code Root Purge: 0.0 ms]
   [Clear CT: 1.1 ms]
   [Other: 23.5 ms]
      [Choose CSet: 0.0 ms]
      [Ref Proc: 21.5 ms]
      [Ref Enq: 0.1 ms]
      [Redirty Cards: 0.3 ms]
      [Humongous Register: 0.1 ms]
      [Humongous Reclaim: 0.0 ms]
      [Free CSet: 1.3 ms]
   [Eden: 5936.0M(5936.0M)->0.0B(5928.0M) Survivors: 64.0M->72.0M Heap: 6378.0M(10000.0M)->450.0M(10000.0M)]
 [Times: user=0.20 sys=0.01, real=0.05 secs]
2021-03-29T07:56:39.072+0800: 24957.654: [GC pause (G1 Evacuation Pause) (young), 0.0654365 secs]
   [Parallel Time: 37.0 ms, GC Workers: 14]
      [GC Worker Start (ms): Min: 24957654.4, Avg: 24957663.3, Max: 24957683.9, Diff: 29.5]
      [Ext Root Scanning (ms): Min: 0.0, Avg: 0.8, Max: 3.8, Diff: 3.8, Sum: 11.1]
      [Update RS (ms): Min: 0.0, Avg: 1.7, Max: 3.8, Diff: 3.8, Sum: 23.4]
         [Processed Buffers: Min: 0, Avg: 7.6, Max: 21, Diff: 21, Sum: 106]
      [Scan RS (ms): Min: 0.0, Avg: 0.2, Max: 0.4, Diff: 0.3, Sum: 2.5]
      [Code Root Scanning (ms): Min: 0.0, Avg: 1.7, Max: 12.5, Diff: 12.5, Sum: 23.5]
      [Object Copy (ms): Min: 0.0, Avg: 17.2, Max: 29.4, Diff: 29.4, Sum: 240.8]
      [Termination (ms): Min: 0.0, Avg: 6.0, Max: 7.1, Diff: 7.1, Sum: 84.0]
         [Termination Attempts: Min: 1, Avg: 1.9, Max: 4, Diff: 3, Sum: 26]
      [GC Worker Other (ms): Min: 0.0, Avg: 0.1, Max: 0.3, Diff: 0.3, Sum: 2.0]
      [GC Worker Total (ms): Min: 7.0, Avg: 27.7, Max: 36.8, Diff: 29.8, Sum: 387.2]
      [GC Worker End (ms): Min: 24957690.9, Avg: 24957691.0, Max: 24957691.2, Diff: 0.3]
   [Code Root Fixup: 0.1 ms]
   [Code Root Purge: 0.0 ms]
   [Clear CT: 1.0 ms]
   [Other: 27.3 ms]
      [Choose CSet: 0.0 ms]
      [Ref Proc: 24.3 ms]
      [Ref Enq: 0.2 ms]
      [Redirty Cards: 0.6 ms]
      [Humongous Register: 0.1 ms]
      [Humongous Reclaim: 0.0 ms]
      [Free CSet: 1.7 ms]
   [Eden: 5928.0M(5928.0M)->0.0B(5924.0M) Survivors: 72.0M->76.0M Heap: 6378.0M(10000.0M)->456.3M(10000.0M)]
 [Times: user=0.31 sys=0.00, real=0.06 secs]
2021-03-29T07:58:13.468+0800: 25052.051: [GC pause (G1 Evacuation Pause) (young), 0.0597229 secs]
   [Parallel Time: 51.1 ms, GC Workers: 14]
      [GC Worker Start (ms): Min: 25052051.3, Avg: 25052072.2, Max: 25052095.9, Diff: 44.6]
      [Ext Root Scanning (ms): Min: 0.0, Avg: 0.7, Max: 3.8, Diff: 3.8, Sum: 9.2]
      [Update RS (ms): Min: 0.0, Avg: 1.5, Max: 6.5, Diff: 6.5, Sum: 21.4]
         [Processed Buffers: Min: 0, Avg: 7.6, Max: 34, Diff: 34, Sum: 107]
      [Scan RS (ms): Min: 0.1, Avg: 0.2, Max: 0.4, Diff: 0.4, Sum: 2.1]
      [Code Root Scanning (ms): Min: 0.0, Avg: 0.1, Max: 0.6, Diff: 0.6, Sum: 1.8]
      [Object Copy (ms): Min: 0.0, Avg: 21.9, Max: 40.2, Diff: 40.2, Sum: 306.3]
      [Termination (ms): Min: 0.0, Avg: 5.5, Max: 6.3, Diff: 6.3, Sum: 77.1]
         [Termination Attempts: Min: 1, Avg: 18.4, Max: 42, Diff: 41, Sum: 257]
      [GC Worker Other (ms): Min: 0.0, Avg: 0.1, Max: 0.2, Diff: 0.2, Sum: 1.2]
      [GC Worker Total (ms): Min: 6.2, Avg: 29.9, Max: 51.0, Diff: 44.8, Sum: 419.1]
      [GC Worker End (ms): Min: 25052102.1, Avg: 25052102.2, Max: 25052102.3, Diff: 0.2]
   [Code Root Fixup: 0.1 ms]
   [Code Root Purge: 0.0 ms]
   [Clear CT: 0.9 ms]
   [Other: 7.7 ms]
      [Choose CSet: 0.0 ms]
      [Ref Proc: 5.3 ms]
      [Ref Enq: 0.0 ms]
      [Redirty Cards: 0.5 ms]
      [Humongous Register: 0.1 ms]
      [Humongous Reclaim: 0.0 ms]
      [Free CSet: 1.4 ms]
   [Eden: 5924.0M(5924.0M)->0.0B(5920.0M) Survivors: 76.0M->80.0M Heap: 6380.3M(10000.0M)->463.5M(10000.0M)]
 [Times: user=0.33 sys=0.00, real=0.06 secs]
2021-03-29T08:01:13.351+0800: 25231.934: [GC pause (G1 Evacuation Pause) (young), 0.0628020 secs]
   [Parallel Time: 47.7 ms, GC Workers: 14]
      [GC Worker Start (ms): Min: 25231933.8, Avg: 25231946.3, Max: 25231965.5, Diff: 31.7]
      [Ext Root Scanning (ms): Min: 0.0, Avg: 0.6, Max: 3.4, Diff: 3.4, Sum: 8.1]
      [Update RS (ms): Min: 0.0, Avg: 2.3, Max: 5.2, Diff: 5.2, Sum: 32.2]
         [Processed Buffers: Min: 0, Avg: 9.5, Max: 24, Diff: 24, Sum: 133]
      [Scan RS (ms): Min: 0.0, Avg: 0.2, Max: 0.3, Diff: 0.3, Sum: 2.2]
      [Code Root Scanning (ms): Min: 0.0, Avg: 0.1, Max: 0.7, Diff: 0.7, Sum: 1.6]
      [Object Copy (ms): Min: 0.0, Avg: 16.8, Max: 40.8, Diff: 40.8, Sum: 235.6]
      [Termination (ms): Min: 0.0, Avg: 15.0, Max: 16.3, Diff: 16.3, Sum: 210.6]
         [Termination Attempts: Min: 1, Avg: 31.9, Max: 73, Diff: 72, Sum: 447]
      [GC Worker Other (ms): Min: 0.0, Avg: 0.1, Max: 0.2, Diff: 0.2, Sum: 1.0]
      [GC Worker Total (ms): Min: 15.8, Avg: 35.1, Max: 47.6, Diff: 31.8, Sum: 491.4]
      [GC Worker End (ms): Min: 25231981.3, Avg: 25231981.4, Max: 25231981.5, Diff: 0.2]
   [Code Root Fixup: 0.1 ms]
   [Code Root Purge: 0.0 ms]
   [Clear CT: 1.1 ms]
   [Other: 13.9 ms]
      [Choose CSet: 0.0 ms]
      [Ref Proc: 11.7 ms]
      [Ref Enq: 0.1 ms]
      [Redirty Cards: 0.4 ms]
      [Humongous Register: 0.1 ms]
      [Humongous Reclaim: 0.0 ms]
      [Free CSet: 1.3 ms]
   [Eden: 5920.0M(5920.0M)->0.0B(5920.0M) Survivors: 80.0M->80.0M Heap: 6383.5M(10000.0M)->468.5M(10000.0M)]
 [Times: user=0.37 sys=0.00, real=0.06 secs]
2021-03-29T08:04:24.551+0800: 25423.134: [GC pause (G1 Evacuation Pause) (young), 0.0615686 secs]
   [Parallel Time: 43.9 ms, GC Workers: 14]
      [GC Worker Start (ms): Min: 25423133.9, Avg: 25423149.7, Max: 25423167.3, Diff: 33.4]
      [Ext Root Scanning (ms): Min: 0.0, Avg: 0.6, Max: 3.2, Diff: 3.2, Sum: 8.3]
      [Update RS (ms): Min: 0.0, Avg: 2.1, Max: 6.5, Diff: 6.5, Sum: 29.1]
         [Processed Buffers: Min: 0, Avg: 9.1, Max: 30, Diff: 30, Sum: 127]
      [Scan RS (ms): Min: 0.0, Avg: 0.1, Max: 0.3, Diff: 0.3, Sum: 1.9]
      [Code Root Scanning (ms): Min: 0.0, Avg: 0.1, Max: 0.5, Diff: 0.5, Sum: 1.3]
      [Object Copy (ms): Min: 0.0, Avg: 15.0, Max: 31.4, Diff: 31.4, Sum: 209.5]
      [Termination (ms): Min: 0.0, Avg: 9.9, Max: 10.8, Diff: 10.8, Sum: 138.6]
         [Termination Attempts: Min: 1, Avg: 2.1, Max: 4, Diff: 3, Sum: 29]
      [GC Worker Other (ms): Min: 0.0, Avg: 0.1, Max: 0.2, Diff: 0.2, Sum: 1.4]
      [GC Worker Total (ms): Min: 10.3, Avg: 27.9, Max: 43.8, Diff: 33.5, Sum: 390.1]
      [GC Worker End (ms): Min: 25423177.5, Avg: 25423177.6, Max: 25423177.7, Diff: 0.2]
   [Code Root Fixup: 0.1 ms]
   [Code Root Purge: 0.0 ms]
   [Clear CT: 1.2 ms]
   [Other: 16.4 ms]
      [Choose CSet: 0.0 ms]
      [Ref Proc: 14.3 ms]
      [Ref Enq: 0.1 ms]
      [Redirty Cards: 0.3 ms]
      [Humongous Register: 0.1 ms]
      [Humongous Reclaim: 0.0 ms]
      [Free CSet: 1.4 ms]
   [Eden: 5920.0M(5920.0M)->0.0B(5920.0M) Survivors: 80.0M->80.0M Heap: 6388.5M(10000.0M)->471.0M(10000.0M)]
 [Times: user=0.33 sys=0.00, real=0.06 secs]
2021-03-29T08:06:54.997+0800: 25573.579: [GC pause (G1 Evacuation Pause) (young), 0.0817392 secs]
   [Parallel Time: 67.9 ms, GC Workers: 14]
      [GC Worker Start (ms): Min: 25573579.6, Avg: 25573591.8, Max: 25573619.5, Diff: 39.9]
      [Ext Root Scanning (ms): Min: 0.0, Avg: 0.7, Max: 3.7, Diff: 3.7, Sum: 9.4]
      [Update RS (ms): Min: 0.0, Avg: 1.5, Max: 3.9, Diff: 3.9, Sum: 20.8]
         [Processed Buffers: Min: 0, Avg: 7.2, Max: 29, Diff: 29, Sum: 101]
      [Scan RS (ms): Min: 0.0, Avg: 0.2, Max: 0.4, Diff: 0.4, Sum: 2.1]
      [Code Root Scanning (ms): Min: 0.0, Avg: 1.0, Max: 13.2, Diff: 13.2, Sum: 14.2]
      [Object Copy (ms): Min: 0.0, Avg: 27.2, Max: 51.9, Diff: 51.9, Sum: 381.0]
      [Termination (ms): Min: 0.0, Avg: 24.8, Max: 27.8, Diff: 27.8, Sum: 346.8]
         [Termination Attempts: Min: 1, Avg: 8.5, Max: 17, Diff: 16, Sum: 119]
      [GC Worker Other (ms): Min: 0.0, Avg: 0.1, Max: 0.2, Diff: 0.2, Sum: 1.0]
      [GC Worker Total (ms): Min: 27.7, Avg: 55.4, Max: 67.6, Diff: 39.9, Sum: 775.4]
      [GC Worker End (ms): Min: 25573647.1, Avg: 25573647.2, Max: 25573647.3, Diff: 0.2]
   [Code Root Fixup: 0.1 ms]
   [Code Root Purge: 0.0 ms]
   [Clear CT: 1.4 ms]
   [Other: 12.3 ms]
      [Choose CSet: 0.0 ms]
      [Ref Proc: 10.0 ms]
      [Ref Enq: 0.1 ms]
      [Redirty Cards: 0.3 ms]
      [Humongous Register: 0.1 ms]
      [Humongous Reclaim: 0.0 ms]
      [Free CSet: 1.4 ms]
   [Eden: 5920.0M(5920.0M)->0.0B(5904.0M) Survivors: 80.0M->96.0M Heap: 6391.0M(10000.0M)->488.7M(10000.0M)]
 [Times: user=0.51 sys=0.01, real=0.08 secs]
2021-03-29T08:11:09.811+0800: 25828.394: [GC pause (G1 Evacuation Pause) (young), 0.0507657 secs]
   [Parallel Time: 35.3 ms, GC Workers: 14]
      [GC Worker Start (ms): Min: 25828394.0, Avg: 25828402.4, Max: 25828422.1, Diff: 28.1]
      [Ext Root Scanning (ms): Min: 0.0, Avg: 0.6, Max: 3.2, Diff: 3.2, Sum: 8.5]
      [Update RS (ms): Min: 0.0, Avg: 1.5, Max: 4.3, Diff: 4.3, Sum: 21.0]
         [Processed Buffers: Min: 0, Avg: 8.1, Max: 19, Diff: 19, Sum: 113]
      [Scan RS (ms): Min: 0.0, Avg: 0.1, Max: 0.3, Diff: 0.3, Sum: 2.1]
      [Code Root Scanning (ms): Min: 0.0, Avg: 1.8, Max: 12.6, Diff: 12.6, Sum: 25.8]
      [Object Copy (ms): Min: 4.5, Avg: 20.3, Max: 27.2, Diff: 22.7, Sum: 284.6]
      [Termination (ms): Min: 0.0, Avg: 2.1, Max: 2.3, Diff: 2.3, Sum: 28.8]
         [Termination Attempts: Min: 1, Avg: 13.6, Max: 31, Diff: 30, Sum: 191]
      [GC Worker Other (ms): Min: 0.0, Avg: 0.2, Max: 0.3, Diff: 0.3, Sum: 2.3]
      [GC Worker Total (ms): Min: 7.1, Avg: 26.6, Max: 35.2, Diff: 28.2, Sum: 373.0]
      [GC Worker End (ms): Min: 25828428.9, Avg: 25828429.1, Max: 25828429.3, Diff: 0.3]
   [Code Root Fixup: 0.1 ms]
   [Code Root Purge: 0.5 ms]
   [Clear CT: 1.5 ms]
   [Other: 13.4 ms]
      [Choose CSet: 0.0 ms]
      [Ref Proc: 11.1 ms]
      [Ref Enq: 0.1 ms]
      [Redirty Cards: 0.4 ms]
      [Humongous Register: 0.1 ms]
      [Humongous Reclaim: 0.0 ms]
      [Free CSet: 1.3 ms]
   [Eden: 5904.0M(5904.0M)->0.0B(5908.0M) Survivors: 96.0M->92.0M Heap: 6392.7M(10000.0M)->483.8M(10000.0M)]
 [Times: user=0.26 sys=0.00, real=0.05 secs]
2021-03-29T08:16:10.091+0800: 26128.673: [GC pause (G1 Evacuation Pause) (young), 0.0744708 secs]
   [Parallel Time: 52.6 ms, GC Workers: 14]
      [GC Worker Start (ms): Min: 26128673.5, Avg: 26128686.5, Max: 26128711.0, Diff: 37.5]
      [Ext Root Scanning (ms): Min: 0.0, Avg: 0.7, Max: 3.4, Diff: 3.4, Sum: 9.6]
      [Update RS (ms): Min: 0.0, Avg: 1.7, Max: 4.1, Diff: 4.1, Sum: 23.3]
         [Processed Buffers: Min: 0, Avg: 7.9, Max: 26, Diff: 26, Sum: 111]
      [Scan RS (ms): Min: 0.0, Avg: 0.2, Max: 0.4, Diff: 0.3, Sum: 2.3]
      [Code Root Scanning (ms): Min: 0.0, Avg: 0.1, Max: 0.7, Diff: 0.7, Sum: 1.6]
      [Object Copy (ms): Min: 0.0, Avg: 22.8, Max: 45.7, Diff: 45.7, Sum: 318.7]
      [Termination (ms): Min: 0.0, Avg: 13.5, Max: 15.1, Diff: 15.1, Sum: 189.0]
         [Termination Attempts: Min: 1, Avg: 1.2, Max: 2, Diff: 1, Sum: 17]
      [GC Worker Other (ms): Min: 0.0, Avg: 0.1, Max: 0.2, Diff: 0.1, Sum: 1.0]
      [GC Worker Total (ms): Min: 14.5, Avg: 39.0, Max: 51.9, Diff: 37.4, Sum: 545.6]
      [GC Worker End (ms): Min: 26128725.3, Avg: 26128725.5, Max: 26128725.9, Diff: 0.6]
   [Code Root Fixup: 0.1 ms]
   [Code Root Purge: 0.0 ms]
   [Clear CT: 1.1 ms]
   [Other: 20.6 ms]
      [Choose CSet: 0.0 ms]
      [Ref Proc: 18.1 ms]
      [Ref Enq: 0.1 ms]
      [Redirty Cards: 0.4 ms]
      [Humongous Register: 0.1 ms]
      [Humongous Reclaim: 0.0 ms]
      [Free CSet: 1.5 ms]
   [Eden: 5908.0M(5908.0M)->0.0B(5900.0M) Survivors: 92.0M->100.0M Heap: 6391.8M(10000.0M)->493.2M(10000.0M)]
 [Times: user=0.39 sys=0.01, real=0.07 secs]
2021-03-29T08:22:03.080+0800: 26481.662: [GC pause (G1 Evacuation Pause) (young), 0.0494736 secs]
   [Parallel Time: 35.1 ms, GC Workers: 14]
      [GC Worker Start (ms): Min: 26481662.4, Avg: 26481670.3, Max: 26481686.1, Diff: 23.7]
      [Ext Root Scanning (ms): Min: 0.0, Avg: 0.6, Max: 3.2, Diff: 3.2, Sum: 8.1]
      [Update RS (ms): Min: 0.0, Avg: 1.5, Max: 3.1, Diff: 3.1, Sum: 20.7]
         [Processed Buffers: Min: 0, Avg: 7.9, Max: 21, Diff: 21, Sum: 110]
      [Scan RS (ms): Min: 0.0, Avg: 0.2, Max: 0.3, Diff: 0.3, Sum: 2.3]
      [Code Root Scanning (ms): Min: 0.0, Avg: 0.1, Max: 0.5, Diff: 0.5, Sum: 1.3]
      [Object Copy (ms): Min: 4.2, Avg: 18.3, Max: 29.4, Diff: 25.2, Sum: 256.8]
      [Termination (ms): Min: 0.0, Avg: 6.2, Max: 6.7, Diff: 6.7, Sum: 86.3]
         [Termination Attempts: Min: 1, Avg: 1.2, Max: 2, Diff: 1, Sum: 17]
      [GC Worker Other (ms): Min: 0.0, Avg: 0.1, Max: 0.2, Diff: 0.2, Sum: 1.4]
      [GC Worker Total (ms): Min: 11.1, Avg: 26.9, Max: 34.9, Diff: 23.8, Sum: 377.0]
      [GC Worker End (ms): Min: 26481697.1, Avg: 26481697.2, Max: 26481697.3, Diff: 0.2]
   [Code Root Fixup: 0.0 ms]
   [Code Root Purge: 0.0 ms]
   [Clear CT: 1.1 ms]
   [Other: 13.2 ms]
      [Choose CSet: 0.0 ms]
      [Ref Proc: 11.2 ms]
      [Ref Enq: 0.1 ms]
      [Redirty Cards: 0.3 ms]
      [Humongous Register: 0.1 ms]
      [Humongous Reclaim: 0.0 ms]
      [Free CSet: 1.3 ms]
   [Eden: 5900.0M(5900.0M)->0.0B(5908.0M) Survivors: 100.0M->92.0M Heap: 6393.2M(10000.0M)->488.8M(10000.0M)]
 [Times: user=0.29 sys=0.00, real=0.05 secs]
2021-03-29T08:28:34.397+0800: 26872.979: [GC pause (G1 Evacuation Pause) (young), 0.0741545 secs]
   [Parallel Time: 52.7 ms, GC Workers: 14]
      [GC Worker Start (ms): Min: 26872979.5, Avg: 26872987.3, Max: 26873010.1, Diff: 30.6]
      [Ext Root Scanning (ms): Min: 0.0, Avg: 0.6, Max: 3.2, Diff: 3.2, Sum: 8.2]
      [Update RS (ms): Min: 0.0, Avg: 1.5, Max: 3.7, Diff: 3.7, Sum: 21.3]
         [Processed Buffers: Min: 0, Avg: 8.2, Max: 31, Diff: 31, Sum: 115]
      [Scan RS (ms): Min: 0.0, Avg: 0.2, Max: 0.3, Diff: 0.3, Sum: 2.3]
      [Code Root Scanning (ms): Min: 0.0, Avg: 1.6, Max: 12.6, Diff: 12.6, Sum: 22.3]
      [Object Copy (ms): Min: 3.5, Avg: 24.3, Max: 47.1, Diff: 43.5, Sum: 339.9]
      [Termination (ms): Min: 0.0, Avg: 16.3, Max: 18.1, Diff: 18.1, Sum: 228.7]
         [Termination Attempts: Min: 1, Avg: 1.1, Max: 2, Diff: 1, Sum: 15]
      [GC Worker Other (ms): Min: 0.0, Avg: 0.1, Max: 0.2, Diff: 0.2, Sum: 1.3]
      [GC Worker Total (ms): Min: 21.8, Avg: 44.6, Max: 52.5, Diff: 30.7, Sum: 624.0]
      [GC Worker End (ms): Min: 26873031.8, Avg: 26873031.9, Max: 26873032.0, Diff: 0.2]
   [Code Root Fixup: 0.0 ms]
   [Code Root Purge: 0.0 ms]
   [Clear CT: 1.0 ms]
   [Other: 20.5 ms]
      [Choose CSet: 0.0 ms]
      [Ref Proc: 18.0 ms]
      [Ref Enq: 0.1 ms]
      [Redirty Cards: 0.5 ms]
      [Humongous Register: 0.1 ms]
      [Humongous Reclaim: 0.0 ms]
      [Free CSet: 1.4 ms]
   [Eden: 5908.0M(5908.0M)->0.0B(5904.0M) Survivors: 92.0M->96.0M Heap: 6396.8M(10000.0M)->497.3M(10000.0M)]
 [Times: user=0.42 sys=0.01, real=0.08 secs]
2021-03-29T08:34:50.172+0800: 27248.755: [GC pause (G1 Evacuation Pause) (young), 0.0530148 secs]
   [Parallel Time: 33.2 ms, GC Workers: 14]
      [GC Worker Start (ms): Min: 27248755.1, Avg: 27248758.0, Max: 27248771.1, Diff: 16.0]
      [Ext Root Scanning (ms): Min: 0.0, Avg: 1.2, Max: 3.0, Diff: 3.0, Sum: 17.2]
      [Update RS (ms): Min: 0.0, Avg: 4.6, Max: 20.9, Diff: 20.9, Sum: 63.8]
         [Processed Buffers: Min: 0, Avg: 9.3, Max: 24, Diff: 24, Sum: 130]
      [Scan RS (ms): Min: 0.0, Avg: 0.1, Max: 0.3, Diff: 0.3, Sum: 2.1]
      [Code Root Scanning (ms): Min: 0.0, Avg: 2.5, Max: 21.7, Diff: 21.7, Sum: 35.0]
      [Object Copy (ms): Min: 2.6, Avg: 18.8, Max: 24.7, Diff: 22.1, Sum: 263.6]
      [Termination (ms): Min: 0.0, Avg: 2.8, Max: 3.0, Diff: 3.0, Sum: 38.9]
         [Termination Attempts: Min: 1, Avg: 1.7, Max: 3, Diff: 2, Sum: 24]
      [GC Worker Other (ms): Min: 0.0, Avg: 0.1, Max: 0.2, Diff: 0.2, Sum: 1.5]
      [GC Worker Total (ms): Min: 17.1, Avg: 30.2, Max: 33.1, Diff: 16.0, Sum: 422.2]
      [GC Worker End (ms): Min: 27248788.0, Avg: 27248788.1, Max: 27248788.2, Diff: 0.2]
   [Code Root Fixup: 0.0 ms]
   [Code Root Purge: 0.0 ms]
   [Clear CT: 0.8 ms]
   [Other: 18.9 ms]
      [Choose CSet: 0.0 ms]
      [Ref Proc: 16.4 ms]
      [Ref Enq: 0.1 ms]
      [Redirty Cards: 0.4 ms]
      [Humongous Register: 0.1 ms]
      [Humongous Reclaim: 0.0 ms]
      [Free CSet: 1.6 ms]
   [Eden: 5904.0M(5904.0M)->0.0B(5900.0M) Survivors: 96.0M->100.0M Heap: 6401.3M(10000.0M)->504.2M(10000.0M)]
 [Times: user=0.27 sys=0.01, real=0.05 secs]
2021-03-29T08:40:43.584+0800: 27602.167: [GC pause (G1 Evacuation Pause) (young), 0.0552006 secs]
   [Parallel Time: 36.8 ms, GC Workers: 14]
      [GC Worker Start (ms): Min: 27602167.2, Avg: 27602175.8, Max: 27602193.2, Diff: 25.9]
      [Ext Root Scanning (ms): Min: 0.0, Avg: 0.7, Max: 3.0, Diff: 2.9, Sum: 9.3]
      [Update RS (ms): Min: 0.0, Avg: 1.3, Max: 2.5, Diff: 2.5, Sum: 17.6]
         [Processed Buffers: Min: 0, Avg: 7.3, Max: 27, Diff: 27, Sum: 102]
      [Scan RS (ms): Min: 0.0, Avg: 0.2, Max: 0.4, Diff: 0.3, Sum: 2.6]
      [Code Root Scanning (ms): Min: 0.0, Avg: 1.0, Max: 13.0, Diff: 13.0, Sum: 14.0]
      [Object Copy (ms): Min: 6.8, Avg: 21.4, Max: 32.1, Diff: 25.4, Sum: 299.3]
      [Termination (ms): Min: 0.0, Avg: 3.4, Max: 3.9, Diff: 3.9, Sum: 47.8]
         [Termination Attempts: Min: 1, Avg: 1.0, Max: 1, Diff: 0, Sum: 14]
      [GC Worker Other (ms): Min: 0.0, Avg: 0.1, Max: 0.2, Diff: 0.2, Sum: 1.2]
      [GC Worker Total (ms): Min: 10.6, Avg: 28.0, Max: 36.6, Diff: 26.0, Sum: 391.7]
      [GC Worker End (ms): Min: 27602203.7, Avg: 27602203.8, Max: 27602203.9, Diff: 0.2]
   [Code Root Fixup: 0.1 ms]
   [Code Root Purge: 0.0 ms]
   [Clear CT: 3.0 ms]
   [Other: 15.3 ms]
      [Choose CSet: 0.0 ms]
      [Ref Proc: 13.1 ms]
      [Ref Enq: 0.1 ms]
      [Redirty Cards: 0.3 ms]
      [Humongous Register: 0.1 ms]
      [Humongous Reclaim: 0.0 ms]
      [Free CSet: 1.4 ms]
   [Eden: 5900.0M(5900.0M)->0.0B(5900.0M) Survivors: 100.0M->100.0M Heap: 6404.2M(10000.0M)->506.9M(10000.0M)]
 [Times: user=0.30 sys=0.01, real=0.05 secs]
2021-03-29T08:45:56.082+0800: 27914.665: [GC pause (G1 Evacuation Pause) (young), 0.0617362 secs]
   [Parallel Time: 48.8 ms, GC Workers: 14]
      [GC Worker Start (ms): Min: 27914665.3, Avg: 27914678.3, Max: 27914700.1, Diff: 34.8]
      [Ext Root Scanning (ms): Min: 0.0, Avg: 0.7, Max: 3.3, Diff: 3.3, Sum: 9.7]
      [Update RS (ms): Min: 0.0, Avg: 1.6, Max: 4.0, Diff: 4.0, Sum: 23.0]
         [Processed Buffers: Min: 0, Avg: 8.2, Max: 27, Diff: 27, Sum: 115]
      [Scan RS (ms): Min: 0.0, Avg: 0.2, Max: 0.4, Diff: 0.4, Sum: 2.4]
      [Code Root Scanning (ms): Min: 0.0, Avg: 1.8, Max: 23.7, Diff: 23.7, Sum: 25.0]
      [Object Copy (ms): Min: 5.3, Avg: 23.5, Max: 42.1, Diff: 36.8, Sum: 329.1]
      [Termination (ms): Min: 0.0, Avg: 7.5, Max: 8.1, Diff: 8.1, Sum: 105.2]
         [Termination Attempts: Min: 1, Avg: 1.6, Max: 3, Diff: 2, Sum: 22]
      [GC Worker Other (ms): Min: 0.0, Avg: 0.1, Max: 0.3, Diff: 0.2, Sum: 1.7]
      [GC Worker Total (ms): Min: 13.5, Avg: 35.4, Max: 48.5, Diff: 35.0, Sum: 496.0]
      [GC Worker End (ms): Min: 27914713.6, Avg: 27914713.7, Max: 27914713.8, Diff: 0.2]
   [Code Root Fixup: 0.1 ms]
   [Code Root Purge: 0.0 ms]
   [Clear CT: 1.1 ms]
   [Other: 11.9 ms]
      [Choose CSet: 0.0 ms]
      [Ref Proc: 9.6 ms]
      [Ref Enq: 0.1 ms]
      [Redirty Cards: 0.4 ms]
      [Humongous Register: 0.1 ms]
      [Humongous Reclaim: 0.0 ms]
      [Free CSet: 1.4 ms]
   [Eden: 5900.0M(5900.0M)->0.0B(5908.0M) Survivors: 100.0M->92.0M Heap: 6406.9M(10000.0M)->502.6M(10000.0M)]
 [Times: user=0.35 sys=0.00, real=0.06 secs]
2021-03-29T08:53:08.359+0800: 28346.941: [GC pause (G1 Evacuation Pause) (young), 0.0511767 secs]
   [Parallel Time: 34.1 ms, GC Workers: 14]
      [GC Worker Start (ms): Min: 28346941.3, Avg: 28346951.6, Max: 28346972.6, Diff: 31.3]
      [Ext Root Scanning (ms): Min: 0.0, Avg: 0.6, Max: 2.6, Diff: 2.6, Sum: 7.8]
      [Update RS (ms): Min: 0.0, Avg: 1.5, Max: 3.9, Diff: 3.9, Sum: 21.1]
         [Processed Buffers: Min: 0, Avg: 8.4, Max: 19, Diff: 19, Sum: 117]
      [Scan RS (ms): Min: 0.0, Avg: 0.2, Max: 0.3, Diff: 0.3, Sum: 2.2]
      [Code Root Scanning (ms): Min: 0.0, Avg: 0.7, Max: 8.7, Diff: 8.7, Sum: 9.4]
      [Object Copy (ms): Min: 0.0, Avg: 18.3, Max: 27.4, Diff: 27.4, Sum: 256.8]
      [Termination (ms): Min: 0.0, Avg: 2.3, Max: 2.6, Diff: 2.6, Sum: 32.1]
         [Termination Attempts: Min: 1, Avg: 1.7, Max: 4, Diff: 3, Sum: 24]
      [GC Worker Other (ms): Min: 0.0, Avg: 0.1, Max: 0.2, Diff: 0.2, Sum: 0.8]
      [GC Worker Total (ms): Min: 2.5, Avg: 23.6, Max: 33.9, Diff: 31.4, Sum: 330.2]
      [GC Worker End (ms): Min: 28346975.1, Avg: 28346975.1, Max: 28346975.2, Diff: 0.1]
   [Code Root Fixup: 0.0 ms]
   [Code Root Purge: 0.0 ms]
   [Clear CT: 0.9 ms]
   [Other: 16.2 ms]
      [Choose CSet: 0.0 ms]
      [Ref Proc: 14.2 ms]
      [Ref Enq: 0.1 ms]
      [Redirty Cards: 0.3 ms]
      [Humongous Register: 0.1 ms]
      [Humongous Reclaim: 0.0 ms]
      [Free CSet: 1.3 ms]
   [Eden: 5908.0M(5908.0M)->0.0B(5908.0M) Survivors: 92.0M->92.0M Heap: 6410.6M(10000.0M)->512.2M(10000.0M)]
 [Times: user=0.27 sys=0.01, real=0.05 secs]
2021-03-29T09:00:19.663+0800: 28778.246: [GC pause (G1 Evacuation Pause) (young), 0.0783024 secs]
   [Parallel Time: 60.7 ms, GC Workers: 14]
      [GC Worker Start (ms): Min: 28778245.8, Avg: 28778260.1, Max: 28778279.7, Diff: 33.9]
      [Ext Root Scanning (ms): Min: 0.0, Avg: 0.6, Max: 2.9, Diff: 2.9, Sum: 8.3]
      [Update RS (ms): Min: 0.0, Avg: 2.7, Max: 5.9, Diff: 5.9, Sum: 38.1]
         [Processed Buffers: Min: 0, Avg: 10.7, Max: 32, Diff: 32, Sum: 150]
      [Scan RS (ms): Min: 0.0, Avg: 0.2, Max: 0.3, Diff: 0.3, Sum: 2.4]
      [Code Root Scanning (ms): Min: 0.0, Avg: 0.1, Max: 0.5, Diff: 0.5, Sum: 0.7]
      [Object Copy (ms): Min: 0.0, Avg: 18.5, Max: 52.0, Diff: 52.0, Sum: 258.9]
      [Termination (ms): Min: 0.0, Avg: 24.0, Max: 26.9, Diff: 26.9, Sum: 336.4]
         [Termination Attempts: Min: 1, Avg: 16.3, Max: 37, Diff: 36, Sum: 228]
      [GC Worker Other (ms): Min: 0.0, Avg: 0.1, Max: 0.2, Diff: 0.2, Sum: 0.9]
      [GC Worker Total (ms): Min: 26.5, Avg: 46.1, Max: 60.5, Diff: 34.0, Sum: 645.7]
      [GC Worker End (ms): Min: 28778306.1, Avg: 28778306.2, Max: 28778306.3, Diff: 0.2]
   [Code Root Fixup: 0.0 ms]
   [Code Root Purge: 0.0 ms]
   [Clear CT: 1.0 ms]
   [Other: 16.6 ms]
      [Choose CSet: 0.0 ms]
      [Ref Proc: 14.3 ms]
      [Ref Enq: 0.1 ms]
      [Redirty Cards: 0.4 ms]
      [Humongous Register: 0.1 ms]
      [Humongous Reclaim: 0.0 ms]
      [Free CSet: 1.5 ms]
   [Eden: 5908.0M(5908.0M)->0.0B(5912.0M) Survivors: 92.0M->88.0M Heap: 6420.2M(10000.0M)->513.4M(10000.0M)]
 [Times: user=0.47 sys=0.01, real=0.08 secs]
2021-03-29T09:05:53.819+0800: 29112.402: [GC pause (G1 Evacuation Pause) (young), 0.0594040 secs]
   [Parallel Time: 42.1 ms, GC Workers: 14]
      [GC Worker Start (ms): Min: 29112402.2, Avg: 29112413.8, Max: 29112437.1, Diff: 34.9]
      [Ext Root Scanning (ms): Min: 0.0, Avg: 0.7, Max: 3.9, Diff: 3.9, Sum: 10.1]
      [Update RS (ms): Min: 0.0, Avg: 1.9, Max: 3.7, Diff: 3.7, Sum: 26.3]
         [Processed Buffers: Min: 0, Avg: 8.1, Max: 24, Diff: 24, Sum: 113]
      [Scan RS (ms): Min: 0.0, Avg: 0.2, Max: 0.3, Diff: 0.3, Sum: 3.0]
      [Code Root Scanning (ms): Min: 0.0, Avg: 0.1, Max: 0.4, Diff: 0.4, Sum: 0.9]
      [Object Copy (ms): Min: 1.7, Avg: 22.7, Max: 34.6, Diff: 32.9, Sum: 317.8]
      [Termination (ms): Min: 0.0, Avg: 4.4, Max: 5.0, Diff: 5.0, Sum: 60.9]
         [Termination Attempts: Min: 1, Avg: 2.4, Max: 5, Diff: 4, Sum: 33]
      [GC Worker Other (ms): Min: 0.0, Avg: 0.1, Max: 0.2, Diff: 0.2, Sum: 1.1]
      [GC Worker Total (ms): Min: 6.8, Avg: 30.0, Max: 41.6, Diff: 34.8, Sum: 420.1]
      [GC Worker End (ms): Min: 29112443.7, Avg: 29112443.8, Max: 29112444.1, Diff: 0.3]
   [Code Root Fixup: 0.0 ms]
   [Code Root Purge: 0.0 ms]
   [Clear CT: 1.0 ms]
   [Other: 16.3 ms]
      [Choose CSet: 0.0 ms]
      [Ref Proc: 13.6 ms]
      [Ref Enq: 0.1 ms]
      [Redirty Cards: 0.6 ms]
      [Humongous Register: 0.1 ms]
      [Humongous Reclaim: 0.0 ms]
      [Free CSet: 1.4 ms]
   [Eden: 5912.0M(5912.0M)->0.0B(5908.0M) Survivors: 88.0M->92.0M Heap: 6425.4M(10000.0M)->519.2M(10000.0M)]
 [Times: user=0.33 sys=0.01, real=0.06 secs]
2021-03-29T09:14:45.574+0800: 29644.157: [GC pause (G1 Evacuation Pause) (young), 0.0648014 secs]
   [Parallel Time: 38.9 ms, GC Workers: 14]
      [GC Worker Start (ms): Min: 29644157.1, Avg: 29644171.1, Max: 29644193.8, Diff: 36.7]
      [Ext Root Scanning (ms): Min: 0.0, Avg: 0.6, Max: 2.9, Diff: 2.9, Sum: 8.4]
      [Update RS (ms): Min: 0.0, Avg: 1.6, Max: 4.6, Diff: 4.6, Sum: 22.4]
         [Processed Buffers: Min: 0, Avg: 8.3, Max: 38, Diff: 38, Sum: 116]
      [Scan RS (ms): Min: 0.0, Avg: 0.2, Max: 0.3, Diff: 0.3, Sum: 2.4]
      [Code Root Scanning (ms): Min: 0.0, Avg: 0.1, Max: 0.4, Diff: 0.4, Sum: 1.0]
      [Object Copy (ms): Min: 0.0, Avg: 20.3, Max: 32.2, Diff: 32.2, Sum: 284.1]
      [Termination (ms): Min: 0.0, Avg: 1.8, Max: 2.0, Diff: 2.0, Sum: 25.5]
         [Termination Attempts: Min: 1, Avg: 1.0, Max: 1, Diff: 0, Sum: 14]
      [GC Worker Other (ms): Min: 0.0, Avg: 0.1, Max: 0.2, Diff: 0.2, Sum: 1.3]
      [GC Worker Total (ms): Min: 2.0, Avg: 24.7, Max: 38.8, Diff: 36.8, Sum: 345.1]
      [GC Worker End (ms): Min: 29644195.7, Avg: 29644195.8, Max: 29644195.9, Diff: 0.2]
   [Code Root Fixup: 0.0 ms]
   [Code Root Purge: 0.0 ms]
   [Clear CT: 0.9 ms]
   [Other: 25.0 ms]
      [Choose CSet: 0.0 ms]
      [Ref Proc: 22.9 ms]
      [Ref Enq: 0.1 ms]
      [Redirty Cards: 0.3 ms]
      [Humongous Register: 0.1 ms]
      [Humongous Reclaim: 0.0 ms]
      [Free CSet: 1.4 ms]
   [Eden: 5908.0M(5908.0M)->0.0B(5908.0M) Survivors: 92.0M->92.0M Heap: 6427.2M(10000.0M)->525.3M(10000.0M)]
 [Times: user=0.28 sys=0.01, real=0.06 secs]
2021-03-29T09:23:55.859+0800: 30194.441: [GC pause (G1 Evacuation Pause) (young), 0.0537960 secs]
   [Parallel Time: 34.2 ms, GC Workers: 14]
      [GC Worker Start (ms): Min: 30194441.6, Avg: 30194452.5, Max: 30194467.1, Diff: 25.5]
      [Ext Root Scanning (ms): Min: 0.0, Avg: 0.5, Max: 2.8, Diff: 2.8, Sum: 7.7]
      [Update RS (ms): Min: 0.0, Avg: 1.5, Max: 5.0, Diff: 5.0, Sum: 21.0]
         [Processed Buffers: Min: 0, Avg: 8.4, Max: 26, Diff: 26, Sum: 117]
      [Scan RS (ms): Min: 0.0, Avg: 0.1, Max: 0.3, Diff: 0.3, Sum: 1.8]
      [Code Root Scanning (ms): Min: 0.0, Avg: 1.0, Max: 12.8, Diff: 12.8, Sum: 13.5]
      [Object Copy (ms): Min: 7.0, Avg: 18.6, Max: 25.2, Diff: 18.2, Sum: 260.4]
      [Termination (ms): Min: 0.0, Avg: 1.1, Max: 1.2, Diff: 1.2, Sum: 14.9]
         [Termination Attempts: Min: 1, Avg: 3.4, Max: 8, Diff: 7, Sum: 48]
      [GC Worker Other (ms): Min: 0.0, Avg: 0.1, Max: 0.2, Diff: 0.2, Sum: 1.4]
      [GC Worker Total (ms): Min: 8.3, Avg: 22.9, Max: 33.9, Diff: 25.6, Sum: 320.7]
      [GC Worker End (ms): Min: 30194475.3, Avg: 30194475.4, Max: 30194475.5, Diff: 0.2]
   [Code Root Fixup: 0.0 ms]
   [Code Root Purge: 0.0 ms]
   [Clear CT: 0.9 ms]
   [Other: 18.7 ms]
      [Choose CSet: 0.0 ms]
      [Ref Proc: 16.6 ms]
      [Ref Enq: 0.1 ms]
      [Redirty Cards: 0.3 ms]
      [Humongous Register: 0.1 ms]
      [Humongous Reclaim: 0.0 ms]
      [Free CSet: 1.3 ms]
   [Eden: 5908.0M(5908.0M)->0.0B(5908.0M) Survivors: 92.0M->92.0M Heap: 6433.3M(10000.0M)->528.0M(10000.0M)]
 [Times: user=0.24 sys=0.01, real=0.06 secs]
2021-03-29T09:33:50.167+0800: 30788.750: [GC pause (G1 Evacuation Pause) (young), 0.0707779 secs]
   [Parallel Time: 45.7 ms, GC Workers: 14]
      [GC Worker Start (ms): Min: 30788750.0, Avg: 30788765.2, Max: 30788785.2, Diff: 35.2]
      [Ext Root Scanning (ms): Min: 0.0, Avg: 0.6, Max: 2.9, Diff: 2.9, Sum: 8.0]
      [Update RS (ms): Min: 0.0, Avg: 1.8, Max: 5.4, Diff: 5.4, Sum: 25.1]
         [Processed Buffers: Min: 0, Avg: 8.7, Max: 30, Diff: 30, Sum: 122]
      [Scan RS (ms): Min: 0.0, Avg: 0.2, Max: 0.4, Diff: 0.3, Sum: 2.1]
      [Code Root Scanning (ms): Min: 0.0, Avg: 0.1, Max: 0.4, Diff: 0.4, Sum: 0.9]
      [Object Copy (ms): Min: 0.0, Avg: 18.7, Max: 37.5, Diff: 37.5, Sum: 261.8]
      [Termination (ms): Min: 0.0, Avg: 8.9, Max: 10.4, Diff: 10.4, Sum: 124.2]
         [Termination Attempts: Min: 1, Avg: 4.9, Max: 18, Diff: 17, Sum: 69]
      [GC Worker Other (ms): Min: 0.0, Avg: 0.1, Max: 0.2, Diff: 0.2, Sum: 0.9]
      [GC Worker Total (ms): Min: 10.3, Avg: 30.2, Max: 45.6, Diff: 35.3, Sum: 423.0]
      [GC Worker End (ms): Min: 30788795.4, Avg: 30788795.5, Max: 30788795.6, Diff: 0.2]
   [Code Root Fixup: 0.0 ms]
   [Code Root Purge: 0.0 ms]
   [Clear CT: 1.2 ms]
   [Other: 23.8 ms]
      [Choose CSet: 0.0 ms]
      [Ref Proc: 21.2 ms]
      [Ref Enq: 0.2 ms]
      [Redirty Cards: 0.4 ms]
      [Humongous Register: 0.1 ms]
      [Humongous Reclaim: 0.0 ms]
      [Free CSet: 1.7 ms]
   [Eden: 5908.0M(5908.0M)->0.0B(5912.0M) Survivors: 92.0M->88.0M Heap: 6436.0M(10000.0M)->529.3M(10000.0M)]
 [Times: user=0.33 sys=0.00, real=0.07 secs]
2021-03-29T09:42:38.341+0800: 31316.924: [GC pause (G1 Evacuation Pause) (young), 0.0909977 secs]
   [Parallel Time: 68.2 ms, GC Workers: 14]
      [GC Worker Start (ms): Min: 31316923.8, Avg: 31316937.2, Max: 31316958.8, Diff: 35.0]
      [Ext Root Scanning (ms): Min: 0.0, Avg: 0.6, Max: 3.4, Diff: 3.4, Sum: 9.0]
      [Update RS (ms): Min: 0.0, Avg: 2.1, Max: 5.2, Diff: 5.2, Sum: 30.0]
         [Processed Buffers: Min: 0, Avg: 8.9, Max: 21, Diff: 21, Sum: 124]
      [Scan RS (ms): Min: 0.0, Avg: 0.2, Max: 0.4, Diff: 0.4, Sum: 2.4]
      [Code Root Scanning (ms): Min: 0.0, Avg: 0.1, Max: 0.5, Diff: 0.5, Sum: 1.0]
      [Object Copy (ms): Min: 0.0, Avg: 20.6, Max: 59.8, Diff: 59.8, Sum: 288.9]
      [Termination (ms): Min: 0.0, Avg: 30.0, Max: 33.4, Diff: 33.4, Sum: 420.6]
         [Termination Attempts: Min: 1, Avg: 1.9, Max: 5, Diff: 4, Sum: 26]
      [GC Worker Other (ms): Min: 0.0, Avg: 0.1, Max: 0.2, Diff: 0.2, Sum: 1.1]
      [GC Worker Total (ms): Min: 32.1, Avg: 53.8, Max: 67.1, Diff: 35.0, Sum: 753.1]
      [GC Worker End (ms): Min: 31316990.8, Avg: 31316991.0, Max: 31316991.9, Diff: 1.0]
   [Code Root Fixup: 0.0 ms]
   [Code Root Purge: 0.0 ms]
   [Clear CT: 1.9 ms]
   [Other: 20.9 ms]
      [Choose CSet: 0.0 ms]
      [Ref Proc: 17.9 ms]
      [Ref Enq: 0.1 ms]
      [Redirty Cards: 0.5 ms]
      [Humongous Register: 0.1 ms]
      [Humongous Reclaim: 0.0 ms]
      [Free CSet: 2.0 ms]
   [Eden: 5912.0M(5912.0M)->0.0B(5920.0M) Survivors: 88.0M->80.0M Heap: 6441.3M(10000.0M)->528.3M(10000.0M)]
 [Times: user=0.49 sys=0.00, real=0.09 secs]
2021-03-29T09:51:49.666+0800: 31868.248: [GC pause (G1 Evacuation Pause) (young), 0.0921764 secs]
   [Parallel Time: 74.4 ms, GC Workers: 14]
      [GC Worker Start (ms): Min: 31868248.3, Avg: 31868269.6, Max: 31868289.7, Diff: 41.4]
      [Ext Root Scanning (ms): Min: 0.0, Avg: 0.5, Max: 4.1, Diff: 4.1, Sum: 7.5]
      [Update RS (ms): Min: 0.0, Avg: 1.7, Max: 10.1, Diff: 10.1, Sum: 24.2]
         [Processed Buffers: Min: 0, Avg: 8.4, Max: 44, Diff: 44, Sum: 118]
      [Scan RS (ms): Min: 0.0, Avg: 0.1, Max: 0.4, Diff: 0.4, Sum: 1.7]
      [Code Root Scanning (ms): Min: 0.0, Avg: 0.1, Max: 1.0, Diff: 1.0, Sum: 1.6]
      [Object Copy (ms): Min: 0.0, Avg: 21.4, Max: 58.2, Diff: 58.2, Sum: 299.7]
      [Termination (ms): Min: 0.0, Avg: 28.1, Max: 33.1, Diff: 33.1, Sum: 393.5]
         [Termination Attempts: Min: 1, Avg: 6.5, Max: 16, Diff: 15, Sum: 91]
      [GC Worker Other (ms): Min: 0.0, Avg: 0.1, Max: 0.2, Diff: 0.2, Sum: 1.1]
      [GC Worker Total (ms): Min: 31.8, Avg: 52.1, Max: 73.2, Diff: 41.4, Sum: 729.1]
      [GC Worker End (ms): Min: 31868321.5, Avg: 31868321.7, Max: 31868322.6, Diff: 1.0]
   [Code Root Fixup: 0.0 ms]
   [Code Root Purge: 0.0 ms]
   [Clear CT: 0.9 ms]
   [Other: 16.8 ms]
      [Choose CSet: 0.0 ms]
      [Ref Proc: 14.6 ms]
      [Ref Enq: 0.1 ms]
      [Redirty Cards: 0.4 ms]
      [Humongous Register: 0.1 ms]
      [Humongous Reclaim: 0.0 ms]
      [Free CSet: 1.4 ms]
   [Eden: 5920.0M(5920.0M)->0.0B(5916.0M) Survivors: 80.0M->84.0M Heap: 6448.3M(10000.0M)->534.6M(10000.0M)]
 [Times: user=0.50 sys=0.00, real=0.09 secs]
2021-03-29T10:00:24.352+0800: 32382.934: [GC pause (GCLocker Initiated GC) (young), 0.0525217 secs]
   [Parallel Time: 35.5 ms, GC Workers: 14]
      [GC Worker Start (ms): Min: 32382934.6, Avg: 32382943.7, Max: 32382963.1, Diff: 28.5]
      [Ext Root Scanning (ms): Min: 0.0, Avg: 0.7, Max: 2.9, Diff: 2.9, Sum: 9.1]
      [Update RS (ms): Min: 0.0, Avg: 3.9, Max: 16.8, Diff: 16.8, Sum: 54.8]
         [Processed Buffers: Min: 0, Avg: 8.5, Max: 32, Diff: 32, Sum: 119]
      [Scan RS (ms): Min: 0.0, Avg: 0.2, Max: 0.4, Diff: 0.4, Sum: 2.5]
      [Code Root Scanning (ms): Min: 0.0, Avg: 0.1, Max: 0.9, Diff: 0.9, Sum: 1.0]
      [Object Copy (ms): Min: 3.5, Avg: 18.3, Max: 25.7, Diff: 22.2, Sum: 256.9]
      [Termination (ms): Min: 0.0, Avg: 2.9, Max: 3.2, Diff: 3.2, Sum: 40.5]
         [Termination Attempts: Min: 1, Avg: 7.5, Max: 18, Diff: 17, Sum: 105]
      [GC Worker Other (ms): Min: 0.0, Avg: 0.1, Max: 0.2, Diff: 0.2, Sum: 1.6]
      [GC Worker Total (ms): Min: 6.8, Avg: 26.2, Max: 35.2, Diff: 28.4, Sum: 366.4]
      [GC Worker End (ms): Min: 32382969.8, Avg: 32382969.9, Max: 32382970.0, Diff: 0.2]
   [Code Root Fixup: 0.0 ms]
   [Code Root Purge: 0.0 ms]
   [Clear CT: 1.1 ms]
   [Other: 15.8 ms]
      [Choose CSet: 0.0 ms]
      [Ref Proc: 12.8 ms]
      [Ref Enq: 0.1 ms]
      [Redirty Cards: 0.6 ms]
      [Humongous Register: 0.1 ms]
      [Humongous Reclaim: 0.0 ms]
      [Free CSet: 1.9 ms]
   [Eden: 5920.0M(5916.0M)->0.0B(5912.0M) Survivors: 84.0M->88.0M Heap: 6452.7M(10000.0M)->544.6M(10000.0M)]
 [Times: user=0.29 sys=0.00, real=0.05 secs]
2021-03-29T10:11:18.595+0800: 33037.177: [GC pause (G1 Evacuation Pause) (young), 0.0734905 secs]
   [Parallel Time: 44.0 ms, GC Workers: 14]
      [GC Worker Start (ms): Min: 33037177.6, Avg: 33037193.4, Max: 33037215.1, Diff: 37.5]
      [Ext Root Scanning (ms): Min: 0.0, Avg: 0.7, Max: 3.7, Diff: 3.7, Sum: 9.8]
      [Update RS (ms): Min: 0.0, Avg: 2.1, Max: 7.1, Diff: 7.1, Sum: 29.9]
         [Processed Buffers: Min: 0, Avg: 8.0, Max: 26, Diff: 26, Sum: 112]
      [Scan RS (ms): Min: 0.1, Avg: 0.2, Max: 0.5, Diff: 0.4, Sum: 2.8]
      [Code Root Scanning (ms): Min: 0.0, Avg: 0.1, Max: 0.5, Diff: 0.5, Sum: 1.2]
      [Object Copy (ms): Min: 4.6, Avg: 23.4, Max: 32.1, Diff: 27.5, Sum: 327.6]
      [Termination (ms): Min: 0.0, Avg: 1.3, Max: 1.4, Diff: 1.4, Sum: 17.7]
         [Termination Attempts: Min: 1, Avg: 1.5, Max: 3, Diff: 2, Sum: 21]
      [GC Worker Other (ms): Min: 0.0, Avg: 0.1, Max: 0.3, Diff: 0.3, Sum: 1.6]
      [GC Worker Total (ms): Min: 6.1, Avg: 27.9, Max: 43.8, Diff: 37.6, Sum: 390.6]
      [GC Worker End (ms): Min: 33037221.2, Avg: 33037221.3, Max: 33037221.4, Diff: 0.3]
   [Code Root Fixup: 0.0 ms]
   [Code Root Purge: 0.0 ms]
   [Clear CT: 2.0 ms]
   [Other: 27.5 ms]
      [Choose CSet: 0.0 ms]
      [Ref Proc: 24.5 ms]
      [Ref Enq: 0.2 ms]
      [Redirty Cards: 0.5 ms]
      [Humongous Register: 0.1 ms]
      [Humongous Reclaim: 0.0 ms]
      [Free CSet: 1.8 ms]
   [Eden: 5912.0M(5912.0M)->0.0B(5920.0M) Survivors: 88.0M->80.0M Heap: 6456.6M(10000.0M)->539.1M(10000.0M)]
 [Times: user=0.33 sys=0.00, real=0.07 secs]
2021-03-29T10:18:03.133+0800: 33441.715: [GC pause (G1 Evacuation Pause) (young), 0.0580474 secs]
   [Parallel Time: 34.8 ms, GC Workers: 14]
      [GC Worker Start (ms): Min: 33441715.4, Avg: 33441725.2, Max: 33441741.1, Diff: 25.6]
      [Ext Root Scanning (ms): Min: 0.0, Avg: 0.5, Max: 2.8, Diff: 2.8, Sum: 7.5]
      [Update RS (ms): Min: 0.0, Avg: 2.0, Max: 5.5, Diff: 5.5, Sum: 28.7]
         [Processed Buffers: Min: 0, Avg: 8.7, Max: 25, Diff: 25, Sum: 122]
      [Scan RS (ms): Min: 0.0, Avg: 0.2, Max: 0.3, Diff: 0.3, Sum: 2.2]
      [Code Root Scanning (ms): Min: 0.0, Avg: 0.8, Max: 11.0, Diff: 11.0, Sum: 11.5]
      [Object Copy (ms): Min: 2.4, Avg: 15.2, Max: 26.7, Diff: 24.3, Sum: 213.1]
      [Termination (ms): Min: 0.0, Avg: 6.0, Max: 6.5, Diff: 6.5, Sum: 83.6]
         [Termination Attempts: Min: 1, Avg: 1.3, Max: 2, Diff: 1, Sum: 18]
      [GC Worker Other (ms): Min: 0.0, Avg: 0.1, Max: 0.2, Diff: 0.2, Sum: 1.1]
      [GC Worker Total (ms): Min: 9.0, Avg: 24.8, Max: 34.7, Diff: 25.6, Sum: 347.7]
      [GC Worker End (ms): Min: 33441750.0, Avg: 33441750.1, Max: 33441750.2, Diff: 0.2]
   [Code Root Fixup: 0.0 ms]
   [Code Root Purge: 0.0 ms]
   [Clear CT: 0.9 ms]
   [Other: 22.2 ms]
      [Choose CSet: 0.0 ms]
      [Ref Proc: 19.6 ms]
      [Ref Enq: 0.1 ms]
      [Redirty Cards: 0.4 ms]
      [Humongous Register: 0.1 ms]
      [Humongous Reclaim: 0.0 ms]
      [Free CSet: 1.7 ms]
   [Eden: 5920.0M(5920.0M)->0.0B(5920.0M) Survivors: 80.0M->80.0M Heap: 6459.1M(10000.0M)->544.5M(10000.0M)]
 [Times: user=0.28 sys=0.01, real=0.06 secs]
2021-03-29T10:27:33.244+0800: 34011.826: [GC pause (G1 Evacuation Pause) (young), 0.0649110 secs]
   [Parallel Time: 46.8 ms, GC Workers: 14]
      [GC Worker Start (ms): Min: 34011826.4, Avg: 34011838.4, Max: 34011857.3, Diff: 30.9]
      [Ext Root Scanning (ms): Min: 0.0, Avg: 0.7, Max: 3.3, Diff: 3.3, Sum: 10.4]
      [Update RS (ms): Min: 0.0, Avg: 1.5, Max: 3.7, Diff: 3.7, Sum: 20.8]
         [Processed Buffers: Min: 0, Avg: 7.5, Max: 33, Diff: 33, Sum: 105]
      [Scan RS (ms): Min: 0.1, Avg: 0.2, Max: 0.3, Diff: 0.3, Sum: 2.2]
      [Code Root Scanning (ms): Min: 0.0, Avg: 0.1, Max: 0.4, Diff: 0.4, Sum: 0.9]
      [Object Copy (ms): Min: 0.0, Avg: 17.5, Max: 33.6, Diff: 33.6, Sum: 245.1]
      [Termination (ms): Min: 0.0, Avg: 14.4, Max: 15.7, Diff: 15.7, Sum: 202.1]
         [Termination Attempts: Min: 1, Avg: 15.4, Max: 31, Diff: 30, Sum: 215]
      [GC Worker Other (ms): Min: 0.0, Avg: 0.1, Max: 0.2, Diff: 0.2, Sum: 1.3]
      [GC Worker Total (ms): Min: 15.7, Avg: 34.5, Max: 46.5, Diff: 30.8, Sum: 482.9]
      [GC Worker End (ms): Min: 34011872.8, Avg: 34011872.9, Max: 34011873.0, Diff: 0.2]
   [Code Root Fixup: 0.1 ms]
   [Code Root Purge: 0.0 ms]
   [Clear CT: 1.3 ms]
   [Other: 16.7 ms]
      [Choose CSet: 0.0 ms]
      [Ref Proc: 14.4 ms]
      [Ref Enq: 0.1 ms]
      [Redirty Cards: 0.4 ms]
      [Humongous Register: 0.1 ms]
      [Humongous Reclaim: 0.0 ms]
      [Free CSet: 1.4 ms]
   [Eden: 5920.0M(5920.0M)->0.0B(5912.0M) Survivors: 80.0M->88.0M Heap: 6464.5M(10000.0M)->556.5M(10000.0M)]
 [Times: user=0.37 sys=0.01, real=0.06 secs]
2021-03-29T10:36:38.213+0800: 34556.795: [GC pause (G1 Evacuation Pause) (young), 0.0850614 secs]
   [Parallel Time: 42.3 ms, GC Workers: 14]
      [GC Worker Start (ms): Min: 34556795.5, Avg: 34556807.8, Max: 34556823.6, Diff: 28.1]
      [Ext Root Scanning (ms): Min: 0.0, Avg: 0.6, Max: 2.9, Diff: 2.9, Sum: 7.9]
      [Update RS (ms): Min: 0.0, Avg: 1.7, Max: 4.3, Diff: 4.3, Sum: 24.2]
         [Processed Buffers: Min: 0, Avg: 8.8, Max: 26, Diff: 26, Sum: 123]
      [Scan RS (ms): Min: 0.0, Avg: 0.1, Max: 0.4, Diff: 0.3, Sum: 1.9]
      [Code Root Scanning (ms): Min: 0.0, Avg: 0.1, Max: 0.3, Diff: 0.3, Sum: 0.9]
      [Object Copy (ms): Min: 0.0, Avg: 14.2, Max: 36.0, Diff: 36.0, Sum: 198.1]
      [Termination (ms): Min: 0.0, Avg: 13.1, Max: 14.2, Diff: 14.2, Sum: 183.2]
         [Termination Attempts: Min: 1, Avg: 42.4, Max: 87, Diff: 86, Sum: 594]
      [GC Worker Other (ms): Min: 0.0, Avg: 0.1, Max: 0.2, Diff: 0.2, Sum: 1.2]
      [GC Worker Total (ms): Min: 14.0, Avg: 29.8, Max: 42.1, Diff: 28.1, Sum: 417.3]
      [GC Worker End (ms): Min: 34556837.5, Avg: 34556837.6, Max: 34556837.7, Diff: 0.2]
   [Code Root Fixup: 0.0 ms]
   [Code Root Purge: 0.0 ms]
   [Clear CT: 1.0 ms]
   [Other: 41.7 ms]
      [Choose CSet: 0.0 ms]
      [Ref Proc: 39.5 ms]
      [Ref Enq: 0.1 ms]
      [Redirty Cards: 0.3 ms]
      [Humongous Register: 0.1 ms]
      [Humongous Reclaim: 0.0 ms]
      [Free CSet: 1.4 ms]
   [Eden: 5912.0M(5912.0M)->0.0B(5924.0M) Survivors: 88.0M->76.0M Heap: 6468.5M(10000.0M)->548.8M(10000.0M)]
 [Times: user=0.51 sys=0.00, real=0.08 secs]
2021-03-29T10:46:17.564+0800: 35136.146: [GC pause (G1 Evacuation Pause) (young), 0.0625745 secs]
   [Parallel Time: 39.9 ms, GC Workers: 14]
      [GC Worker Start (ms): Min: 35136146.7, Avg: 35136156.9, Max: 35136170.1, Diff: 23.4]
      [Ext Root Scanning (ms): Min: 0.0, Avg: 0.7, Max: 3.0, Diff: 3.0, Sum: 10.4]
      [Update RS (ms): Min: 0.0, Avg: 2.2, Max: 6.3, Diff: 6.3, Sum: 30.8]
         [Processed Buffers: Min: 0, Avg: 8.6, Max: 30, Diff: 30, Sum: 120]
      [Scan RS (ms): Min: 0.0, Avg: 0.2, Max: 0.4, Diff: 0.4, Sum: 2.5]
      [Code Root Scanning (ms): Min: 0.0, Avg: 2.0, Max: 14.0, Diff: 14.0, Sum: 27.8]
      [Object Copy (ms): Min: 15.8, Avg: 24.1, Max: 30.5, Diff: 14.7, Sum: 337.0]
      [Termination (ms): Min: 0.0, Avg: 0.2, Max: 0.3, Diff: 0.3, Sum: 2.8]
         [Termination Attempts: Min: 1, Avg: 4.6, Max: 10, Diff: 9, Sum: 64]
      [GC Worker Other (ms): Min: 0.0, Avg: 0.1, Max: 0.2, Diff: 0.2, Sum: 1.4]
      [GC Worker Total (ms): Min: 16.4, Avg: 29.5, Max: 39.7, Diff: 23.3, Sum: 412.7]
      [GC Worker End (ms): Min: 35136186.2, Avg: 35136186.3, Max: 35136186.5, Diff: 0.2]
   [Code Root Fixup: 0.1 ms]
   [Code Root Purge: 0.0 ms]
   [Clear CT: 1.1 ms]
   [Other: 21.5 ms]
      [Choose CSet: 0.0 ms]
      [Ref Proc: 19.0 ms]
      [Ref Enq: 0.1 ms]
      [Redirty Cards: 0.5 ms]
      [Humongous Register: 0.1 ms]
      [Humongous Reclaim: 0.0 ms]
      [Free CSet: 1.5 ms]
   [Eden: 5924.0M(5924.0M)->0.0B(5916.0M) Survivors: 76.0M->84.0M Heap: 6472.8M(10000.0M)->558.5M(10000.0M)]
 [Times: user=0.30 sys=0.00, real=0.06 secs]
2021-03-29T10:54:20.174+0800: 35618.756: [GC pause (G1 Evacuation Pause) (young), 0.0422855 secs]
   [Parallel Time: 25.6 ms, GC Workers: 14]
      [GC Worker Start (ms): Min: 35618756.3, Avg: 35618764.5, Max: 35618781.5, Diff: 25.2]
      [Ext Root Scanning (ms): Min: 0.0, Avg: 0.6, Max: 2.9, Diff: 2.9, Sum: 7.8]
      [Update RS (ms): Min: 0.0, Avg: 3.3, Max: 16.0, Diff: 16.0, Sum: 45.6]
         [Processed Buffers: Min: 0, Avg: 8.3, Max: 28, Diff: 28, Sum: 116]
      [Scan RS (ms): Min: 0.0, Avg: 0.1, Max: 0.3, Diff: 0.2, Sum: 1.9]
      [Code Root Scanning (ms): Min: 0.0, Avg: 0.1, Max: 0.8, Diff: 0.8, Sum: 1.0]
      [Object Copy (ms): Min: 0.0, Avg: 12.8, Max: 19.4, Diff: 19.4, Sum: 179.4]
      [Termination (ms): Min: 0.0, Avg: 0.3, Max: 0.4, Diff: 0.4, Sum: 3.7]
         [Termination Attempts: Min: 1, Avg: 1.5, Max: 3, Diff: 2, Sum: 21]
      [GC Worker Other (ms): Min: 0.0, Avg: 0.1, Max: 0.2, Diff: 0.2, Sum: 1.6]
      [GC Worker Total (ms): Min: 0.1, Avg: 17.2, Max: 25.4, Diff: 25.3, Sum: 241.0]
      [GC Worker End (ms): Min: 35618781.6, Avg: 35618781.7, Max: 35618781.8, Diff: 0.2]
   [Code Root Fixup: 0.0 ms]
   [Code Root Purge: 0.0 ms]
   [Clear CT: 0.9 ms]
   [Other: 15.8 ms]
      [Choose CSet: 0.0 ms]
      [Ref Proc: 13.6 ms]
      [Ref Enq: 0.1 ms]
      [Redirty Cards: 0.3 ms]
      [Humongous Register: 0.1 ms]
      [Humongous Reclaim: 0.0 ms]
      [Free CSet: 1.4 ms]
   [Eden: 5916.0M(5916.0M)->0.0B(5928.0M) Survivors: 84.0M->72.0M Heap: 6474.5M(10000.0M)->551.1M(10000.0M)]
 [Times: user=0.19 sys=0.00, real=0.04 secs]
2021-03-29T11:04:08.430+0800: 36207.012: [GC pause (G1 Evacuation Pause) (young), 0.0735801 secs]
   [Parallel Time: 46.7 ms, GC Workers: 14]
      [GC Worker Start (ms): Min: 36207012.5, Avg: 36207020.8, Max: 36207038.1, Diff: 25.5]
      [Ext Root Scanning (ms): Min: 0.0, Avg: 0.8, Max: 3.6, Diff: 3.6, Sum: 11.0]
      [Update RS (ms): Min: 0.0, Avg: 1.9, Max: 4.1, Diff: 4.1, Sum: 26.6]
         [Processed Buffers: Min: 0, Avg: 8.1, Max: 22, Diff: 22, Sum: 114]
      [Scan RS (ms): Min: 0.0, Avg: 0.2, Max: 0.3, Diff: 0.3, Sum: 2.4]
      [Code Root Scanning (ms): Min: 0.0, Avg: 0.7, Max: 8.6, Diff: 8.6, Sum: 9.5]
      [Object Copy (ms): Min: 5.1, Avg: 20.6, Max: 32.3, Diff: 27.2, Sum: 288.3]
      [Termination (ms): Min: 0.0, Avg: 14.1, Max: 15.8, Diff: 15.8, Sum: 196.7]
         [Termination Attempts: Min: 1, Avg: 1.1, Max: 2, Diff: 1, Sum: 15]
      [GC Worker Other (ms): Min: 0.0, Avg: 0.1, Max: 0.2, Diff: 0.2, Sum: 1.1]
      [GC Worker Total (ms): Min: 21.1, Avg: 38.3, Max: 46.5, Diff: 25.4, Sum: 535.8]
      [GC Worker End (ms): Min: 36207059.0, Avg: 36207059.1, Max: 36207059.2, Diff: 0.2]
   [Code Root Fixup: 0.0 ms]
   [Code Root Purge: 0.0 ms]
   [Clear CT: 2.6 ms]
   [Other: 24.2 ms]
      [Choose CSet: 0.0 ms]
      [Ref Proc: 21.0 ms]
      [Ref Enq: 0.2 ms]
      [Redirty Cards: 0.6 ms]
      [Humongous Register: 0.1 ms]
      [Humongous Reclaim: 0.0 ms]
      [Free CSet: 1.9 ms]
   [Eden: 5928.0M(5928.0M)->0.0B(5920.0M) Survivors: 72.0M->80.0M Heap: 6479.1M(10000.0M)->564.8M(10000.0M)]
 [Times: user=0.39 sys=0.01, real=0.08 secs]
2021-03-29T11:10:34.657+0800: 36593.240: [GC pause (G1 Evacuation Pause) (young), 0.0544443 secs]
   [Parallel Time: 38.6 ms, GC Workers: 14]
      [GC Worker Start (ms): Min: 36593240.1, Avg: 36593249.6, Max: 36593270.2, Diff: 30.1]
      [Ext Root Scanning (ms): Min: 0.0, Avg: 0.6, Max: 2.9, Diff: 2.9, Sum: 8.4]
      [Update RS (ms): Min: 0.0, Avg: 2.4, Max: 7.7, Diff: 7.7, Sum: 33.4]
         [Processed Buffers: Min: 0, Avg: 8.6, Max: 27, Diff: 27, Sum: 121]
      [Scan RS (ms): Min: 0.0, Avg: 0.2, Max: 0.4, Diff: 0.4, Sum: 2.1]
      [Code Root Scanning (ms): Min: 0.0, Avg: 0.1, Max: 0.3, Diff: 0.3, Sum: 1.0]
      [Object Copy (ms): Min: 0.0, Avg: 17.9, Max: 30.9, Diff: 30.9, Sum: 250.1]
      [Termination (ms): Min: 0.0, Avg: 7.5, Max: 8.2, Diff: 8.2, Sum: 105.4]
         [Termination Attempts: Min: 1, Avg: 1.8, Max: 3, Diff: 2, Sum: 25]
      [GC Worker Other (ms): Min: 0.0, Avg: 0.1, Max: 0.2, Diff: 0.2, Sum: 1.6]
      [GC Worker Total (ms): Min: 8.1, Avg: 28.7, Max: 38.3, Diff: 30.3, Sum: 402.1]
      [GC Worker End (ms): Min: 36593278.2, Avg: 36593278.4, Max: 36593278.5, Diff: 0.2]
   [Code Root Fixup: 0.0 ms]
   [Code Root Purge: 0.0 ms]
   [Clear CT: 1.3 ms]
   [Other: 14.6 ms]
      [Choose CSet: 0.0 ms]
      [Ref Proc: 12.3 ms]
      [Ref Enq: 0.1 ms]
      [Redirty Cards: 0.3 ms]
      [Humongous Register: 0.1 ms]
      [Humongous Reclaim: 0.0 ms]
      [Free CSet: 1.4 ms]
   [Eden: 5920.0M(5920.0M)->0.0B(5924.0M) Survivors: 80.0M->76.0M Heap: 6484.8M(10000.0M)->565.6M(10000.0M)]
 [Times: user=0.29 sys=0.01, real=0.06 secs]
2021-03-29T11:15:46.077+0800: 36904.659: [GC pause (G1 Evacuation Pause) (young), 0.0688084 secs]
   [Parallel Time: 57.6 ms, GC Workers: 14]
      [GC Worker Start (ms): Min: 36904659.5, Avg: 36904671.8, Max: 36904690.7, Diff: 31.2]
      [Ext Root Scanning (ms): Min: 0.0, Avg: 0.7, Max: 2.9, Diff: 2.9, Sum: 10.4]
      [Update RS (ms): Min: 0.0, Avg: 2.9, Max: 16.9, Diff: 16.9, Sum: 41.2]
         [Processed Buffers: Min: 0, Avg: 8.4, Max: 26, Diff: 26, Sum: 117]
      [Scan RS (ms): Min: 0.0, Avg: 0.2, Max: 0.4, Diff: 0.3, Sum: 2.1]
      [Code Root Scanning (ms): Min: 0.0, Avg: 0.7, Max: 8.4, Diff: 8.4, Sum: 9.3]
      [Object Copy (ms): Min: 0.0, Avg: 17.3, Max: 48.9, Diff: 48.9, Sum: 242.8]
      [Termination (ms): Min: 0.0, Avg: 23.2, Max: 26.3, Diff: 26.2, Sum: 324.7]
         [Termination Attempts: Min: 1, Avg: 2.2, Max: 5, Diff: 4, Sum: 31]
      [GC Worker Other (ms): Min: 0.0, Avg: 0.1, Max: 0.2, Diff: 0.2, Sum: 1.0]
      [GC Worker Total (ms): Min: 26.2, Avg: 45.1, Max: 57.3, Diff: 31.2, Sum: 631.5]
      [GC Worker End (ms): Min: 36904716.8, Avg: 36904716.9, Max: 36904717.0, Diff: 0.2]
   [Code Root Fixup: 0.1 ms]
   [Code Root Purge: 0.0 ms]
   [Clear CT: 1.2 ms]
   [Other: 10.0 ms]
      [Choose CSet: 0.0 ms]
      [Ref Proc: 6.9 ms]
      [Ref Enq: 0.2 ms]
      [Redirty Cards: 0.6 ms]
      [Humongous Register: 0.1 ms]
      [Humongous Reclaim: 0.0 ms]
      [Free CSet: 1.9 ms]
   [Eden: 5924.0M(5924.0M)->0.0B(5932.0M) Survivors: 76.0M->68.0M Heap: 6489.6M(10000.0M)->561.8M(10000.0M)]
 [Times: user=0.44 sys=0.01, real=0.07 secs]
2021-03-29T11:26:20.165+0800: 37538.747: [GC pause (G1 Evacuation Pause) (young), 0.0489299 secs]
   [Parallel Time: 28.9 ms, GC Workers: 14]
      [GC Worker Start (ms): Min: 37538747.5, Avg: 37538760.1, Max: 37538776.1, Diff: 28.6]
      [Ext Root Scanning (ms): Min: 0.0, Avg: 0.7, Max: 3.4, Diff: 3.4, Sum: 9.6]
      [Update RS (ms): Min: 0.0, Avg: 2.5, Max: 12.0, Diff: 12.0, Sum: 35.2]
         [Processed Buffers: Min: 0, Avg: 8.3, Max: 23, Diff: 23, Sum: 116]
      [Scan RS (ms): Min: 0.0, Avg: 0.2, Max: 0.4, Diff: 0.4, Sum: 2.2]
      [Code Root Scanning (ms): Min: 0.0, Avg: 0.3, Max: 3.9, Diff: 3.9, Sum: 4.5]
      [Object Copy (ms): Min: 0.0, Avg: 12.0, Max: 21.5, Diff: 21.5, Sum: 168.5]
      [Termination (ms): Min: 0.0, Avg: 0.3, Max: 0.4, Diff: 0.4, Sum: 4.1]
         [Termination Attempts: Min: 1, Avg: 3.0, Max: 7, Diff: 6, Sum: 42]
      [GC Worker Other (ms): Min: 0.0, Avg: 0.1, Max: 0.2, Diff: 0.2, Sum: 1.4]
      [GC Worker Total (ms): Min: 0.1, Avg: 16.1, Max: 28.7, Diff: 28.7, Sum: 225.5]
      [GC Worker End (ms): Min: 37538776.2, Avg: 37538776.3, Max: 37538776.4, Diff: 0.2]
   [Code Root Fixup: 0.0 ms]
   [Code Root Purge: 0.0 ms]
   [Clear CT: 1.6 ms]
   [Other: 18.4 ms]
      [Choose CSet: 0.0 ms]
      [Ref Proc: 15.1 ms]
      [Ref Enq: 0.2 ms]
      [Redirty Cards: 0.4 ms]
      [Humongous Register: 0.1 ms]
      [Humongous Reclaim: 0.0 ms]
      [Free CSet: 2.2 ms]
   [Eden: 5932.0M(5932.0M)->0.0B(5928.0M) Survivors: 68.0M->72.0M Heap: 6493.8M(10000.0M)->567.9M(10000.0M)]
 [Times: user=0.23 sys=0.00, real=0.05 secs]
2021-03-29T11:33:43.132+0800: 37981.715: [GC pause (G1 Evacuation Pause) (young), 0.0414698 secs]
   [Parallel Time: 27.4 ms, GC Workers: 14]
      [GC Worker Start (ms): Min: 37981715.0, Avg: 37981724.1, Max: 37981740.5, Diff: 25.6]
      [Ext Root Scanning (ms): Min: 0.0, Avg: 0.5, Max: 2.7, Diff: 2.7, Sum: 7.4]
      [Update RS (ms): Min: 0.0, Avg: 2.2, Max: 13.2, Diff: 13.2, Sum: 30.9]
         [Processed Buffers: Min: 0, Avg: 7.4, Max: 29, Diff: 29, Sum: 104]
      [Scan RS (ms): Min: 0.0, Avg: 0.1, Max: 0.3, Diff: 0.3, Sum: 1.9]
      [Code Root Scanning (ms): Min: 0.0, Avg: 0.8, Max: 10.3, Diff: 10.3, Sum: 10.8]
      [Object Copy (ms): Min: 0.0, Avg: 12.6, Max: 19.7, Diff: 19.6, Sum: 176.2]
      [Termination (ms): Min: 0.0, Avg: 0.3, Max: 0.3, Diff: 0.3, Sum: 3.5]
         [Termination Attempts: Min: 1, Avg: 4.9, Max: 11, Diff: 10, Sum: 69]
      [GC Worker Other (ms): Min: 0.0, Avg: 0.1, Max: 0.2, Diff: 0.2, Sum: 1.4]
      [GC Worker Total (ms): Min: 0.1, Avg: 16.6, Max: 25.8, Diff: 25.7, Sum: 232.1]
      [GC Worker End (ms): Min: 37981740.6, Avg: 37981740.7, Max: 37981740.8, Diff: 0.2]
   [Code Root Fixup: 0.0 ms]
   [Code Root Purge: 0.0 ms]
   [Clear CT: 1.1 ms]
   [Other: 12.9 ms]
      [Choose CSet: 0.0 ms]
      [Ref Proc: 10.9 ms]
      [Ref Enq: 0.1 ms]
      [Redirty Cards: 0.3 ms]
      [Humongous Register: 0.1 ms]
      [Humongous Reclaim: 0.0 ms]
      [Free CSet: 1.3 ms]
   [Eden: 5928.0M(5928.0M)->0.0B(5932.0M) Survivors: 72.0M->68.0M Heap: 6495.9M(10000.0M)->569.6M(10000.0M)]
 [Times: user=0.20 sys=0.00, real=0.04 secs]
2021-03-29T11:43:12.993+0800: 38551.575: [GC pause (G1 Evacuation Pause) (young), 0.0413522 secs]
   [Parallel Time: 25.9 ms, GC Workers: 14]
      [GC Worker Start (ms): Min: 38551575.5, Avg: 38551584.3, Max: 38551599.8, Diff: 24.4]
      [Ext Root Scanning (ms): Min: 0.0, Avg: 0.6, Max: 2.7, Diff: 2.7, Sum: 8.4]
      [Update RS (ms): Min: 0.0, Avg: 1.7, Max: 3.7, Diff: 3.7, Sum: 23.4]
         [Processed Buffers: Min: 0, Avg: 8.2, Max: 26, Diff: 26, Sum: 115]
      [Scan RS (ms): Min: 0.0, Avg: 0.2, Max: 0.4, Diff: 0.3, Sum: 2.2]
      [Code Root Scanning (ms): Min: 0.0, Avg: 0.9, Max: 12.3, Diff: 12.3, Sum: 12.7]
      [Object Copy (ms): Min: 0.0, Avg: 12.2, Max: 19.4, Diff: 19.4, Sum: 170.4]
      [Termination (ms): Min: 0.0, Avg: 0.1, Max: 0.2, Diff: 0.2, Sum: 1.8]
         [Termination Attempts: Min: 1, Avg: 1.6, Max: 3, Diff: 2, Sum: 22]
      [GC Worker Other (ms): Min: 0.0, Avg: 0.5, Max: 1.2, Diff: 1.2, Sum: 6.4]
      [GC Worker Total (ms): Min: 0.1, Avg: 16.1, Max: 25.0, Diff: 25.0, Sum: 225.2]
      [GC Worker End (ms): Min: 38551599.9, Avg: 38551600.4, Max: 38551601.1, Diff: 1.2]
   [Code Root Fixup: 0.0 ms]
   [Code Root Purge: 0.0 ms]
   [Clear CT: 1.0 ms]
   [Other: 14.3 ms]
      [Choose CSet: 0.0 ms]
      [Ref Proc: 11.7 ms]
      [Ref Enq: 0.1 ms]
      [Redirty Cards: 0.3 ms]
      [Humongous Register: 0.1 ms]
      [Humongous Reclaim: 0.0 ms]
      [Free CSet: 1.7 ms]
   [Eden: 5932.0M(5932.0M)->0.0B(5928.0M) Survivors: 68.0M->72.0M Heap: 6501.6M(10000.0M)->576.4M(10000.0M)]
 [Times: user=0.20 sys=0.00, real=0.04 secs]
2021-03-29T11:52:09.901+0800: 39088.483: [GC pause (G1 Evacuation Pause) (young), 0.0715283 secs]
   [Parallel Time: 52.4 ms, GC Workers: 14]
      [GC Worker Start (ms): Min: 39088483.6, Avg: 39088495.5, Max: 39088513.6, Diff: 30.0]
      [Ext Root Scanning (ms): Min: 0.0, Avg: 0.7, Max: 2.9, Diff: 2.9, Sum: 9.5]
      [Update RS (ms): Min: 0.0, Avg: 1.9, Max: 4.2, Diff: 4.2, Sum: 26.5]
         [Processed Buffers: Min: 0, Avg: 8.4, Max: 21, Diff: 21, Sum: 118]
      [Scan RS (ms): Min: 0.0, Avg: 0.2, Max: 0.3, Diff: 0.3, Sum: 2.1]
      [Code Root Scanning (ms): Min: 0.0, Avg: 0.0, Max: 0.2, Diff: 0.2, Sum: 0.6]
      [Object Copy (ms): Min: 0.0, Avg: 17.8, Max: 35.8, Diff: 35.8, Sum: 249.0]
      [Termination (ms): Min: 0.0, Avg: 19.1, Max: 21.7, Diff: 21.7, Sum: 268.0]
         [Termination Attempts: Min: 1, Avg: 4.8, Max: 12, Diff: 11, Sum: 67]
      [GC Worker Other (ms): Min: 0.0, Avg: 0.1, Max: 0.4, Diff: 0.4, Sum: 1.2]
      [GC Worker Total (ms): Min: 21.6, Avg: 39.8, Max: 51.8, Diff: 30.2, Sum: 556.9]
      [GC Worker End (ms): Min: 39088535.1, Avg: 39088535.2, Max: 39088535.5, Diff: 0.4]
   [Code Root Fixup: 0.0 ms]
   [Code Root Purge: 0.0 ms]
   [Clear CT: 1.3 ms]
   [Other: 17.8 ms]
      [Choose CSet: 0.0 ms]
      [Ref Proc: 15.2 ms]
      [Ref Enq: 0.1 ms]
      [Redirty Cards: 0.3 ms]
      [Humongous Register: 0.1 ms]
      [Humongous Reclaim: 0.0 ms]
      [Free CSet: 1.8 ms]
   [Eden: 5928.0M(5928.0M)->0.0B(5924.0M) Survivors: 72.0M->76.0M Heap: 6504.4M(10000.0M)->586.5M(10000.0M)]
 [Times: user=0.40 sys=0.00, real=0.07 secs]
2021-03-29T11:59:33.130+0800: 39531.713: [GC pause (G1 Evacuation Pause) (young), 0.0780080 secs]
   [Parallel Time: 52.7 ms, GC Workers: 14]
      [GC Worker Start (ms): Min: 39531713.2, Avg: 39531728.2, Max: 39531741.1, Diff: 27.9]
      [Ext Root Scanning (ms): Min: 0.0, Avg: 0.6, Max: 2.9, Diff: 2.9, Sum: 7.8]
      [Update RS (ms): Min: 0.0, Avg: 1.6, Max: 4.9, Diff: 4.9, Sum: 21.8]
         [Processed Buffers: Min: 0, Avg: 8.0, Max: 38, Diff: 38, Sum: 112]
      [Scan RS (ms): Min: 0.0, Avg: 0.1, Max: 0.4, Diff: 0.3, Sum: 1.8]
      [Code Root Scanning (ms): Min: 0.0, Avg: 0.0, Max: 0.3, Diff: 0.3, Sum: 0.5]
      [Object Copy (ms): Min: 0.0, Avg: 12.4, Max: 38.3, Diff: 38.3, Sum: 173.3]
      [Termination (ms): Min: 0.0, Avg: 22.6, Max: 24.6, Diff: 24.6, Sum: 316.1]
         [Termination Attempts: Min: 1, Avg: 1.2, Max: 2, Diff: 1, Sum: 17]
      [GC Worker Other (ms): Min: 0.0, Avg: 0.1, Max: 0.2, Diff: 0.2, Sum: 1.6]
      [GC Worker Total (ms): Min: 24.5, Avg: 37.3, Max: 52.5, Diff: 28.0, Sum: 522.7]
      [GC Worker End (ms): Min: 39531765.5, Avg: 39531765.6, Max: 39531765.7, Diff: 0.2]
   [Code Root Fixup: 0.0 ms]
   [Code Root Purge: 0.0 ms]
   [Clear CT: 1.8 ms]
   [Other: 23.5 ms]
      [Choose CSet: 0.0 ms]
      [Ref Proc: 20.3 ms]
      [Ref Enq: 0.2 ms]
      [Redirty Cards: 0.5 ms]
      [Humongous Register: 0.1 ms]
      [Humongous Reclaim: 0.0 ms]
      [Free CSet: 2.1 ms]
   [Eden: 5924.0M(5924.0M)->0.0B(5936.0M) Survivors: 76.0M->64.0M Heap: 6510.5M(10000.0M)->580.6M(10000.0M)]
 [Times: user=0.39 sys=0.01, real=0.08 secs]
2021-03-29T12:08:20.185+0800: 40058.767: [GC pause (G1 Evacuation Pause) (young), 0.0588923 secs]
   [Parallel Time: 40.0 ms, GC Workers: 14]
      [GC Worker Start (ms): Min: 40058767.5, Avg: 40058772.6, Max: 40058787.2, Diff: 19.6]
      [Ext Root Scanning (ms): Min: 0.0, Avg: 1.1, Max: 3.5, Diff: 3.5, Sum: 15.1]
      [Update RS (ms): Min: 0.0, Avg: 3.3, Max: 16.2, Diff: 16.2, Sum: 46.7]
         [Processed Buffers: Min: 0, Avg: 9.2, Max: 25, Diff: 25, Sum: 129]
      [Scan RS (ms): Min: 0.0, Avg: 0.2, Max: 0.3, Diff: 0.3, Sum: 2.1]
      [Code Root Scanning (ms): Min: 0.0, Avg: 0.8, Max: 10.2, Diff: 10.2, Sum: 10.6]
      [Object Copy (ms): Min: 0.0, Avg: 12.0, Max: 34.4, Diff: 34.4, Sum: 167.8]
      [Termination (ms): Min: 0.0, Avg: 17.3, Max: 20.2, Diff: 20.2, Sum: 242.6]
         [Termination Attempts: Min: 1, Avg: 1.9, Max: 5, Diff: 4, Sum: 26]
      [GC Worker Other (ms): Min: 0.0, Avg: 0.1, Max: 0.2, Diff: 0.2, Sum: 1.0]
      [GC Worker Total (ms): Min: 20.2, Avg: 34.7, Max: 39.9, Diff: 19.7, Sum: 485.8]
      [GC Worker End (ms): Min: 40058807.3, Avg: 40058807.3, Max: 40058807.4, Diff: 0.2]
   [Code Root Fixup: 0.0 ms]
   [Code Root Purge: 0.0 ms]
   [Clear CT: 0.9 ms]
   [Other: 18.0 ms]
      [Choose CSet: 0.0 ms]
      [Ref Proc: 15.9 ms]
      [Ref Enq: 0.1 ms]
      [Redirty Cards: 0.3 ms]
      [Humongous Register: 0.1 ms]
      [Humongous Reclaim: 0.0 ms]
      [Free CSet: 1.3 ms]
   [Eden: 5936.0M(5936.0M)->0.0B(5932.0M) Survivors: 64.0M->68.0M Heap: 6516.6M(10000.0M)->587.2M(10000.0M)]
 [Times: user=0.33 sys=0.01, real=0.06 secs]
2021-03-29T12:19:52.978+0800: 40751.561: [GC pause (G1 Evacuation Pause) (young), 0.0441776 secs]
   [Parallel Time: 22.2 ms, GC Workers: 14]
      [GC Worker Start (ms): Min: 40751560.9, Avg: 40751567.0, Max: 40751582.7, Diff: 21.8]
      [Ext Root Scanning (ms): Min: 0.0, Avg: 0.6, Max: 2.9, Diff: 2.9, Sum: 7.8]
      [Update RS (ms): Min: 0.0, Avg: 1.8, Max: 4.1, Diff: 4.1, Sum: 25.9]
         [Processed Buffers: Min: 0, Avg: 8.1, Max: 24, Diff: 24, Sum: 113]
      [Scan RS (ms): Min: 0.0, Avg: 0.2, Max: 0.3, Diff: 0.3, Sum: 2.3]
      [Code Root Scanning (ms): Min: 0.0, Avg: 1.0, Max: 12.7, Diff: 12.7, Sum: 13.4]
      [Object Copy (ms): Min: 0.0, Avg: 12.0, Max: 16.3, Diff: 16.3, Sum: 168.5]
      [Termination (ms): Min: 0.0, Avg: 0.2, Max: 0.3, Diff: 0.3, Sum: 2.9]
         [Termination Attempts: Min: 1, Avg: 1.9, Max: 4, Diff: 3, Sum: 27]
      [GC Worker Other (ms): Min: 0.0, Avg: 0.1, Max: 0.2, Diff: 0.2, Sum: 1.1]
      [GC Worker Total (ms): Min: 0.1, Avg: 15.9, Max: 21.9, Diff: 21.9, Sum: 221.9]
      [GC Worker End (ms): Min: 40751582.8, Avg: 40751582.9, Max: 40751583.0, Diff: 0.2]
   [Code Root Fixup: 0.0 ms]
   [Code Root Purge: 0.0 ms]
   [Clear CT: 1.0 ms]
   [Other: 21.0 ms]
      [Choose CSet: 0.0 ms]
      [Ref Proc: 18.7 ms]
      [Ref Enq: 0.1 ms]
      [Redirty Cards: 0.3 ms]
      [Humongous Register: 0.1 ms]
      [Humongous Reclaim: 0.0 ms]
      [Free CSet: 1.4 ms]
   [Eden: 5932.0M(5932.0M)->0.0B(5936.0M) Survivors: 68.0M->64.0M Heap: 6519.2M(10000.0M)->588.0M(10000.0M)]
 [Times: user=0.19 sys=0.00, real=0.05 secs]
2021-03-29T12:31:32.348+0800: 41450.931: [GC pause (G1 Evacuation Pause) (young), 0.0429431 secs]
   [Parallel Time: 24.8 ms, GC Workers: 14]
      [GC Worker Start (ms): Min: 41450931.2, Avg: 41450942.1, Max: 41450955.7, Diff: 24.5]
      [Ext Root Scanning (ms): Min: 0.0, Avg: 0.6, Max: 2.7, Diff: 2.7, Sum: 8.8]
      [Update RS (ms): Min: 0.0, Avg: 2.5, Max: 14.5, Diff: 14.5, Sum: 35.1]
         [Processed Buffers: Min: 0, Avg: 7.7, Max: 23, Diff: 23, Sum: 108]
      [Scan RS (ms): Min: 0.0, Avg: 0.1, Max: 0.4, Diff: 0.3, Sum: 2.0]
      [Code Root Scanning (ms): Min: 0.0, Avg: 0.0, Max: 0.3, Diff: 0.3, Sum: 0.6]
      [Object Copy (ms): Min: 0.0, Avg: 9.9, Max: 18.4, Diff: 18.4, Sum: 138.8]
      [Termination (ms): Min: 0.0, Avg: 0.4, Max: 0.5, Diff: 0.5, Sum: 5.4]
         [Termination Attempts: Min: 1, Avg: 1.1, Max: 2, Diff: 1, Sum: 15]
      [GC Worker Other (ms): Min: 0.0, Avg: 0.1, Max: 0.2, Diff: 0.2, Sum: 1.3]
      [GC Worker Total (ms): Min: 0.1, Avg: 13.7, Max: 24.6, Diff: 24.5, Sum: 192.0]
      [GC Worker End (ms): Min: 41450955.8, Avg: 41450955.9, Max: 41450956.0, Diff: 0.2]
   [Code Root Fixup: 0.0 ms]
   [Code Root Purge: 0.0 ms]
   [Clear CT: 0.9 ms]
   [Other: 17.2 ms]
      [Choose CSet: 0.0 ms]
      [Ref Proc: 14.7 ms]
      [Ref Enq: 0.1 ms]
      [Redirty Cards: 0.3 ms]
      [Humongous Register: 0.1 ms]
      [Humongous Reclaim: 0.0 ms]
      [Free CSet: 1.8 ms]
   [Eden: 5936.0M(5936.0M)->0.0B(5944.0M) Survivors: 64.0M->56.0M Heap: 6524.0M(10000.0M)->581.3M(10000.0M)]
 [Times: user=0.18 sys=0.00, real=0.05 secs]
2021-03-29T12:44:50.181+0800: 42248.763: [GC pause (G1 Evacuation Pause) (young), 0.0504688 secs]
   [Parallel Time: 26.6 ms, GC Workers: 14]
      [GC Worker Start (ms): Min: 42248763.7, Avg: 42248777.6, Max: 42248789.6, Diff: 25.9]
      [Ext Root Scanning (ms): Min: 0.0, Avg: 0.5, Max: 2.7, Diff: 2.7, Sum: 7.5]
      [Update RS (ms): Min: 0.0, Avg: 1.5, Max: 6.0, Diff: 6.0, Sum: 21.7]
         [Processed Buffers: Min: 0, Avg: 7.9, Max: 33, Diff: 33, Sum: 110]
      [Scan RS (ms): Min: 0.0, Avg: 0.1, Max: 0.4, Diff: 0.3, Sum: 1.6]
      [Code Root Scanning (ms): Min: 0.0, Avg: 0.1, Max: 1.7, Diff: 1.7, Sum: 2.1]
      [Object Copy (ms): Min: 0.0, Avg: 9.4, Max: 18.0, Diff: 18.0, Sum: 131.7]
      [Termination (ms): Min: 0.0, Avg: 0.4, Max: 0.5, Diff: 0.5, Sum: 4.9]
         [Termination Attempts: Min: 1, Avg: 1.2, Max: 2, Diff: 1, Sum: 17]
      [GC Worker Other (ms): Min: 0.0, Avg: 0.1, Max: 0.2, Diff: 0.2, Sum: 1.2]
      [GC Worker Total (ms): Min: 0.1, Avg: 12.2, Max: 26.1, Diff: 26.0, Sum: 170.6]
      [GC Worker End (ms): Min: 42248789.7, Avg: 42248789.8, Max: 42248789.9, Diff: 0.2]
   [Code Root Fixup: 0.0 ms]
   [Code Root Purge: 0.0 ms]
   [Clear CT: 1.5 ms]
   [Other: 22.3 ms]
      [Choose CSet: 0.0 ms]
      [Ref Proc: 20.0 ms]
      [Ref Enq: 0.1 ms]
      [Redirty Cards: 0.3 ms]
      [Humongous Register: 0.1 ms]
      [Humongous Reclaim: 0.0 ms]
      [Free CSet: 1.5 ms]
   [Eden: 5944.0M(5944.0M)->0.0B(5944.0M) Survivors: 56.0M->56.0M Heap: 6525.3M(10000.0M)->584.3M(10000.0M)]
 [Times: user=0.23 sys=0.00, real=0.05 secs]
2021-03-29T12:56:38.165+0800: 42956.747: [GC pause (G1 Evacuation Pause) (young), 0.0573211 secs]
   [Parallel Time: 39.4 ms, GC Workers: 14]
      [GC Worker Start (ms): Min: 42956747.6, Avg: 42956758.2, Max: 42956776.1, Diff: 28.4]
      [Ext Root Scanning (ms): Min: 0.0, Avg: 0.6, Max: 2.9, Diff: 2.9, Sum: 8.5]
      [Update RS (ms): Min: 0.0, Avg: 2.6, Max: 14.1, Diff: 14.1, Sum: 36.1]
         [Processed Buffers: Min: 0, Avg: 7.5, Max: 26, Diff: 26, Sum: 105]
      [Scan RS (ms): Min: 0.0, Avg: 0.1, Max: 0.4, Diff: 0.4, Sum: 2.1]
      [Code Root Scanning (ms): Min: 0.0, Avg: 0.8, Max: 11.1, Diff: 11.1, Sum: 11.4]
      [Object Copy (ms): Min: 0.3, Avg: 14.9, Max: 22.5, Diff: 22.2, Sum: 208.0]
      [Termination (ms): Min: 0.0, Avg: 9.4, Max: 10.2, Diff: 10.2, Sum: 132.2]
         [Termination Attempts: Min: 1, Avg: 1.1, Max: 2, Diff: 1, Sum: 16]
      [GC Worker Other (ms): Min: 0.0, Avg: 0.1, Max: 0.2, Diff: 0.2, Sum: 1.1]
      [GC Worker Total (ms): Min: 10.6, Avg: 28.5, Max: 39.2, Diff: 28.6, Sum: 399.5]
      [GC Worker End (ms): Min: 42956786.7, Avg: 42956786.7, Max: 42956786.8, Diff: 0.2]
   [Code Root Fixup: 0.1 ms]
   [Code Root Purge: 0.0 ms]
   [Clear CT: 0.9 ms]
   [Other: 17.0 ms]
      [Choose CSet: 0.0 ms]
      [Ref Proc: 14.8 ms]
      [Ref Enq: 0.1 ms]
      [Redirty Cards: 0.4 ms]
      [Humongous Register: 0.1 ms]
      [Humongous Reclaim: 0.0 ms]
      [Free CSet: 1.4 ms]
   [Eden: 5944.0M(5944.0M)->0.0B(5936.0M) Survivors: 56.0M->64.0M Heap: 6528.3M(10000.0M)->598.4M(10000.0M)]
 [Times: user=0.28 sys=0.01, real=0.06 secs]
2021-03-29T13:09:08.128+0800: 43706.710: [GC pause (G1 Evacuation Pause) (young), 0.0454458 secs]
   [Parallel Time: 23.7 ms, GC Workers: 14]
      [GC Worker Start (ms): Min: 43706710.7, Avg: 43706716.2, Max: 43706733.9, Diff: 23.2]
      [Ext Root Scanning (ms): Min: 0.0, Avg: 0.6, Max: 2.8, Diff: 2.8, Sum: 8.9]
      [Update RS (ms): Min: 0.0, Avg: 3.6, Max: 13.5, Diff: 13.5, Sum: 50.0]
         [Processed Buffers: Min: 0, Avg: 8.1, Max: 26, Diff: 26, Sum: 114]
      [Scan RS (ms): Min: 0.0, Avg: 0.2, Max: 0.3, Diff: 0.3, Sum: 2.2]
      [Code Root Scanning (ms): Min: 0.0, Avg: 0.7, Max: 8.8, Diff: 8.8, Sum: 9.2]
      [Object Copy (ms): Min: 0.0, Avg: 12.5, Max: 17.6, Diff: 17.6, Sum: 175.2]
      [Termination (ms): Min: 0.0, Avg: 0.3, Max: 0.4, Diff: 0.4, Sum: 3.6]
         [Termination Attempts: Min: 1, Avg: 1.9, Max: 5, Diff: 4, Sum: 27]
      [GC Worker Other (ms): Min: 0.0, Avg: 0.1, Max: 0.2, Diff: 0.2, Sum: 1.4]
      [GC Worker Total (ms): Min: 0.1, Avg: 17.9, Max: 23.5, Diff: 23.3, Sum: 250.5]
      [GC Worker End (ms): Min: 43706734.0, Avg: 43706734.1, Max: 43706734.2, Diff: 0.2]
   [Code Root Fixup: 0.0 ms]
   [Code Root Purge: 0.0 ms]
   [Clear CT: 1.1 ms]
   [Other: 20.6 ms]
      [Choose CSet: 0.0 ms]
      [Ref Proc: 17.9 ms]
      [Ref Enq: 0.1 ms]
      [Redirty Cards: 0.3 ms]
      [Humongous Register: 0.1 ms]
      [Humongous Reclaim: 0.0 ms]
      [Free CSet: 1.9 ms]
   [Eden: 5936.0M(5936.0M)->0.0B(5936.0M) Survivors: 64.0M->64.0M Heap: 6534.4M(10000.0M)->599.3M(10000.0M)]
 [Times: user=0.20 sys=0.01, real=0.05 secs]
2021-03-29T13:20:59.147+0800: 44417.730: [GC pause (G1 Evacuation Pause) (young), 0.0443059 secs]
   [Parallel Time: 26.1 ms, GC Workers: 14]
      [GC Worker Start (ms): Min: 44417729.9, Avg: 44417740.6, Max: 44417754.8, Diff: 24.9]
      [Ext Root Scanning (ms): Min: 0.0, Avg: 0.6, Max: 2.8, Diff: 2.8, Sum: 8.1]
      [Update RS (ms): Min: 0.0, Avg: 1.3, Max: 3.7, Diff: 3.7, Sum: 18.5]
         [Processed Buffers: Min: 0, Avg: 7.6, Max: 27, Diff: 27, Sum: 106]
      [Scan RS (ms): Min: 0.0, Avg: 0.2, Max: 0.4, Diff: 0.4, Sum: 2.3]
      [Code Root Scanning (ms): Min: 0.0, Avg: 2.2, Max: 18.0, Diff: 18.0, Sum: 31.2]
      [Object Copy (ms): Min: 0.0, Avg: 8.7, Max: 18.1, Diff: 18.1, Sum: 121.4]
      [Termination (ms): Min: 0.0, Avg: 1.4, Max: 2.0, Diff: 2.0, Sum: 19.3]
         [Termination Attempts: Min: 1, Avg: 1.1, Max: 2, Diff: 1, Sum: 16]
      [GC Worker Other (ms): Min: 0.0, Avg: 0.1, Max: 0.2, Diff: 0.2, Sum: 0.9]
      [GC Worker Total (ms): Min: 0.1, Avg: 14.4, Max: 25.0, Diff: 24.9, Sum: 201.7]
      [GC Worker End (ms): Min: 44417754.8, Avg: 44417755.0, Max: 44417755.8, Diff: 1.0]
   [Code Root Fixup: 0.0 ms]
   [Code Root Purge: 0.0 ms]
   [Clear CT: 1.1 ms]
   [Other: 17.1 ms]
      [Choose CSet: 0.0 ms]
      [Ref Proc: 14.6 ms]
      [Ref Enq: 0.1 ms]
      [Redirty Cards: 0.6 ms]
      [Humongous Register: 0.1 ms]
      [Humongous Reclaim: 0.0 ms]
      [Free CSet: 1.4 ms]
   [Eden: 5936.0M(5936.0M)->0.0B(5944.0M) Survivors: 64.0M->56.0M Heap: 6535.3M(10000.0M)->596.4M(10000.0M)]
 [Times: user=0.18 sys=0.00, real=0.05 secs]
2021-03-29T13:32:16.607+0800: 45095.189: [GC pause (G1 Evacuation Pause) (young), 0.0420604 secs]
   [Parallel Time: 22.9 ms, GC Workers: 14]
      [GC Worker Start (ms): Min: 45095189.6, Avg: 45095193.8, Max: 45095196.5, Diff: 6.9]
      [Ext Root Scanning (ms): Min: 0.0, Avg: 0.6, Max: 2.8, Diff: 2.8, Sum: 7.8]
      [Update RS (ms): Min: 0.0, Avg: 1.6, Max: 4.2, Diff: 4.2, Sum: 23.1]
         [Processed Buffers: Min: 0, Avg: 7.9, Max: 22, Diff: 22, Sum: 111]
      [Scan RS (ms): Min: 0.0, Avg: 0.2, Max: 0.4, Diff: 0.3, Sum: 2.3]
      [Code Root Scanning (ms): Min: 0.0, Avg: 0.4, Max: 4.1, Diff: 4.1, Sum: 5.4]
      [Object Copy (ms): Min: 12.3, Avg: 15.6, Max: 16.1, Diff: 3.8, Sum: 217.9]
      [Termination (ms): Min: 0.0, Avg: 0.1, Max: 0.2, Diff: 0.1, Sum: 1.3]
         [Termination Attempts: Min: 1, Avg: 2.1, Max: 4, Diff: 3, Sum: 29]
      [GC Worker Other (ms): Min: 0.0, Avg: 0.1, Max: 0.2, Diff: 0.2, Sum: 1.3]
      [GC Worker Total (ms): Min: 15.9, Avg: 18.5, Max: 22.6, Diff: 6.8, Sum: 259.1]
      [GC Worker End (ms): Min: 45095212.2, Avg: 45095212.3, Max: 45095212.4, Diff: 0.2]
   [Code Root Fixup: 0.0 ms]
   [Code Root Purge: 0.0 ms]
   [Clear CT: 0.9 ms]
   [Other: 18.2 ms]
      [Choose CSet: 0.0 ms]
      [Ref Proc: 15.9 ms]
      [Ref Enq: 0.1 ms]
      [Redirty Cards: 0.3 ms]
      [Humongous Register: 0.1 ms]
      [Humongous Reclaim: 0.0 ms]
      [Free CSet: 1.5 ms]
   [Eden: 5944.0M(5944.0M)->0.0B(5936.0M) Survivors: 56.0M->64.0M Heap: 6540.4M(10000.0M)->609.0M(10000.0M)]
 [Times: user=0.17 sys=0.01, real=0.04 secs]
2021-03-29T13:39:38.977+0800: 45537.560: [GC pause (G1 Evacuation Pause) (young), 0.0492437 secs]
   [Parallel Time: 29.2 ms, GC Workers: 14]
      [GC Worker Start (ms): Min: 45537559.7, Avg: 45537566.1, Max: 45537580.5, Diff: 20.8]
      [Ext Root Scanning (ms): Min: 0.0, Avg: 0.6, Max: 2.9, Diff: 2.9, Sum: 8.9]
      [Update RS (ms): Min: 0.0, Avg: 3.4, Max: 15.0, Diff: 15.0, Sum: 48.1]
         [Processed Buffers: Min: 0, Avg: 8.2, Max: 23, Diff: 23, Sum: 115]
      [Scan RS (ms): Min: 0.0, Avg: 0.2, Max: 0.3, Diff: 0.3, Sum: 2.3]
      [Code Root Scanning (ms): Min: 0.0, Avg: 0.0, Max: 0.3, Diff: 0.3, Sum: 0.6]
      [Object Copy (ms): Min: 0.0, Avg: 10.7, Max: 22.6, Diff: 22.6, Sum: 149.2]
      [Termination (ms): Min: 0.0, Avg: 7.6, Max: 8.2, Diff: 8.2, Sum: 105.7]
         [Termination Attempts: Min: 1, Avg: 1.7, Max: 3, Diff: 2, Sum: 24]
      [GC Worker Other (ms): Min: 0.0, Avg: 0.1, Max: 0.2, Diff: 0.2, Sum: 1.0]
      [GC Worker Total (ms): Min: 8.1, Avg: 22.6, Max: 28.9, Diff: 20.8, Sum: 315.7]
      [GC Worker End (ms): Min: 45537588.6, Avg: 45537588.6, Max: 45537588.8, Diff: 0.2]
   [Code Root Fixup: 0.0 ms]
   [Code Root Purge: 0.0 ms]
   [Clear CT: 1.1 ms]
   [Other: 18.9 ms]
      [Choose CSet: 0.0 ms]
      [Ref Proc: 16.8 ms]
      [Ref Enq: 0.1 ms]
      [Redirty Cards: 0.4 ms]
      [Humongous Register: 0.1 ms]
      [Humongous Reclaim: 0.0 ms]
      [Free CSet: 1.3 ms]
   [Eden: 5936.0M(5936.0M)->0.0B(5940.0M) Survivors: 64.0M->60.0M Heap: 6545.0M(10000.0M)->611.0M(10000.0M)]
 [Times: user=0.24 sys=0.00, real=0.05 secs]
2021-03-29T13:47:38.457+0800: 46017.039: [GC pause (G1 Evacuation Pause) (young), 0.0470397 secs]
   [Parallel Time: 23.1 ms, GC Workers: 14]
      [GC Worker Start (ms): Min: 46017039.5, Avg: 46017050.4, Max: 46017062.2, Diff: 22.7]
      [Ext Root Scanning (ms): Min: 0.0, Avg: 0.6, Max: 3.1, Diff: 3.1, Sum: 8.2]
      [Update RS (ms): Min: 0.0, Avg: 1.9, Max: 4.9, Diff: 4.9, Sum: 26.3]
         [Processed Buffers: Min: 0, Avg: 8.6, Max: 28, Diff: 28, Sum: 121]
      [Scan RS (ms): Min: 0.0, Avg: 0.1, Max: 0.4, Diff: 0.3, Sum: 2.0]
      [Code Root Scanning (ms): Min: 0.0, Avg: 1.0, Max: 13.0, Diff: 13.0, Sum: 13.4]
      [Object Copy (ms): Min: 0.0, Avg: 8.0, Max: 16.0, Diff: 16.0, Sum: 111.8]
      [Termination (ms): Min: 0.0, Avg: 0.4, Max: 0.5, Diff: 0.5, Sum: 5.0]
         [Termination Attempts: Min: 1, Avg: 3.1, Max: 7, Diff: 6, Sum: 44]
      [GC Worker Other (ms): Min: 0.0, Avg: 0.1, Max: 0.2, Diff: 0.2, Sum: 1.3]
      [GC Worker Total (ms): Min: 0.1, Avg: 12.0, Max: 23.0, Diff: 22.9, Sum: 168.0]
      [GC Worker End (ms): Min: 46017062.3, Avg: 46017062.4, Max: 46017062.5, Diff: 0.2]
   [Code Root Fixup: 0.0 ms]
   [Code Root Purge: 0.0 ms]
   [Clear CT: 0.8 ms]
   [Other: 23.1 ms]
      [Choose CSet: 0.0 ms]
      [Ref Proc: 21.0 ms]
      [Ref Enq: 0.1 ms]
      [Redirty Cards: 0.3 ms]
      [Humongous Register: 0.1 ms]
      [Humongous Reclaim: 0.0 ms]
      [Free CSet: 1.3 ms]
   [Eden: 5940.0M(5940.0M)->0.0B(5948.0M) Survivors: 60.0M->52.0M Heap: 6551.0M(10000.0M)->606.2M(10000.0M)]
 [Times: user=0.22 sys=0.00, real=0.05 secs]
2021-03-29T13:59:03.136+0800: 46701.718: [GC pause (G1 Evacuation Pause) (young), 0.0777516 secs]
   [Parallel Time: 54.4 ms, GC Workers: 14]
      [GC Worker Start (ms): Min: 46701718.8, Avg: 46701721.1, Max: 46701724.7, Diff: 5.9]
      [Ext Root Scanning (ms): Min: 0.0, Avg: 0.8, Max: 4.6, Diff: 4.6, Sum: 11.7]
      [Update RS (ms): Min: 0.0, Avg: 2.1, Max: 4.5, Diff: 4.5, Sum: 29.8]
         [Processed Buffers: Min: 0, Avg: 7.4, Max: 29, Diff: 29, Sum: 104]
      [Scan RS (ms): Min: 0.0, Avg: 0.2, Max: 0.4, Diff: 0.3, Sum: 2.6]
      [Code Root Scanning (ms): Min: 0.0, Avg: 1.7, Max: 21.0, Diff: 21.0, Sum: 24.4]
      [Object Copy (ms): Min: 0.2, Avg: 17.7, Max: 44.8, Diff: 44.6, Sum: 247.9]
      [Termination (ms): Min: 0.0, Avg: 28.3, Max: 32.9, Diff: 32.9, Sum: 396.1]
         [Termination Attempts: Min: 1, Avg: 1.0, Max: 1, Diff: 0, Sum: 14]
      [GC Worker Other (ms): Min: 0.0, Avg: 0.1, Max: 0.2, Diff: 0.2, Sum: 1.0]
      [GC Worker Total (ms): Min: 47.3, Avg: 51.0, Max: 53.9, Diff: 6.6, Sum: 713.5]
      [GC Worker End (ms): Min: 46701772.0, Avg: 46701772.1, Max: 46701773.0, Diff: 1.0]
   [Code Root Fixup: 0.0 ms]
   [Code Root Purge: 0.0 ms]
   [Clear CT: 1.3 ms]
   [Other: 22.0 ms]
      [Choose CSet: 0.0 ms]
      [Ref Proc: 19.0 ms]
      [Ref Enq: 0.1 ms]
      [Redirty Cards: 0.4 ms]
      [Humongous Register: 0.2 ms]
      [Humongous Reclaim: 0.0 ms]
      [Free CSet: 1.9 ms]
   [Eden: 5948.0M(5948.0M)->0.0B(5932.0M) Survivors: 52.0M->68.0M Heap: 6554.2M(10000.0M)->623.2M(10000.0M)]
 [Times: user=0.43 sys=0.01, real=0.08 secs]
2021-03-29T14:09:08.183+0800: 47306.766: [GC pause (G1 Evacuation Pause) (young), 0.0795490 secs]
   [Parallel Time: 54.6 ms, GC Workers: 14]
      [GC Worker Start (ms): Min: 47306766.2, Avg: 47306774.9, Max: 47306787.9, Diff: 21.7]
      [Ext Root Scanning (ms): Min: 0.0, Avg: 0.8, Max: 4.2, Diff: 4.2, Sum: 11.7]
      [Update RS (ms): Min: 0.0, Avg: 1.5, Max: 4.1, Diff: 4.1, Sum: 21.5]
         [Processed Buffers: Min: 0, Avg: 7.9, Max: 21, Diff: 21, Sum: 110]
      [Scan RS (ms): Min: 0.0, Avg: 0.1, Max: 0.3, Diff: 0.3, Sum: 1.9]
      [Code Root Scanning (ms): Min: 0.0, Avg: 0.6, Max: 8.5, Diff: 8.5, Sum: 9.0]
      [Object Copy (ms): Min: 0.0, Avg: 12.0, Max: 47.9, Diff: 47.9, Sum: 167.3]
      [Termination (ms): Min: 0.0, Avg: 29.7, Max: 33.1, Diff: 33.1, Sum: 416.4]
         [Termination Attempts: Min: 1, Avg: 1.6, Max: 3, Diff: 2, Sum: 23]
      [GC Worker Other (ms): Min: 0.0, Avg: 0.1, Max: 0.2, Diff: 0.2, Sum: 1.2]
      [GC Worker Total (ms): Min: 31.9, Avg: 44.9, Max: 54.5, Diff: 22.6, Sum: 629.1]
      [GC Worker End (ms): Min: 47306819.7, Avg: 47306819.8, Max: 47306820.7, Diff: 1.0]
   [Code Root Fixup: 0.0 ms]
   [Code Root Purge: 0.0 ms]
   [Clear CT: 0.9 ms]
   [Other: 24.1 ms]
      [Choose CSet: 0.0 ms]
      [Ref Proc: 21.7 ms]
      [Ref Enq: 0.1 ms]
      [Redirty Cards: 0.4 ms]
      [Humongous Register: 0.1 ms]
      [Humongous Reclaim: 0.0 ms]
      [Free CSet: 1.4 ms]
   [Eden: 5932.0M(5932.0M)->0.0B(5940.0M) Survivors: 68.0M->60.0M Heap: 6555.2M(10000.0M)->621.0M(10000.0M)]
 [Times: user=0.47 sys=0.00, real=0.08 secs]
